[0.118s] Invoking command in '/home/cuma_karaaslan/ros2_urdf_ws/build/my_robot_bringup': CMAKE_PREFIX_PATH=${CMAKE_PREFIX_PATH}:/home/cuma_karaaslan/ros2_urdf_ws/install/robot_web_server:/home/cuma_karaaslan/ros2_urdf_ws/install/nav2_gps_waypoint_follower_demo:/opt/ros/jazzy DEBUGINFOD_URLS=https://debuginfod.ubuntu.com /usr/bin/cmake --build /home/cuma_karaaslan/ros2_urdf_ws/build/my_robot_bringup -- -j12 -l12
[1.055s] Invoked command in '/home/cuma_karaaslan/ros2_urdf_ws/build/my_robot_bringup' returned '0': CMAKE_PREFIX_PATH=${CMAKE_PREFIX_PATH}:/home/cuma_karaaslan/ros2_urdf_ws/install/robot_web_server:/home/cuma_karaaslan/ros2_urdf_ws/install/nav2_gps_waypoint_follower_demo:/opt/ros/jazzy DEBUGINFOD_URLS=https://debuginfod.ubuntu.com /usr/bin/cmake --build /home/cuma_karaaslan/ros2_urdf_ws/build/my_robot_bringup -- -j12 -l12
[1.080s] Invoking command in '/home/cuma_karaaslan/ros2_urdf_ws/build/my_robot_bringup': CMAKE_PREFIX_PATH=${CMAKE_PREFIX_PATH}:/home/cuma_karaaslan/ros2_urdf_ws/install/robot_web_server:/home/cuma_karaaslan/ros2_urdf_ws/install/nav2_gps_waypoint_follower_demo:/opt/ros/jazzy DEBUGINFOD_URLS=https://debuginfod.ubuntu.com /usr/bin/cmake --install /home/cuma_karaaslan/ros2_urdf_ws/build/my_robot_bringup
[1.104s] -- Install configuration: ""
[1.107s] -- Up-to-date: /home/cuma_karaaslan/ros2_urdf_ws/install/my_robot_bringup/share/my_robot_bringup//launch
[1.108s] -- Up-to-date: /home/cuma_karaaslan/ros2_urdf_ws/install/my_robot_bringup/share/my_robot_bringup//launch/my_robot_gazebo.launch.py
[1.109s] -- Installing: /home/cuma_karaaslan/ros2_urdf_ws/install/my_robot_bringup/share/my_robot_bringup//launch/amiga_bringup.launch.py
[1.110s] -- Up-to-date: /home/cuma_karaaslan/ros2_urdf_ws/install/my_robot_bringup/share/my_robot_bringup//launch/amiga_navsat_ekf.launch.py
[1.110s] -- Up-to-date: /home/cuma_karaaslan/ros2_urdf_ws/install/my_robot_bringup/share/my_robot_bringup//launch/amiga_navigation.launch.py
[1.112s] -- Up-to-date: /home/cuma_karaaslan/ros2_urdf_ws/install/my_robot_bringup/share/my_robot_bringup//launch/ekf_navsat.launch.py
[1.113s] -- Up-to-date: /home/cuma_karaaslan/ros2_urdf_ws/install/my_robot_bringup/share/my_robot_bringup//launch/my_robot_gazebo.launch.xml
[1.115s] -- Up-to-date: /home/cuma_karaaslan/ros2_urdf_ws/install/my_robot_bringup/share/my_robot_bringup//launch/bringup_withgazebo.launch.py
[1.117s] -- Up-to-date: /home/cuma_karaaslan/ros2_urdf_ws/install/my_robot_bringup/share/my_robot_bringup//launch/amiga_ekf.launch.py
[1.118s] -- Up-to-date: /home/cuma_karaaslan/ros2_urdf_ws/install/my_robot_bringup/share/my_robot_bringup//launch/map_server.launch.py
[1.119s] -- Up-to-date: /home/cuma_karaaslan/ros2_urdf_ws/install/my_robot_bringup/share/my_robot_bringup//config
[1.121s] -- Up-to-date: /home/cuma_karaaslan/ros2_urdf_ws/install/my_robot_bringup/share/my_robot_bringup//config/navsat_ekf.yaml
[1.121s] -- Up-to-date: /home/cuma_karaaslan/ros2_urdf_ws/install/my_robot_bringup/share/my_robot_bringup//config/amiga_eski.yaml
[1.121s] -- Up-to-date: /home/cuma_karaaslan/ros2_urdf_ws/install/my_robot_bringup/share/my_robot_bringup//config/gazebo_bridge.yaml
[1.121s] -- Up-to-date: /home/cuma_karaaslan/ros2_urdf_ws/install/my_robot_bringup/share/my_robot_bringup//config/navsat_ekf2.yaml
[1.122s] -- Up-to-date: /home/cuma_karaaslan/ros2_urdf_ws/install/my_robot_bringup/share/my_robot_bringup//config/amiga_ekf.yaml
[1.122s] -- Installing: /home/cuma_karaaslan/ros2_urdf_ws/install/my_robot_bringup/share/my_robot_bringup//config/navsat_amiga.yaml
[1.123s] -- Up-to-date: /home/cuma_karaaslan/ros2_urdf_ws/install/my_robot_bringup/share/ament_index/resource_index/package_run_dependencies/my_robot_bringup
[1.123s] -- Up-to-date: /home/cuma_karaaslan/ros2_urdf_ws/install/my_robot_bringup/share/ament_index/resource_index/parent_prefix_path/my_robot_bringup
[1.126s] -- Up-to-date: /home/cuma_karaaslan/ros2_urdf_ws/install/my_robot_bringup/share/my_robot_bringup/environment/ament_prefix_path.sh
[1.127s] -- Up-to-date: /home/cuma_karaaslan/ros2_urdf_ws/install/my_robot_bringup/share/my_robot_bringup/environment/ament_prefix_path.dsv
[1.131s] -- Up-to-date: /home/cuma_karaaslan/ros2_urdf_ws/install/my_robot_bringup/share/my_robot_bringup/environment/path.sh
[1.131s] -- Up-to-date: /home/cuma_karaaslan/ros2_urdf_ws/install/my_robot_bringup/share/my_robot_bringup/environment/path.dsv
[1.132s] -- Up-to-date: /home/cuma_karaaslan/ros2_urdf_ws/install/my_robot_bringup/share/my_robot_bringup/local_setup.bash
[1.132s] -- Up-to-date: /home/cuma_karaaslan/ros2_urdf_ws/install/my_robot_bringup/share/my_robot_bringup/local_setup.sh
[1.132s] -- Up-to-date: /home/cuma_karaaslan/ros2_urdf_ws/install/my_robot_bringup/share/my_robot_bringup/local_setup.zsh
[1.139s] -- Up-to-date: /home/cuma_karaaslan/ros2_urdf_ws/install/my_robot_bringup/share/my_robot_bringup/local_setup.dsv
[1.139s] -- Installing: /home/cuma_karaaslan/ros2_urdf_ws/install/my_robot_bringup/share/my_robot_bringup/package.dsv
[1.140s] -- Up-to-date: /home/cuma_karaaslan/ros2_urdf_ws/install/my_robot_bringup/share/ament_index/resource_index/packages/my_robot_bringup
[1.140s] -- Up-to-date: /home/cuma_karaaslan/ros2_urdf_ws/install/my_robot_bringup/share/my_robot_bringup/cmake/my_robot_bringupConfig.cmake
[1.140s] -- Up-to-date: /home/cuma_karaaslan/ros2_urdf_ws/install/my_robot_bringup/share/my_robot_bringup/cmake/my_robot_bringupConfig-version.cmake
[1.140s] -- Up-to-date: /home/cuma_karaaslan/ros2_urdf_ws/install/my_robot_bringup/share/my_robot_bringup/package.xml
[1.216s] Invoked command in '/home/cuma_karaaslan/ros2_urdf_ws/build/my_robot_bringup' returned '0': CMAKE_PREFIX_PATH=${CMAKE_PREFIX_PATH}:/home/cuma_karaaslan/ros2_urdf_ws/install/robot_web_server:/home/cuma_karaaslan/ros2_urdf_ws/install/nav2_gps_waypoint_follower_demo:/opt/ros/jazzy DEBUGINFOD_URLS=https://debuginfod.ubuntu.com /usr/bin/cmake --install /home/cuma_karaaslan/ros2_urdf_ws/build/my_robot_bringup
