[0.072s] Invoking command in '/home/cuma_karaaslan/ros2_urdf_ws/build/my_robot_description': CMAKE_PREFIX_PATH=${CMAKE_PREFIX_PATH}:/opt/ros/jazzy DEBUGINFOD_URLS=https://debuginfod.ubuntu.com /usr/bin/cmake --build /home/cuma_karaaslan/ros2_urdf_ws/build/my_robot_description -- -j12 -l12
[0.870s] Invoked command in '/home/cuma_karaaslan/ros2_urdf_ws/build/my_robot_description' returned '0': CMAKE_PREFIX_PATH=${CMAKE_PREFIX_PATH}:/opt/ros/jazzy DEBUGINFOD_URLS=https://debuginfod.ubuntu.com /usr/bin/cmake --build /home/cuma_karaaslan/ros2_urdf_ws/build/my_robot_description -- -j12 -l12
[0.872s] Invoking command in '/home/cuma_karaaslan/ros2_urdf_ws/build/my_robot_description': CMAKE_PREFIX_PATH=${CMAKE_PREFIX_PATH}:/opt/ros/jazzy DEBUGINFOD_URLS=https://debuginfod.ubuntu.com /usr/bin/cmake --install /home/cuma_karaaslan/ros2_urdf_ws/build/my_robot_description
[0.887s] -- Install configuration: ""
[0.890s] -- Up-to-date: /home/cuma_karaaslan/ros2_urdf_ws/install/my_robot_description/share/my_robot_description//urdf
[0.891s] -- Up-to-date: /home/cuma_karaaslan/ros2_urdf_ws/install/my_robot_description/share/my_robot_description//urdf/camera.xacro
[0.891s] -- Up-to-date: /home/cuma_karaaslan/ros2_urdf_ws/install/my_robot_description/share/my_robot_description//urdf/tank_lidar_on_top.urdf
[0.892s] -- Up-to-date: /home/cuma_karaaslan/ros2_urdf_ws/install/my_robot_description/share/my_robot_description//urdf/imu.xacro
[0.892s] -- Up-to-date: /home/cuma_karaaslan/ros2_urdf_ws/install/my_robot_description/share/my_robot_description//urdf/common_properties.xacro
[0.892s] -- Up-to-date: /home/cuma_karaaslan/ros2_urdf_ws/install/my_robot_description/share/my_robot_description//urdf/mobile_base_gazebo.xacro
[0.892s] -- Up-to-date: /home/cuma_karaaslan/ros2_urdf_ws/install/my_robot_description/share/my_robot_description//urdf/my_robot.sdf.xacro
[0.893s] -- Up-to-date: /home/cuma_karaaslan/ros2_urdf_ws/install/my_robot_description/share/my_robot_description//urdf/my_robot.urdf.xacro
[0.893s] -- Up-to-date: /home/cuma_karaaslan/ros2_urdf_ws/install/my_robot_description/share/my_robot_description//urdf/gps.xacro
[0.894s] -- Up-to-date: /home/cuma_karaaslan/ros2_urdf_ws/install/my_robot_description/share/my_robot_description//urdf/mobile_base.xacro
[0.894s] -- Up-to-date: /home/cuma_karaaslan/ros2_urdf_ws/install/my_robot_description/share/my_robot_description//urdf/lidar.xacro
[0.894s] -- Up-to-date: /home/cuma_karaaslan/ros2_urdf_ws/install/my_robot_description/share/my_robot_description//urdf/depth_camera.xacro
[0.896s] -- Up-to-date: /home/cuma_karaaslan/ros2_urdf_ws/install/my_robot_description/share/my_robot_description//launch
[0.898s] -- Up-to-date: /home/cuma_karaaslan/ros2_urdf_ws/install/my_robot_description/share/my_robot_description//launch/display.launch.xml
[0.898s] -- Up-to-date: /home/cuma_karaaslan/ros2_urdf_ws/install/my_robot_description/share/my_robot_description//launch/display.launch.py
[0.899s] -- Up-to-date: /home/cuma_karaaslan/ros2_urdf_ws/install/my_robot_description/share/my_robot_description//launch/display_tank.launch.xml
[0.900s] -- Up-to-date: /home/cuma_karaaslan/ros2_urdf_ws/install/my_robot_description/share/my_robot_description//rviz
[0.901s] -- Up-to-date: /home/cuma_karaaslan/ros2_urdf_ws/install/my_robot_description/share/my_robot_description//rviz/urdf_config.rviz
[0.903s] -- Up-to-date: /home/cuma_karaaslan/ros2_urdf_ws/install/my_robot_description/share/my_robot_description//meshes
[0.905s] -- Up-to-date: /home/cuma_karaaslan/ros2_urdf_ws/install/my_robot_description/share/my_robot_description//meshes/world_demo.sdf
[0.905s] -- Up-to-date: /home/cuma_karaaslan/ros2_urdf_ws/install/my_robot_description/share/my_robot_description//meshes/base_robot_amiga.dae
[0.906s] -- Up-to-date: /home/cuma_karaaslan/ros2_urdf_ws/install/my_robot_description/share/my_robot_description//meshes/AgroOtoT2.dae
[0.907s] -- Up-to-date: /home/cuma_karaaslan/ros2_urdf_ws/install/my_robot_description/share/my_robot_description//meshes/deneme.dae
[0.907s] -- Up-to-date: /home/cuma_karaaslan/ros2_urdf_ws/install/my_robot_description/share/my_robot_description//meshes/wheel.dae
[0.908s] -- Up-to-date: /home/cuma_karaaslan/ros2_urdf_ws/install/my_robot_description/share/my_robot_description//meshes/AgroOtoT2_tireless.dae
[0.909s] -- Up-to-date: /home/cuma_karaaslan/ros2_urdf_ws/install/my_robot_description/share/ament_index/resource_index/package_run_dependencies/my_robot_description
[0.909s] -- Up-to-date: /home/cuma_karaaslan/ros2_urdf_ws/install/my_robot_description/share/ament_index/resource_index/parent_prefix_path/my_robot_description
[0.909s] -- Up-to-date: /home/cuma_karaaslan/ros2_urdf_ws/install/my_robot_description/share/my_robot_description/environment/ament_prefix_path.sh
[0.910s] -- Up-to-date: /home/cuma_karaaslan/ros2_urdf_ws/install/my_robot_description/share/my_robot_description/environment/ament_prefix_path.dsv
[0.923s] -- Up-to-date: /home/cuma_karaaslan/ros2_urdf_ws/install/my_robot_description/share/my_robot_description/environment/path.sh
[0.923s] -- Up-to-date: /home/cuma_karaaslan/ros2_urdf_ws/install/my_robot_description/share/my_robot_description/environment/path.dsv
[0.924s] -- Up-to-date: /home/cuma_karaaslan/ros2_urdf_ws/install/my_robot_description/share/my_robot_description/local_setup.bash
[0.924s] -- Up-to-date: /home/cuma_karaaslan/ros2_urdf_ws/install/my_robot_description/share/my_robot_description/local_setup.sh
[0.926s] -- Up-to-date: /home/cuma_karaaslan/ros2_urdf_ws/install/my_robot_description/share/my_robot_description/local_setup.zsh
[0.926s] -- Up-to-date: /home/cuma_karaaslan/ros2_urdf_ws/install/my_robot_description/share/my_robot_description/local_setup.dsv
[0.927s] -- Up-to-date: /home/cuma_karaaslan/ros2_urdf_ws/install/my_robot_description/share/my_robot_description/package.dsv
[0.928s] -- Up-to-date: /home/cuma_karaaslan/ros2_urdf_ws/install/my_robot_description/share/ament_index/resource_index/packages/my_robot_description
[0.929s] -- Up-to-date: /home/cuma_karaaslan/ros2_urdf_ws/install/my_robot_description/share/my_robot_description/cmake/my_robot_descriptionConfig.cmake
[0.930s] -- Up-to-date: /home/cuma_karaaslan/ros2_urdf_ws/install/my_robot_description/share/my_robot_description/cmake/my_robot_descriptionConfig-version.cmake
[0.931s] -- Up-to-date: /home/cuma_karaaslan/ros2_urdf_ws/install/my_robot_description/share/my_robot_description/package.xml
[0.938s] Invoked command in '/home/cuma_karaaslan/ros2_urdf_ws/build/my_robot_description' returned '0': CMAKE_PREFIX_PATH=${CMAKE_PREFIX_PATH}:/opt/ros/jazzy DEBUGINFOD_URLS=https://debuginfod.ubuntu.com /usr/bin/cmake --install /home/cuma_karaaslan/ros2_urdf_ws/build/my_robot_description
