-- Install configuration: ""
-- Up-to-date: /home/cuma_karaaslan/ros2_urdf_ws/install/my_robot_description/share/my_robot_description//urdf
-- Up-to-date: /home/cuma_karaaslan/ros2_urdf_ws/install/my_robot_description/share/my_robot_description//urdf/camera.xacro
-- Up-to-date: /home/cuma_karaaslan/ros2_urdf_ws/install/my_robot_description/share/my_robot_description//urdf/tank_lidar_on_top.urdf
-- Up-to-date: /home/cuma_karaaslan/ros2_urdf_ws/install/my_robot_description/share/my_robot_description//urdf/imu.xacro
-- Up-to-date: /home/cuma_karaaslan/ros2_urdf_ws/install/my_robot_description/share/my_robot_description//urdf/common_properties.xacro
-- Up-to-date: /home/cuma_karaaslan/ros2_urdf_ws/install/my_robot_description/share/my_robot_description//urdf/mobile_base_gazebo.xacro
-- Up-to-date: /home/cuma_karaaslan/ros2_urdf_ws/install/my_robot_description/share/my_robot_description//urdf/my_robot.sdf.xacro
-- Up-to-date: /home/cuma_karaaslan/ros2_urdf_ws/install/my_robot_description/share/my_robot_description//urdf/my_robot.urdf.xacro
-- Up-to-date: /home/cuma_karaaslan/ros2_urdf_ws/install/my_robot_description/share/my_robot_description//urdf/gps.xacro
-- Up-to-date: /home/cuma_karaaslan/ros2_urdf_ws/install/my_robot_description/share/my_robot_description//urdf/mobile_base.xacro
-- Up-to-date: /home/cuma_karaaslan/ros2_urdf_ws/install/my_robot_description/share/my_robot_description//urdf/lidar.xacro
-- Up-to-date: /home/cuma_karaaslan/ros2_urdf_ws/install/my_robot_description/share/my_robot_description//urdf/depth_camera.xacro
-- Up-to-date: /home/cuma_karaaslan/ros2_urdf_ws/install/my_robot_description/share/my_robot_description//launch
-- Up-to-date: /home/cuma_karaaslan/ros2_urdf_ws/install/my_robot_description/share/my_robot_description//launch/display.launch.xml
-- Up-to-date: /home/cuma_karaaslan/ros2_urdf_ws/install/my_robot_description/share/my_robot_description//launch/display.launch.py
-- Up-to-date: /home/cuma_karaaslan/ros2_urdf_ws/install/my_robot_description/share/my_robot_description//launch/display_tank.launch.xml
-- Up-to-date: /home/cuma_karaaslan/ros2_urdf_ws/install/my_robot_description/share/my_robot_description//rviz
-- Up-to-date: /home/cuma_karaaslan/ros2_urdf_ws/install/my_robot_description/share/my_robot_description//rviz/urdf_config.rviz
-- Up-to-date: /home/cuma_karaaslan/ros2_urdf_ws/install/my_robot_description/share/my_robot_description//meshes
-- Up-to-date: /home/cuma_karaaslan/ros2_urdf_ws/install/my_robot_description/share/my_robot_description//meshes/world_demo.sdf
-- Up-to-date: /home/cuma_karaaslan/ros2_urdf_ws/install/my_robot_description/share/my_robot_description//meshes/base_robot_amiga.dae
-- Up-to-date: /home/cuma_karaaslan/ros2_urdf_ws/install/my_robot_description/share/my_robot_description//meshes/AgroOtoT2.dae
-- Up-to-date: /home/cuma_karaaslan/ros2_urdf_ws/install/my_robot_description/share/my_robot_description//meshes/deneme.dae
-- Up-to-date: /home/cuma_karaaslan/ros2_urdf_ws/install/my_robot_description/share/my_robot_description//meshes/wheel.dae
-- Up-to-date: /home/cuma_karaaslan/ros2_urdf_ws/install/my_robot_description/share/my_robot_description//meshes/AgroOtoT2_tireless.dae
-- Up-to-date: /home/cuma_karaaslan/ros2_urdf_ws/install/my_robot_description/share/ament_index/resource_index/package_run_dependencies/my_robot_description
-- Up-to-date: /home/cuma_karaaslan/ros2_urdf_ws/install/my_robot_description/share/ament_index/resource_index/parent_prefix_path/my_robot_description
-- Up-to-date: /home/cuma_karaaslan/ros2_urdf_ws/install/my_robot_description/share/my_robot_description/environment/ament_prefix_path.sh
-- Up-to-date: /home/cuma_karaaslan/ros2_urdf_ws/install/my_robot_description/share/my_robot_description/environment/ament_prefix_path.dsv
-- Up-to-date: /home/cuma_karaaslan/ros2_urdf_ws/install/my_robot_description/share/my_robot_description/environment/path.sh
-- Up-to-date: /home/cuma_karaaslan/ros2_urdf_ws/install/my_robot_description/share/my_robot_description/environment/path.dsv
-- Up-to-date: /home/cuma_karaaslan/ros2_urdf_ws/install/my_robot_description/share/my_robot_description/local_setup.bash
-- Up-to-date: /home/cuma_karaaslan/ros2_urdf_ws/install/my_robot_description/share/my_robot_description/local_setup.sh
-- Up-to-date: /home/cuma_karaaslan/ros2_urdf_ws/install/my_robot_description/share/my_robot_description/local_setup.zsh
-- Up-to-date: /home/cuma_karaaslan/ros2_urdf_ws/install/my_robot_description/share/my_robot_description/local_setup.dsv
-- Installing: /home/cuma_karaaslan/ros2_urdf_ws/install/my_robot_description/share/my_robot_description/package.dsv
-- Up-to-date: /home/cuma_karaaslan/ros2_urdf_ws/install/my_robot_description/share/ament_index/resource_index/packages/my_robot_description
-- Up-to-date: /home/cuma_karaaslan/ros2_urdf_ws/install/my_robot_description/share/my_robot_description/cmake/my_robot_descriptionConfig.cmake
-- Up-to-date: /home/cuma_karaaslan/ros2_urdf_ws/install/my_robot_description/share/my_robot_description/cmake/my_robot_descriptionConfig-version.cmake
-- Up-to-date: /home/cuma_karaaslan/ros2_urdf_ws/install/my_robot_description/share/my_robot_description/package.xml
