[0.109s] Invoking command in '/home/cuma_karaaslan/ros2_urdf_ws/build/my_robot_description': CMAKE_PREFIX_PATH=${CMAKE_PREFIX_PATH}:/home/cuma_karaaslan/ros2_urdf_ws/install/robot_web_server:/home/cuma_karaaslan/ros2_urdf_ws/install/nav2_gps_waypoint_follower_demo:/opt/ros/jazzy DEBUGINFOD_URLS=https://debuginfod.ubuntu.com /usr/bin/cmake --build /home/cuma_karaaslan/ros2_urdf_ws/build/my_robot_description -- -j12 -l12
[1.061s] Invoked command in '/home/cuma_karaaslan/ros2_urdf_ws/build/my_robot_description' returned '0': CMAKE_PREFIX_PATH=${CMAKE_PREFIX_PATH}:/home/cuma_karaaslan/ros2_urdf_ws/install/robot_web_server:/home/cuma_karaaslan/ros2_urdf_ws/install/nav2_gps_waypoint_follower_demo:/opt/ros/jazzy DEBUGINFOD_URLS=https://debuginfod.ubuntu.com /usr/bin/cmake --build /home/cuma_karaaslan/ros2_urdf_ws/build/my_robot_description -- -j12 -l12
[1.064s] Invoking command in '/home/cuma_karaaslan/ros2_urdf_ws/build/my_robot_description': CMAKE_PREFIX_PATH=${CMAKE_PREFIX_PATH}:/home/cuma_karaaslan/ros2_urdf_ws/install/robot_web_server:/home/cuma_karaaslan/ros2_urdf_ws/install/nav2_gps_waypoint_follower_demo:/opt/ros/jazzy DEBUGINFOD_URLS=https://debuginfod.ubuntu.com /usr/bin/cmake --install /home/cuma_karaaslan/ros2_urdf_ws/build/my_robot_description
[1.100s] -- Install configuration: ""
[1.107s] -- Up-to-date: /home/cuma_karaaslan/ros2_urdf_ws/install/my_robot_description/share/my_robot_description//urdf
[1.107s] -- Up-to-date: /home/cuma_karaaslan/ros2_urdf_ws/install/my_robot_description/share/my_robot_description//urdf/camera.xacro
[1.107s] -- Up-to-date: /home/cuma_karaaslan/ros2_urdf_ws/install/my_robot_description/share/my_robot_description//urdf/tank_lidar_on_top.urdf
[1.108s] -- Up-to-date: /home/cuma_karaaslan/ros2_urdf_ws/install/my_robot_description/share/my_robot_description//urdf/imu.xacro
[1.108s] -- Up-to-date: /home/cuma_karaaslan/ros2_urdf_ws/install/my_robot_description/share/my_robot_description//urdf/common_properties.xacro
[1.108s] -- Up-to-date: /home/cuma_karaaslan/ros2_urdf_ws/install/my_robot_description/share/my_robot_description//urdf/mobile_base_gazebo.xacro
[1.108s] -- Up-to-date: /home/cuma_karaaslan/ros2_urdf_ws/install/my_robot_description/share/my_robot_description//urdf/my_robot.sdf.xacro
[1.108s] -- Up-to-date: /home/cuma_karaaslan/ros2_urdf_ws/install/my_robot_description/share/my_robot_description//urdf/my_robot.urdf.xacro
[1.108s] -- Up-to-date: /home/cuma_karaaslan/ros2_urdf_ws/install/my_robot_description/share/my_robot_description//urdf/gps.xacro
[1.109s] -- Up-to-date: /home/cuma_karaaslan/ros2_urdf_ws/install/my_robot_description/share/my_robot_description//urdf/mobile_base.xacro
[1.109s] -- Up-to-date: /home/cuma_karaaslan/ros2_urdf_ws/install/my_robot_description/share/my_robot_description//urdf/lidar.xacro
[1.109s] -- Up-to-date: /home/cuma_karaaslan/ros2_urdf_ws/install/my_robot_description/share/my_robot_description//urdf/depth_camera.xacro
[1.109s] -- Up-to-date: /home/cuma_karaaslan/ros2_urdf_ws/install/my_robot_description/share/my_robot_description//launch
[1.109s] -- Up-to-date: /home/cuma_karaaslan/ros2_urdf_ws/install/my_robot_description/share/my_robot_description//launch/display.launch.xml
[1.109s] -- Up-to-date: /home/cuma_karaaslan/ros2_urdf_ws/install/my_robot_description/share/my_robot_description//launch/display.launch.py
[1.109s] -- Up-to-date: /home/cuma_karaaslan/ros2_urdf_ws/install/my_robot_description/share/my_robot_description//launch/display_tank.launch.xml
[1.110s] -- Up-to-date: /home/cuma_karaaslan/ros2_urdf_ws/install/my_robot_description/share/my_robot_description//rviz
[1.110s] -- Up-to-date: /home/cuma_karaaslan/ros2_urdf_ws/install/my_robot_description/share/my_robot_description//rviz/urdf_config.rviz
[1.110s] -- Up-to-date: /home/cuma_karaaslan/ros2_urdf_ws/install/my_robot_description/share/my_robot_description//meshes
[1.110s] -- Up-to-date: /home/cuma_karaaslan/ros2_urdf_ws/install/my_robot_description/share/my_robot_description//meshes/world_demo.sdf
[1.110s] -- Up-to-date: /home/cuma_karaaslan/ros2_urdf_ws/install/my_robot_description/share/my_robot_description//meshes/base_robot_amiga.dae
[1.110s] -- Up-to-date: /home/cuma_karaaslan/ros2_urdf_ws/install/my_robot_description/share/my_robot_description//meshes/AgroOtoT2.dae
[1.110s] -- Up-to-date: /home/cuma_karaaslan/ros2_urdf_ws/install/my_robot_description/share/my_robot_description//meshes/deneme.dae
[1.111s] -- Up-to-date: /home/cuma_karaaslan/ros2_urdf_ws/install/my_robot_description/share/my_robot_description//meshes/wheel.dae
[1.111s] -- Up-to-date: /home/cuma_karaaslan/ros2_urdf_ws/install/my_robot_description/share/my_robot_description//meshes/AgroOtoT2_tireless.dae
[1.116s] -- Up-to-date: /home/cuma_karaaslan/ros2_urdf_ws/install/my_robot_description/share/ament_index/resource_index/package_run_dependencies/my_robot_description
[1.117s] -- Up-to-date: /home/cuma_karaaslan/ros2_urdf_ws/install/my_robot_description/share/ament_index/resource_index/parent_prefix_path/my_robot_description
[1.117s] -- Up-to-date: /home/cuma_karaaslan/ros2_urdf_ws/install/my_robot_description/share/my_robot_description/environment/ament_prefix_path.sh
[1.117s] -- Up-to-date: /home/cuma_karaaslan/ros2_urdf_ws/install/my_robot_description/share/my_robot_description/environment/ament_prefix_path.dsv
[1.117s] -- Up-to-date: /home/cuma_karaaslan/ros2_urdf_ws/install/my_robot_description/share/my_robot_description/environment/path.sh
[1.117s] -- Up-to-date: /home/cuma_karaaslan/ros2_urdf_ws/install/my_robot_description/share/my_robot_description/environment/path.dsv
[1.117s] -- Up-to-date: /home/cuma_karaaslan/ros2_urdf_ws/install/my_robot_description/share/my_robot_description/local_setup.bash
[1.117s] -- Up-to-date: /home/cuma_karaaslan/ros2_urdf_ws/install/my_robot_description/share/my_robot_description/local_setup.sh
[1.118s] -- Up-to-date: /home/cuma_karaaslan/ros2_urdf_ws/install/my_robot_description/share/my_robot_description/local_setup.zsh
[1.118s] -- Up-to-date: /home/cuma_karaaslan/ros2_urdf_ws/install/my_robot_description/share/my_robot_description/local_setup.dsv
[1.118s] -- Installing: /home/cuma_karaaslan/ros2_urdf_ws/install/my_robot_description/share/my_robot_description/package.dsv
[1.120s] -- Up-to-date: /home/cuma_karaaslan/ros2_urdf_ws/install/my_robot_description/share/ament_index/resource_index/packages/my_robot_description
[1.120s] -- Up-to-date: /home/cuma_karaaslan/ros2_urdf_ws/install/my_robot_description/share/my_robot_description/cmake/my_robot_descriptionConfig.cmake
[1.120s] -- Up-to-date: /home/cuma_karaaslan/ros2_urdf_ws/install/my_robot_description/share/my_robot_description/cmake/my_robot_descriptionConfig-version.cmake
[1.121s] -- Up-to-date: /home/cuma_karaaslan/ros2_urdf_ws/install/my_robot_description/share/my_robot_description/package.xml
[1.164s] Invoked command in '/home/cuma_karaaslan/ros2_urdf_ws/build/my_robot_description' returned '0': CMAKE_PREFIX_PATH=${CMAKE_PREFIX_PATH}:/home/cuma_karaaslan/ros2_urdf_ws/install/robot_web_server:/home/cuma_karaaslan/ros2_urdf_ws/install/nav2_gps_waypoint_follower_demo:/opt/ros/jazzy DEBUGINFOD_URLS=https://debuginfod.ubuntu.com /usr/bin/cmake --install /home/cuma_karaaslan/ros2_urdf_ws/build/my_robot_description
