[0.158s] DEBUG:colcon:Command line arguments: ['/usr/bin/colcon', 'build']
[0.158s] DEBUG:colcon:Parsed command line arguments: Namespace(log_base=None, log_level=None, verb_name='build', build_base='build', install_base='install', merge_install=False, symlink_install=False, test_result_base=None, continue_on_error=False, executor='parallel', parallel_workers=12, event_handlers=None, ignore_user_meta=False, metas=['./colcon.meta'], base_paths=['.'], packages_ignore=None, packages_ignore_regex=None, paths=None, packages_up_to=None, packages_up_to_regex=None, packages_above=None, packages_above_and_dependencies=None, packages_above_depth=None, packages_select_by_dep=None, packages_skip_by_dep=None, packages_skip_up_to=None, packages_select_build_failed=False, packages_skip_build_finished=False, packages_select_test_failures=False, packages_skip_test_passed=False, packages_select=None, packages_skip=None, packages_select_regex=None, packages_skip_regex=None, packages_start=None, packages_end=None, allow_overriding=[], cmake_args=None, cmake_target=None, cmake_target_skip_unavailable=False, cmake_clean_cache=False, cmake_clean_first=False, cmake_force_configure=False, ament_cmake_args=None, catkin_cmake_args=None, catkin_skip_building_tests=False, mixin_files=None, mixin=None, verb_parser=<colcon_mixin.mixin.mixin_argument.MixinArgumentDecorator object at 0x77eafafd05f0>, verb_extension=<colcon_core.verb.build.BuildVerb object at 0x77eafafd02c0>, main=<bound method BuildVerb.main of <colcon_core.verb.build.BuildVerb object at 0x77eafafd02c0>>, mixin_verb=('build',))
[0.221s] Level 1:colcon.colcon_core.package_discovery:discover_packages(colcon_meta) check parameters
[0.221s] Level 1:colcon.colcon_core.package_discovery:discover_packages(recursive) check parameters
[0.221s] Level 1:colcon.colcon_core.package_discovery:discover_packages(ignore) check parameters
[0.221s] Level 1:colcon.colcon_core.package_discovery:discover_packages(path) check parameters
[0.221s] Level 1:colcon.colcon_core.package_discovery:discover_packages(colcon_meta) discover
[0.221s] Level 1:colcon.colcon_core.package_discovery:discover_packages(recursive) discover
[0.221s] INFO:colcon.colcon_core.package_discovery:Crawling recursively for packages in '/home/cuma_karaaslan/ros2_urdf_ws'
[0.221s] Level 1:colcon.colcon_core.package_identification:_identify(.) by extensions ['ignore', 'ignore_ament_install']
[0.222s] Level 1:colcon.colcon_core.package_identification:_identify(.) by extension 'ignore'
[0.222s] Level 1:colcon.colcon_core.package_identification:_identify(.) by extension 'ignore_ament_install'
[0.222s] Level 1:colcon.colcon_core.package_identification:_identify(.) by extensions ['colcon_pkg']
[0.222s] Level 1:colcon.colcon_core.package_identification:_identify(.) by extension 'colcon_pkg'
[0.222s] Level 1:colcon.colcon_core.package_identification:_identify(.) by extensions ['colcon_meta']
[0.222s] Level 1:colcon.colcon_core.package_identification:_identify(.) by extension 'colcon_meta'
[0.222s] Level 1:colcon.colcon_core.package_identification:_identify(.) by extensions ['ros']
[0.222s] Level 1:colcon.colcon_core.package_identification:_identify(.) by extension 'ros'
[0.261s] Level 1:colcon.colcon_core.package_identification:_identify(.) by extensions ['cmake', 'python']
[0.262s] Level 1:colcon.colcon_core.package_identification:_identify(.) by extension 'cmake'
[0.262s] Level 1:colcon.colcon_core.package_identification:_identify(.) by extension 'python'
[0.262s] Level 1:colcon.colcon_core.package_identification:_identify(.) by extensions ['python_setup_py']
[0.262s] Level 1:colcon.colcon_core.package_identification:_identify(.) by extension 'python_setup_py'
[0.262s] Level 1:colcon.colcon_core.package_identification:_identify(build) by extensions ['ignore', 'ignore_ament_install']
[0.262s] Level 1:colcon.colcon_core.package_identification:_identify(build) by extension 'ignore'
[0.262s] Level 1:colcon.colcon_core.package_identification:_identify(build) ignored
[0.262s] Level 1:colcon.colcon_core.package_identification:_identify(install) by extensions ['ignore', 'ignore_ament_install']
[0.263s] Level 1:colcon.colcon_core.package_identification:_identify(install) by extension 'ignore'
[0.263s] Level 1:colcon.colcon_core.package_identification:_identify(install) ignored
[0.263s] Level 1:colcon.colcon_core.package_identification:_identify(log) by extensions ['ignore', 'ignore_ament_install']
[0.263s] Level 1:colcon.colcon_core.package_identification:_identify(log) by extension 'ignore'
[0.263s] Level 1:colcon.colcon_core.package_identification:_identify(log) ignored
[0.263s] Level 1:colcon.colcon_core.package_identification:_identify(navigation2_tutorials) by extensions ['ignore', 'ignore_ament_install']
[0.263s] Level 1:colcon.colcon_core.package_identification:_identify(navigation2_tutorials) by extension 'ignore'
[0.263s] Level 1:colcon.colcon_core.package_identification:_identify(navigation2_tutorials) by extension 'ignore_ament_install'
[0.263s] Level 1:colcon.colcon_core.package_identification:_identify(navigation2_tutorials) by extensions ['colcon_pkg']
[0.263s] Level 1:colcon.colcon_core.package_identification:_identify(navigation2_tutorials) by extension 'colcon_pkg'
[0.263s] Level 1:colcon.colcon_core.package_identification:_identify(navigation2_tutorials) by extensions ['colcon_meta']
[0.263s] Level 1:colcon.colcon_core.package_identification:_identify(navigation2_tutorials) by extension 'colcon_meta'
[0.263s] Level 1:colcon.colcon_core.package_identification:_identify(navigation2_tutorials) by extensions ['ros']
[0.263s] Level 1:colcon.colcon_core.package_identification:_identify(navigation2_tutorials) by extension 'ros'
[0.264s] Level 1:colcon.colcon_core.package_identification:_identify(navigation2_tutorials) by extensions ['cmake', 'python']
[0.264s] Level 1:colcon.colcon_core.package_identification:_identify(navigation2_tutorials) by extension 'cmake'
[0.264s] Level 1:colcon.colcon_core.package_identification:_identify(navigation2_tutorials) by extension 'python'
[0.264s] Level 1:colcon.colcon_core.package_identification:_identify(navigation2_tutorials) by extensions ['python_setup_py']
[0.264s] Level 1:colcon.colcon_core.package_identification:_identify(navigation2_tutorials) by extension 'python_setup_py'
[0.264s] Level 1:colcon.colcon_core.package_identification:_identify(navigation2_tutorials/nav2_costmap_filters_demo) by extensions ['ignore', 'ignore_ament_install']
[0.264s] Level 1:colcon.colcon_core.package_identification:_identify(navigation2_tutorials/nav2_costmap_filters_demo) by extension 'ignore'
[0.264s] Level 1:colcon.colcon_core.package_identification:_identify(navigation2_tutorials/nav2_costmap_filters_demo) by extension 'ignore_ament_install'
[0.264s] Level 1:colcon.colcon_core.package_identification:_identify(navigation2_tutorials/nav2_costmap_filters_demo) by extensions ['colcon_pkg']
[0.264s] Level 1:colcon.colcon_core.package_identification:_identify(navigation2_tutorials/nav2_costmap_filters_demo) by extension 'colcon_pkg'
[0.264s] Level 1:colcon.colcon_core.package_identification:_identify(navigation2_tutorials/nav2_costmap_filters_demo) by extensions ['colcon_meta']
[0.264s] Level 1:colcon.colcon_core.package_identification:_identify(navigation2_tutorials/nav2_costmap_filters_demo) by extension 'colcon_meta'
[0.264s] Level 1:colcon.colcon_core.package_identification:_identify(navigation2_tutorials/nav2_costmap_filters_demo) by extensions ['ros']
[0.264s] Level 1:colcon.colcon_core.package_identification:_identify(navigation2_tutorials/nav2_costmap_filters_demo) by extension 'ros'
[0.268s] DEBUG:colcon.colcon_core.package_identification:Package 'navigation2_tutorials/nav2_costmap_filters_demo' with type 'ros.ament_cmake' and name 'nav2_costmap_filters_demo'
[0.268s] Level 1:colcon.colcon_core.package_identification:_identify(navigation2_tutorials/nav2_gps_waypoint_follower_demo) by extensions ['ignore', 'ignore_ament_install']
[0.268s] Level 1:colcon.colcon_core.package_identification:_identify(navigation2_tutorials/nav2_gps_waypoint_follower_demo) by extension 'ignore'
[0.268s] Level 1:colcon.colcon_core.package_identification:_identify(navigation2_tutorials/nav2_gps_waypoint_follower_demo) by extension 'ignore_ament_install'
[0.268s] Level 1:colcon.colcon_core.package_identification:_identify(navigation2_tutorials/nav2_gps_waypoint_follower_demo) by extensions ['colcon_pkg']
[0.268s] Level 1:colcon.colcon_core.package_identification:_identify(navigation2_tutorials/nav2_gps_waypoint_follower_demo) by extension 'colcon_pkg'
[0.268s] Level 1:colcon.colcon_core.package_identification:_identify(navigation2_tutorials/nav2_gps_waypoint_follower_demo) by extensions ['colcon_meta']
[0.268s] Level 1:colcon.colcon_core.package_identification:_identify(navigation2_tutorials/nav2_gps_waypoint_follower_demo) by extension 'colcon_meta'
[0.268s] Level 1:colcon.colcon_core.package_identification:_identify(navigation2_tutorials/nav2_gps_waypoint_follower_demo) by extensions ['ros']
[0.268s] Level 1:colcon.colcon_core.package_identification:_identify(navigation2_tutorials/nav2_gps_waypoint_follower_demo) by extension 'ros'
[0.269s] DEBUG:colcon.colcon_core.package_identification:Package 'navigation2_tutorials/nav2_gps_waypoint_follower_demo' with type 'ros.ament_python' and name 'nav2_gps_waypoint_follower_demo'
[0.270s] Level 1:colcon.colcon_core.package_identification:_identify(navigation2_tutorials/nav2_gradient_costmap_plugin) by extensions ['ignore', 'ignore_ament_install']
[0.270s] Level 1:colcon.colcon_core.package_identification:_identify(navigation2_tutorials/nav2_gradient_costmap_plugin) by extension 'ignore'
[0.270s] Level 1:colcon.colcon_core.package_identification:_identify(navigation2_tutorials/nav2_gradient_costmap_plugin) by extension 'ignore_ament_install'
[0.270s] Level 1:colcon.colcon_core.package_identification:_identify(navigation2_tutorials/nav2_gradient_costmap_plugin) by extensions ['colcon_pkg']
[0.270s] Level 1:colcon.colcon_core.package_identification:_identify(navigation2_tutorials/nav2_gradient_costmap_plugin) by extension 'colcon_pkg'
[0.270s] Level 1:colcon.colcon_core.package_identification:_identify(navigation2_tutorials/nav2_gradient_costmap_plugin) by extensions ['colcon_meta']
[0.270s] Level 1:colcon.colcon_core.package_identification:_identify(navigation2_tutorials/nav2_gradient_costmap_plugin) by extension 'colcon_meta'
[0.270s] Level 1:colcon.colcon_core.package_identification:_identify(navigation2_tutorials/nav2_gradient_costmap_plugin) by extensions ['ros']
[0.270s] Level 1:colcon.colcon_core.package_identification:_identify(navigation2_tutorials/nav2_gradient_costmap_plugin) by extension 'ros'
[0.271s] DEBUG:colcon.colcon_core.package_identification:Package 'navigation2_tutorials/nav2_gradient_costmap_plugin' with type 'ros.ament_cmake' and name 'nav2_gradient_costmap_plugin'
[0.271s] Level 1:colcon.colcon_core.package_identification:_identify(navigation2_tutorials/sam_bot_description) by extensions ['ignore', 'ignore_ament_install']
[0.271s] Level 1:colcon.colcon_core.package_identification:_identify(navigation2_tutorials/sam_bot_description) by extension 'ignore'
[0.271s] Level 1:colcon.colcon_core.package_identification:_identify(navigation2_tutorials/sam_bot_description) by extension 'ignore_ament_install'
[0.271s] Level 1:colcon.colcon_core.package_identification:_identify(navigation2_tutorials/sam_bot_description) by extensions ['colcon_pkg']
[0.271s] Level 1:colcon.colcon_core.package_identification:_identify(navigation2_tutorials/sam_bot_description) by extension 'colcon_pkg'
[0.271s] Level 1:colcon.colcon_core.package_identification:_identify(navigation2_tutorials/sam_bot_description) by extensions ['colcon_meta']
[0.271s] Level 1:colcon.colcon_core.package_identification:_identify(navigation2_tutorials/sam_bot_description) by extension 'colcon_meta'
[0.272s] Level 1:colcon.colcon_core.package_identification:_identify(navigation2_tutorials/sam_bot_description) by extensions ['ros']
[0.272s] Level 1:colcon.colcon_core.package_identification:_identify(navigation2_tutorials/sam_bot_description) by extension 'ros'
[0.272s] DEBUG:colcon.colcon_core.package_identification:Package 'navigation2_tutorials/sam_bot_description' with type 'ros.ament_cmake' and name 'sam_bot_description'
[0.272s] Level 1:colcon.colcon_core.package_identification:_identify(src) by extensions ['ignore', 'ignore_ament_install']
[0.273s] Level 1:colcon.colcon_core.package_identification:_identify(src) by extension 'ignore'
[0.273s] Level 1:colcon.colcon_core.package_identification:_identify(src) by extension 'ignore_ament_install'
[0.273s] Level 1:colcon.colcon_core.package_identification:_identify(src) by extensions ['colcon_pkg']
[0.273s] Level 1:colcon.colcon_core.package_identification:_identify(src) by extension 'colcon_pkg'
[0.273s] Level 1:colcon.colcon_core.package_identification:_identify(src) by extensions ['colcon_meta']
[0.273s] Level 1:colcon.colcon_core.package_identification:_identify(src) by extension 'colcon_meta'
[0.273s] Level 1:colcon.colcon_core.package_identification:_identify(src) by extensions ['ros']
[0.273s] Level 1:colcon.colcon_core.package_identification:_identify(src) by extension 'ros'
[0.273s] Level 1:colcon.colcon_core.package_identification:_identify(src) by extensions ['cmake', 'python']
[0.273s] Level 1:colcon.colcon_core.package_identification:_identify(src) by extension 'cmake'
[0.273s] Level 1:colcon.colcon_core.package_identification:_identify(src) by extension 'python'
[0.273s] Level 1:colcon.colcon_core.package_identification:_identify(src) by extensions ['python_setup_py']
[0.273s] Level 1:colcon.colcon_core.package_identification:_identify(src) by extension 'python_setup_py'
[0.273s] Level 1:colcon.colcon_core.package_identification:_identify(src/my_robot_bringup) by extensions ['ignore', 'ignore_ament_install']
[0.273s] Level 1:colcon.colcon_core.package_identification:_identify(src/my_robot_bringup) by extension 'ignore'
[0.274s] Level 1:colcon.colcon_core.package_identification:_identify(src/my_robot_bringup) by extension 'ignore_ament_install'
[0.274s] Level 1:colcon.colcon_core.package_identification:_identify(src/my_robot_bringup) by extensions ['colcon_pkg']
[0.274s] Level 1:colcon.colcon_core.package_identification:_identify(src/my_robot_bringup) by extension 'colcon_pkg'
[0.274s] Level 1:colcon.colcon_core.package_identification:_identify(src/my_robot_bringup) by extensions ['colcon_meta']
[0.274s] Level 1:colcon.colcon_core.package_identification:_identify(src/my_robot_bringup) by extension 'colcon_meta'
[0.274s] Level 1:colcon.colcon_core.package_identification:_identify(src/my_robot_bringup) by extensions ['ros']
[0.274s] Level 1:colcon.colcon_core.package_identification:_identify(src/my_robot_bringup) by extension 'ros'
[0.274s] DEBUG:colcon.colcon_core.package_identification:Package 'src/my_robot_bringup' with type 'ros.ament_cmake' and name 'my_robot_bringup'
[0.275s] Level 1:colcon.colcon_core.package_identification:_identify(src/my_robot_description) by extensions ['ignore', 'ignore_ament_install']
[0.275s] Level 1:colcon.colcon_core.package_identification:_identify(src/my_robot_description) by extension 'ignore'
[0.275s] Level 1:colcon.colcon_core.package_identification:_identify(src/my_robot_description) by extension 'ignore_ament_install'
[0.275s] Level 1:colcon.colcon_core.package_identification:_identify(src/my_robot_description) by extensions ['colcon_pkg']
[0.275s] Level 1:colcon.colcon_core.package_identification:_identify(src/my_robot_description) by extension 'colcon_pkg'
[0.275s] Level 1:colcon.colcon_core.package_identification:_identify(src/my_robot_description) by extensions ['colcon_meta']
[0.275s] Level 1:colcon.colcon_core.package_identification:_identify(src/my_robot_description) by extension 'colcon_meta'
[0.275s] Level 1:colcon.colcon_core.package_identification:_identify(src/my_robot_description) by extensions ['ros']
[0.275s] Level 1:colcon.colcon_core.package_identification:_identify(src/my_robot_description) by extension 'ros'
[0.276s] DEBUG:colcon.colcon_core.package_identification:Package 'src/my_robot_description' with type 'ros.ament_cmake' and name 'my_robot_description'
[0.276s] Level 1:colcon.colcon_core.package_identification:_identify(src/robot_web_server) by extensions ['ignore', 'ignore_ament_install']
[0.276s] Level 1:colcon.colcon_core.package_identification:_identify(src/robot_web_server) by extension 'ignore'
[0.276s] Level 1:colcon.colcon_core.package_identification:_identify(src/robot_web_server) by extension 'ignore_ament_install'
[0.276s] Level 1:colcon.colcon_core.package_identification:_identify(src/robot_web_server) by extensions ['colcon_pkg']
[0.276s] Level 1:colcon.colcon_core.package_identification:_identify(src/robot_web_server) by extension 'colcon_pkg'
[0.276s] Level 1:colcon.colcon_core.package_identification:_identify(src/robot_web_server) by extensions ['colcon_meta']
[0.276s] Level 1:colcon.colcon_core.package_identification:_identify(src/robot_web_server) by extension 'colcon_meta'
[0.276s] Level 1:colcon.colcon_core.package_identification:_identify(src/robot_web_server) by extensions ['ros']
[0.276s] Level 1:colcon.colcon_core.package_identification:_identify(src/robot_web_server) by extension 'ros'
[0.277s] DEBUG:colcon.colcon_core.package_identification:Package 'src/robot_web_server' with type 'ros.ament_python' and name 'robot_web_server'
[0.277s] Level 1:colcon.colcon_core.package_discovery:discover_packages(recursive) using defaults
[0.277s] Level 1:colcon.colcon_core.package_discovery:discover_packages(ignore) discover
[0.277s] Level 1:colcon.colcon_core.package_discovery:discover_packages(ignore) using defaults
[0.277s] Level 1:colcon.colcon_core.package_discovery:discover_packages(path) discover
[0.277s] Level 1:colcon.colcon_core.package_discovery:discover_packages(path) using defaults
[0.305s] Level 1:colcon.colcon_core.package_discovery:discover_packages(prefix_path) check parameters
[0.305s] Level 1:colcon.colcon_core.package_discovery:discover_packages(prefix_path) discover
[0.311s] DEBUG:colcon.colcon_installed_package_information.package_discovery:Found 505 installed packages in /opt/ros/jazzy
[0.313s] Level 1:colcon.colcon_core.package_discovery:discover_packages(prefix_path) using defaults
[0.413s] Level 5:colcon.colcon_core.verb:set package 'my_robot_bringup' build argument 'cmake_args' from command line to 'None'
[0.413s] Level 5:colcon.colcon_core.verb:set package 'my_robot_bringup' build argument 'cmake_target' from command line to 'None'
[0.413s] Level 5:colcon.colcon_core.verb:set package 'my_robot_bringup' build argument 'cmake_target_skip_unavailable' from command line to 'False'
[0.413s] Level 5:colcon.colcon_core.verb:set package 'my_robot_bringup' build argument 'cmake_clean_cache' from command line to 'False'
[0.413s] Level 5:colcon.colcon_core.verb:set package 'my_robot_bringup' build argument 'cmake_clean_first' from command line to 'False'
[0.413s] Level 5:colcon.colcon_core.verb:set package 'my_robot_bringup' build argument 'cmake_force_configure' from command line to 'False'
[0.413s] Level 5:colcon.colcon_core.verb:set package 'my_robot_bringup' build argument 'ament_cmake_args' from command line to 'None'
[0.413s] Level 5:colcon.colcon_core.verb:set package 'my_robot_bringup' build argument 'catkin_cmake_args' from command line to 'None'
[0.414s] Level 5:colcon.colcon_core.verb:set package 'my_robot_bringup' build argument 'catkin_skip_building_tests' from command line to 'False'
[0.414s] DEBUG:colcon.colcon_core.verb:Building package 'my_robot_bringup' with the following arguments: {'ament_cmake_args': None, 'build_base': '/home/cuma_karaaslan/ros2_urdf_ws/build/my_robot_bringup', 'catkin_cmake_args': None, 'catkin_skip_building_tests': False, 'cmake_args': None, 'cmake_clean_cache': False, 'cmake_clean_first': False, 'cmake_force_configure': False, 'cmake_target': None, 'cmake_target_skip_unavailable': False, 'install_base': '/home/cuma_karaaslan/ros2_urdf_ws/install/my_robot_bringup', 'merge_install': False, 'path': '/home/cuma_karaaslan/ros2_urdf_ws/src/my_robot_bringup', 'symlink_install': False, 'test_result_base': None}
[0.414s] Level 5:colcon.colcon_core.verb:set package 'my_robot_description' build argument 'cmake_args' from command line to 'None'
[0.414s] Level 5:colcon.colcon_core.verb:set package 'my_robot_description' build argument 'cmake_target' from command line to 'None'
[0.414s] Level 5:colcon.colcon_core.verb:set package 'my_robot_description' build argument 'cmake_target_skip_unavailable' from command line to 'False'
[0.414s] Level 5:colcon.colcon_core.verb:set package 'my_robot_description' build argument 'cmake_clean_cache' from command line to 'False'
[0.414s] Level 5:colcon.colcon_core.verb:set package 'my_robot_description' build argument 'cmake_clean_first' from command line to 'False'
[0.414s] Level 5:colcon.colcon_core.verb:set package 'my_robot_description' build argument 'cmake_force_configure' from command line to 'False'
[0.414s] Level 5:colcon.colcon_core.verb:set package 'my_robot_description' build argument 'ament_cmake_args' from command line to 'None'
[0.414s] Level 5:colcon.colcon_core.verb:set package 'my_robot_description' build argument 'catkin_cmake_args' from command line to 'None'
[0.414s] Level 5:colcon.colcon_core.verb:set package 'my_robot_description' build argument 'catkin_skip_building_tests' from command line to 'False'
[0.414s] DEBUG:colcon.colcon_core.verb:Building package 'my_robot_description' with the following arguments: {'ament_cmake_args': None, 'build_base': '/home/cuma_karaaslan/ros2_urdf_ws/build/my_robot_description', 'catkin_cmake_args': None, 'catkin_skip_building_tests': False, 'cmake_args': None, 'cmake_clean_cache': False, 'cmake_clean_first': False, 'cmake_force_configure': False, 'cmake_target': None, 'cmake_target_skip_unavailable': False, 'install_base': '/home/cuma_karaaslan/ros2_urdf_ws/install/my_robot_description', 'merge_install': False, 'path': '/home/cuma_karaaslan/ros2_urdf_ws/src/my_robot_description', 'symlink_install': False, 'test_result_base': None}
[0.415s] Level 5:colcon.colcon_core.verb:set package 'nav2_costmap_filters_demo' build argument 'cmake_args' from command line to 'None'
[0.415s] Level 5:colcon.colcon_core.verb:set package 'nav2_costmap_filters_demo' build argument 'cmake_target' from command line to 'None'
[0.415s] Level 5:colcon.colcon_core.verb:set package 'nav2_costmap_filters_demo' build argument 'cmake_target_skip_unavailable' from command line to 'False'
[0.415s] Level 5:colcon.colcon_core.verb:set package 'nav2_costmap_filters_demo' build argument 'cmake_clean_cache' from command line to 'False'
[0.415s] Level 5:colcon.colcon_core.verb:set package 'nav2_costmap_filters_demo' build argument 'cmake_clean_first' from command line to 'False'
[0.415s] Level 5:colcon.colcon_core.verb:set package 'nav2_costmap_filters_demo' build argument 'cmake_force_configure' from command line to 'False'
[0.415s] Level 5:colcon.colcon_core.verb:set package 'nav2_costmap_filters_demo' build argument 'ament_cmake_args' from command line to 'None'
[0.415s] Level 5:colcon.colcon_core.verb:set package 'nav2_costmap_filters_demo' build argument 'catkin_cmake_args' from command line to 'None'
[0.415s] Level 5:colcon.colcon_core.verb:set package 'nav2_costmap_filters_demo' build argument 'catkin_skip_building_tests' from command line to 'False'
[0.415s] DEBUG:colcon.colcon_core.verb:Building package 'nav2_costmap_filters_demo' with the following arguments: {'ament_cmake_args': None, 'build_base': '/home/cuma_karaaslan/ros2_urdf_ws/build/nav2_costmap_filters_demo', 'catkin_cmake_args': None, 'catkin_skip_building_tests': False, 'cmake_args': None, 'cmake_clean_cache': False, 'cmake_clean_first': False, 'cmake_force_configure': False, 'cmake_target': None, 'cmake_target_skip_unavailable': False, 'install_base': '/home/cuma_karaaslan/ros2_urdf_ws/install/nav2_costmap_filters_demo', 'merge_install': False, 'path': '/home/cuma_karaaslan/ros2_urdf_ws/navigation2_tutorials/nav2_costmap_filters_demo', 'symlink_install': False, 'test_result_base': None}
[0.415s] Level 5:colcon.colcon_core.verb:set package 'nav2_gps_waypoint_follower_demo' build argument 'cmake_args' from command line to 'None'
[0.415s] Level 5:colcon.colcon_core.verb:set package 'nav2_gps_waypoint_follower_demo' build argument 'cmake_target' from command line to 'None'
[0.415s] Level 5:colcon.colcon_core.verb:set package 'nav2_gps_waypoint_follower_demo' build argument 'cmake_target_skip_unavailable' from command line to 'False'
[0.416s] Level 5:colcon.colcon_core.verb:set package 'nav2_gps_waypoint_follower_demo' build argument 'cmake_clean_cache' from command line to 'False'
[0.416s] Level 5:colcon.colcon_core.verb:set package 'nav2_gps_waypoint_follower_demo' build argument 'cmake_clean_first' from command line to 'False'
[0.416s] Level 5:colcon.colcon_core.verb:set package 'nav2_gps_waypoint_follower_demo' build argument 'cmake_force_configure' from command line to 'False'
[0.416s] Level 5:colcon.colcon_core.verb:set package 'nav2_gps_waypoint_follower_demo' build argument 'ament_cmake_args' from command line to 'None'
[0.416s] Level 5:colcon.colcon_core.verb:set package 'nav2_gps_waypoint_follower_demo' build argument 'catkin_cmake_args' from command line to 'None'
[0.416s] Level 5:colcon.colcon_core.verb:set package 'nav2_gps_waypoint_follower_demo' build argument 'catkin_skip_building_tests' from command line to 'False'
[0.416s] DEBUG:colcon.colcon_core.verb:Building package 'nav2_gps_waypoint_follower_demo' with the following arguments: {'ament_cmake_args': None, 'build_base': '/home/cuma_karaaslan/ros2_urdf_ws/build/nav2_gps_waypoint_follower_demo', 'catkin_cmake_args': None, 'catkin_skip_building_tests': False, 'cmake_args': None, 'cmake_clean_cache': False, 'cmake_clean_first': False, 'cmake_force_configure': False, 'cmake_target': None, 'cmake_target_skip_unavailable': False, 'install_base': '/home/cuma_karaaslan/ros2_urdf_ws/install/nav2_gps_waypoint_follower_demo', 'merge_install': False, 'path': '/home/cuma_karaaslan/ros2_urdf_ws/navigation2_tutorials/nav2_gps_waypoint_follower_demo', 'symlink_install': False, 'test_result_base': None}
[0.416s] Level 5:colcon.colcon_core.verb:set package 'nav2_gradient_costmap_plugin' build argument 'cmake_args' from command line to 'None'
[0.416s] Level 5:colcon.colcon_core.verb:set package 'nav2_gradient_costmap_plugin' build argument 'cmake_target' from command line to 'None'
[0.416s] Level 5:colcon.colcon_core.verb:set package 'nav2_gradient_costmap_plugin' build argument 'cmake_target_skip_unavailable' from command line to 'False'
[0.416s] Level 5:colcon.colcon_core.verb:set package 'nav2_gradient_costmap_plugin' build argument 'cmake_clean_cache' from command line to 'False'
[0.416s] Level 5:colcon.colcon_core.verb:set package 'nav2_gradient_costmap_plugin' build argument 'cmake_clean_first' from command line to 'False'
[0.416s] Level 5:colcon.colcon_core.verb:set package 'nav2_gradient_costmap_plugin' build argument 'cmake_force_configure' from command line to 'False'
[0.416s] Level 5:colcon.colcon_core.verb:set package 'nav2_gradient_costmap_plugin' build argument 'ament_cmake_args' from command line to 'None'
[0.416s] Level 5:colcon.colcon_core.verb:set package 'nav2_gradient_costmap_plugin' build argument 'catkin_cmake_args' from command line to 'None'
[0.416s] Level 5:colcon.colcon_core.verb:set package 'nav2_gradient_costmap_plugin' build argument 'catkin_skip_building_tests' from command line to 'False'
[0.416s] DEBUG:colcon.colcon_core.verb:Building package 'nav2_gradient_costmap_plugin' with the following arguments: {'ament_cmake_args': None, 'build_base': '/home/cuma_karaaslan/ros2_urdf_ws/build/nav2_gradient_costmap_plugin', 'catkin_cmake_args': None, 'catkin_skip_building_tests': False, 'cmake_args': None, 'cmake_clean_cache': False, 'cmake_clean_first': False, 'cmake_force_configure': False, 'cmake_target': None, 'cmake_target_skip_unavailable': False, 'install_base': '/home/cuma_karaaslan/ros2_urdf_ws/install/nav2_gradient_costmap_plugin', 'merge_install': False, 'path': '/home/cuma_karaaslan/ros2_urdf_ws/navigation2_tutorials/nav2_gradient_costmap_plugin', 'symlink_install': False, 'test_result_base': None}
[0.417s] Level 5:colcon.colcon_core.verb:set package 'robot_web_server' build argument 'cmake_args' from command line to 'None'
[0.417s] Level 5:colcon.colcon_core.verb:set package 'robot_web_server' build argument 'cmake_target' from command line to 'None'
[0.417s] Level 5:colcon.colcon_core.verb:set package 'robot_web_server' build argument 'cmake_target_skip_unavailable' from command line to 'False'
[0.417s] Level 5:colcon.colcon_core.verb:set package 'robot_web_server' build argument 'cmake_clean_cache' from command line to 'False'
[0.417s] Level 5:colcon.colcon_core.verb:set package 'robot_web_server' build argument 'cmake_clean_first' from command line to 'False'
[0.417s] Level 5:colcon.colcon_core.verb:set package 'robot_web_server' build argument 'cmake_force_configure' from command line to 'False'
[0.417s] Level 5:colcon.colcon_core.verb:set package 'robot_web_server' build argument 'ament_cmake_args' from command line to 'None'
[0.417s] Level 5:colcon.colcon_core.verb:set package 'robot_web_server' build argument 'catkin_cmake_args' from command line to 'None'
[0.417s] Level 5:colcon.colcon_core.verb:set package 'robot_web_server' build argument 'catkin_skip_building_tests' from command line to 'False'
[0.417s] DEBUG:colcon.colcon_core.verb:Building package 'robot_web_server' with the following arguments: {'ament_cmake_args': None, 'build_base': '/home/cuma_karaaslan/ros2_urdf_ws/build/robot_web_server', 'catkin_cmake_args': None, 'catkin_skip_building_tests': False, 'cmake_args': None, 'cmake_clean_cache': False, 'cmake_clean_first': False, 'cmake_force_configure': False, 'cmake_target': None, 'cmake_target_skip_unavailable': False, 'install_base': '/home/cuma_karaaslan/ros2_urdf_ws/install/robot_web_server', 'merge_install': False, 'path': '/home/cuma_karaaslan/ros2_urdf_ws/src/robot_web_server', 'symlink_install': False, 'test_result_base': None}
[0.417s] Level 5:colcon.colcon_core.verb:set package 'sam_bot_description' build argument 'cmake_args' from command line to 'None'
[0.417s] Level 5:colcon.colcon_core.verb:set package 'sam_bot_description' build argument 'cmake_target' from command line to 'None'
[0.418s] Level 5:colcon.colcon_core.verb:set package 'sam_bot_description' build argument 'cmake_target_skip_unavailable' from command line to 'False'
[0.418s] Level 5:colcon.colcon_core.verb:set package 'sam_bot_description' build argument 'cmake_clean_cache' from command line to 'False'
[0.418s] Level 5:colcon.colcon_core.verb:set package 'sam_bot_description' build argument 'cmake_clean_first' from command line to 'False'
[0.418s] Level 5:colcon.colcon_core.verb:set package 'sam_bot_description' build argument 'cmake_force_configure' from command line to 'False'
[0.418s] Level 5:colcon.colcon_core.verb:set package 'sam_bot_description' build argument 'ament_cmake_args' from command line to 'None'
[0.418s] Level 5:colcon.colcon_core.verb:set package 'sam_bot_description' build argument 'catkin_cmake_args' from command line to 'None'
[0.418s] Level 5:colcon.colcon_core.verb:set package 'sam_bot_description' build argument 'catkin_skip_building_tests' from command line to 'False'
[0.418s] DEBUG:colcon.colcon_core.verb:Building package 'sam_bot_description' with the following arguments: {'ament_cmake_args': None, 'build_base': '/home/cuma_karaaslan/ros2_urdf_ws/build/sam_bot_description', 'catkin_cmake_args': None, 'catkin_skip_building_tests': False, 'cmake_args': None, 'cmake_clean_cache': False, 'cmake_clean_first': False, 'cmake_force_configure': False, 'cmake_target': None, 'cmake_target_skip_unavailable': False, 'install_base': '/home/cuma_karaaslan/ros2_urdf_ws/install/sam_bot_description', 'merge_install': False, 'path': '/home/cuma_karaaslan/ros2_urdf_ws/navigation2_tutorials/sam_bot_description', 'symlink_install': False, 'test_result_base': None}
[0.418s] INFO:colcon.colcon_core.executor:Executing jobs using 'parallel' executor
[0.419s] DEBUG:colcon.colcon_parallel_executor.executor.parallel:run_until_complete
[0.420s] INFO:colcon.colcon_ros.task.ament_cmake.build:Building ROS package in '/home/cuma_karaaslan/ros2_urdf_ws/src/my_robot_bringup' with build type 'ament_cmake'
[0.420s] INFO:colcon.colcon_cmake.task.cmake.build:Building CMake package in '/home/cuma_karaaslan/ros2_urdf_ws/src/my_robot_bringup'
[0.423s] INFO:colcon.colcon_core.plugin_system:Skipping extension 'colcon_core.shell.bat': Not used on non-Windows systems
[0.424s] INFO:colcon.colcon_core.shell:Skip shell extension 'powershell' for command environment: Not usable outside of PowerShell
[0.424s] DEBUG:colcon.colcon_core.shell:Skip shell extension 'dsv' for command environment
[0.431s] INFO:colcon.colcon_ros.task.ament_cmake.build:Building ROS package in '/home/cuma_karaaslan/ros2_urdf_ws/src/my_robot_description' with build type 'ament_cmake'
[0.431s] INFO:colcon.colcon_cmake.task.cmake.build:Building CMake package in '/home/cuma_karaaslan/ros2_urdf_ws/src/my_robot_description'
[0.431s] INFO:colcon.colcon_core.shell:Skip shell extension 'powershell' for command environment: Not usable outside of PowerShell
[0.431s] DEBUG:colcon.colcon_core.shell:Skip shell extension 'dsv' for command environment
[0.440s] INFO:colcon.colcon_ros.task.ament_cmake.build:Building ROS package in '/home/cuma_karaaslan/ros2_urdf_ws/navigation2_tutorials/nav2_costmap_filters_demo' with build type 'ament_cmake'
[0.440s] INFO:colcon.colcon_cmake.task.cmake.build:Building CMake package in '/home/cuma_karaaslan/ros2_urdf_ws/navigation2_tutorials/nav2_costmap_filters_demo'
[0.440s] INFO:colcon.colcon_core.shell:Skip shell extension 'powershell' for command environment: Not usable outside of PowerShell
[0.441s] DEBUG:colcon.colcon_core.shell:Skip shell extension 'dsv' for command environment
[0.448s] INFO:colcon.colcon_ros.task.ament_python.build:Building ROS package in '/home/cuma_karaaslan/ros2_urdf_ws/navigation2_tutorials/nav2_gps_waypoint_follower_demo' with build type 'ament_python'
[0.448s] Level 1:colcon.colcon_core.shell:create_environment_hook('nav2_gps_waypoint_follower_demo', 'ament_prefix_path')
[0.449s] INFO:colcon.colcon_core.shell:Creating environment hook '/home/cuma_karaaslan/ros2_urdf_ws/install/nav2_gps_waypoint_follower_demo/share/nav2_gps_waypoint_follower_demo/hook/ament_prefix_path.ps1'
[0.450s] INFO:colcon.colcon_core.shell:Creating environment descriptor '/home/cuma_karaaslan/ros2_urdf_ws/install/nav2_gps_waypoint_follower_demo/share/nav2_gps_waypoint_follower_demo/hook/ament_prefix_path.dsv'
[0.451s] INFO:colcon.colcon_core.shell:Creating environment hook '/home/cuma_karaaslan/ros2_urdf_ws/install/nav2_gps_waypoint_follower_demo/share/nav2_gps_waypoint_follower_demo/hook/ament_prefix_path.sh'
[0.452s] INFO:colcon.colcon_core.shell:Skip shell extension 'powershell' for command environment: Not usable outside of PowerShell
[0.453s] DEBUG:colcon.colcon_core.shell:Skip shell extension 'dsv' for command environment
[0.460s] INFO:colcon.colcon_ros.task.ament_cmake.build:Building ROS package in '/home/cuma_karaaslan/ros2_urdf_ws/navigation2_tutorials/nav2_gradient_costmap_plugin' with build type 'ament_cmake'
[0.461s] INFO:colcon.colcon_cmake.task.cmake.build:Building CMake package in '/home/cuma_karaaslan/ros2_urdf_ws/navigation2_tutorials/nav2_gradient_costmap_plugin'
[0.461s] INFO:colcon.colcon_core.shell:Skip shell extension 'powershell' for command environment: Not usable outside of PowerShell
[0.461s] DEBUG:colcon.colcon_core.shell:Skip shell extension 'dsv' for command environment
[0.469s] INFO:colcon.colcon_ros.task.ament_python.build:Building ROS package in '/home/cuma_karaaslan/ros2_urdf_ws/src/robot_web_server' with build type 'ament_python'
[0.470s] Level 1:colcon.colcon_core.shell:create_environment_hook('robot_web_server', 'ament_prefix_path')
[0.470s] INFO:colcon.colcon_core.shell:Creating environment hook '/home/cuma_karaaslan/ros2_urdf_ws/install/robot_web_server/share/robot_web_server/hook/ament_prefix_path.ps1'
[0.471s] INFO:colcon.colcon_core.shell:Creating environment descriptor '/home/cuma_karaaslan/ros2_urdf_ws/install/robot_web_server/share/robot_web_server/hook/ament_prefix_path.dsv'
[0.472s] INFO:colcon.colcon_core.shell:Creating environment hook '/home/cuma_karaaslan/ros2_urdf_ws/install/robot_web_server/share/robot_web_server/hook/ament_prefix_path.sh'
[0.472s] INFO:colcon.colcon_core.shell:Skip shell extension 'powershell' for command environment: Not usable outside of PowerShell
[0.473s] DEBUG:colcon.colcon_core.shell:Skip shell extension 'dsv' for command environment
[0.479s] INFO:colcon.colcon_ros.task.ament_cmake.build:Building ROS package in '/home/cuma_karaaslan/ros2_urdf_ws/navigation2_tutorials/sam_bot_description' with build type 'ament_cmake'
[0.480s] INFO:colcon.colcon_cmake.task.cmake.build:Building CMake package in '/home/cuma_karaaslan/ros2_urdf_ws/navigation2_tutorials/sam_bot_description'
[0.480s] INFO:colcon.colcon_core.shell:Skip shell extension 'powershell' for command environment: Not usable outside of PowerShell
[0.480s] DEBUG:colcon.colcon_core.shell:Skip shell extension 'dsv' for command environment
[0.498s] DEBUG:colcon.colcon_core.event_handler.log_command:Invoking command in '/home/cuma_karaaslan/ros2_urdf_ws/build/my_robot_bringup': CMAKE_PREFIX_PATH=${CMAKE_PREFIX_PATH}:/opt/ros/jazzy DEBUGINFOD_URLS=https://debuginfod.ubuntu.com /usr/bin/cmake --build /home/cuma_karaaslan/ros2_urdf_ws/build/my_robot_bringup -- -j12 -l12
[0.504s] DEBUG:colcon.colcon_core.event_handler.log_command:Invoking command in '/home/cuma_karaaslan/ros2_urdf_ws/build/my_robot_description': CMAKE_PREFIX_PATH=${CMAKE_PREFIX_PATH}:/opt/ros/jazzy DEBUGINFOD_URLS=https://debuginfod.ubuntu.com /usr/bin/cmake --build /home/cuma_karaaslan/ros2_urdf_ws/build/my_robot_description -- -j12 -l12
[0.508s] DEBUG:colcon.colcon_core.event_handler.log_command:Invoking command in '/home/cuma_karaaslan/ros2_urdf_ws/build/nav2_costmap_filters_demo': CMAKE_PREFIX_PATH=${CMAKE_PREFIX_PATH}:/opt/ros/jazzy DEBUGINFOD_URLS=https://debuginfod.ubuntu.com /usr/bin/cmake --build /home/cuma_karaaslan/ros2_urdf_ws/build/nav2_costmap_filters_demo -- -j12 -l12
[0.886s] INFO:colcon.colcon_core.task.python.build:Building Python package in '/home/cuma_karaaslan/ros2_urdf_ws/navigation2_tutorials/nav2_gps_waypoint_follower_demo'
[0.887s] INFO:colcon.colcon_core.shell:Skip shell extension 'powershell' for command environment: Not usable outside of PowerShell
[0.887s] DEBUG:colcon.colcon_core.shell:Skip shell extension 'dsv' for command environment
[0.897s] DEBUG:colcon.colcon_core.event_handler.log_command:Invoking command in '/home/cuma_karaaslan/ros2_urdf_ws/build/nav2_gradient_costmap_plugin': CMAKE_PREFIX_PATH=${CMAKE_PREFIX_PATH}:/opt/ros/jazzy DEBUGINFOD_URLS=https://debuginfod.ubuntu.com /usr/bin/cmake --build /home/cuma_karaaslan/ros2_urdf_ws/build/nav2_gradient_costmap_plugin -- -j12 -l12
[1.271s] INFO:colcon.colcon_core.task.python.build:Building Python package in '/home/cuma_karaaslan/ros2_urdf_ws/src/robot_web_server'
[1.271s] INFO:colcon.colcon_core.shell:Skip shell extension 'powershell' for command environment: Not usable outside of PowerShell
[1.271s] DEBUG:colcon.colcon_core.shell:Skip shell extension 'dsv' for command environment
[1.283s] DEBUG:colcon.colcon_core.event_handler.log_command:Invoked command in '/home/cuma_karaaslan/ros2_urdf_ws/build/my_robot_bringup' returned '0': CMAKE_PREFIX_PATH=${CMAKE_PREFIX_PATH}:/opt/ros/jazzy DEBUGINFOD_URLS=https://debuginfod.ubuntu.com /usr/bin/cmake --build /home/cuma_karaaslan/ros2_urdf_ws/build/my_robot_bringup -- -j12 -l12
[1.299s] DEBUG:colcon.colcon_core.event_handler.log_command:Invoking command in '/home/cuma_karaaslan/ros2_urdf_ws/build/my_robot_bringup': CMAKE_PREFIX_PATH=${CMAKE_PREFIX_PATH}:/opt/ros/jazzy DEBUGINFOD_URLS=https://debuginfod.ubuntu.com /usr/bin/cmake --install /home/cuma_karaaslan/ros2_urdf_ws/build/my_robot_bringup
[1.300s] DEBUG:colcon.colcon_core.event_handler.log_command:Invoked command in '/home/cuma_karaaslan/ros2_urdf_ws/build/nav2_costmap_filters_demo' returned '0': CMAKE_PREFIX_PATH=${CMAKE_PREFIX_PATH}:/opt/ros/jazzy DEBUGINFOD_URLS=https://debuginfod.ubuntu.com /usr/bin/cmake --build /home/cuma_karaaslan/ros2_urdf_ws/build/nav2_costmap_filters_demo -- -j12 -l12
[1.301s] DEBUG:colcon.colcon_core.event_handler.log_command:Invoking command in '/home/cuma_karaaslan/ros2_urdf_ws/build/nav2_costmap_filters_demo': CMAKE_PREFIX_PATH=${CMAKE_PREFIX_PATH}:/opt/ros/jazzy DEBUGINFOD_URLS=https://debuginfod.ubuntu.com /usr/bin/cmake --install /home/cuma_karaaslan/ros2_urdf_ws/build/nav2_costmap_filters_demo
[1.302s] DEBUG:colcon.colcon_core.event_handler.log_command:Invoked command in '/home/cuma_karaaslan/ros2_urdf_ws/build/my_robot_description' returned '0': CMAKE_PREFIX_PATH=${CMAKE_PREFIX_PATH}:/opt/ros/jazzy DEBUGINFOD_URLS=https://debuginfod.ubuntu.com /usr/bin/cmake --build /home/cuma_karaaslan/ros2_urdf_ws/build/my_robot_description -- -j12 -l12
[1.303s] DEBUG:colcon.colcon_core.event_handler.log_command:Invoking command in '/home/cuma_karaaslan/ros2_urdf_ws/build/my_robot_description': CMAKE_PREFIX_PATH=${CMAKE_PREFIX_PATH}:/opt/ros/jazzy DEBUGINFOD_URLS=https://debuginfod.ubuntu.com /usr/bin/cmake --install /home/cuma_karaaslan/ros2_urdf_ws/build/my_robot_description
[1.308s] DEBUG:colcon.colcon_core.event_handler.log_command:Invoking command in '/home/cuma_karaaslan/ros2_urdf_ws/build/sam_bot_description': CMAKE_PREFIX_PATH=${CMAKE_PREFIX_PATH}:/opt/ros/jazzy DEBUGINFOD_URLS=https://debuginfod.ubuntu.com /usr/bin/cmake --build /home/cuma_karaaslan/ros2_urdf_ws/build/sam_bot_description -- -j12 -l12
[1.309s] DEBUG:colcon.colcon_core.event_handler.log_command:Invoked command in '/home/cuma_karaaslan/ros2_urdf_ws/build/nav2_gradient_costmap_plugin' returned '0': CMAKE_PREFIX_PATH=${CMAKE_PREFIX_PATH}:/opt/ros/jazzy DEBUGINFOD_URLS=https://debuginfod.ubuntu.com /usr/bin/cmake --build /home/cuma_karaaslan/ros2_urdf_ws/build/nav2_gradient_costmap_plugin -- -j12 -l12
[1.311s] DEBUG:colcon.colcon_core.event_handler.log_command:Invoking command in '/home/cuma_karaaslan/ros2_urdf_ws/build/nav2_gradient_costmap_plugin': CMAKE_PREFIX_PATH=${CMAKE_PREFIX_PATH}:/opt/ros/jazzy DEBUGINFOD_URLS=https://debuginfod.ubuntu.com /usr/bin/cmake --install /home/cuma_karaaslan/ros2_urdf_ws/build/nav2_gradient_costmap_plugin
[1.335s] Level 1:colcon.colcon_core.environment:create_environment_scripts_only(my_robot_description)
[1.349s] Level 1:colcon.colcon_core.environment:checking '/home/cuma_karaaslan/ros2_urdf_ws/install/my_robot_description' for CMake module files
[1.351s] Level 1:colcon.colcon_core.environment:checking '/home/cuma_karaaslan/ros2_urdf_ws/install/my_robot_description' for CMake config files
[1.353s] Level 1:colcon.colcon_core.shell:create_environment_hook('my_robot_description', 'cmake_prefix_path')
[1.354s] INFO:colcon.colcon_core.shell:Creating environment hook '/home/cuma_karaaslan/ros2_urdf_ws/install/my_robot_description/share/my_robot_description/hook/cmake_prefix_path.ps1'
[1.356s] INFO:colcon.colcon_core.shell:Creating environment descriptor '/home/cuma_karaaslan/ros2_urdf_ws/install/my_robot_description/share/my_robot_description/hook/cmake_prefix_path.dsv'
[1.358s] INFO:colcon.colcon_core.shell:Creating environment hook '/home/cuma_karaaslan/ros2_urdf_ws/install/my_robot_description/share/my_robot_description/hook/cmake_prefix_path.sh'
[1.361s] Level 1:colcon.colcon_core.environment:checking '/home/cuma_karaaslan/ros2_urdf_ws/install/my_robot_description/bin'
[1.361s] Level 1:colcon.colcon_core.environment:checking '/home/cuma_karaaslan/ros2_urdf_ws/install/my_robot_description/lib/pkgconfig/my_robot_description.pc'
[1.362s] Level 1:colcon.colcon_core.environment:checking '/home/cuma_karaaslan/ros2_urdf_ws/install/my_robot_description/lib/python3.12/site-packages'
[1.363s] Level 1:colcon.colcon_core.environment:checking '/home/cuma_karaaslan/ros2_urdf_ws/install/my_robot_description/bin'
[1.365s] INFO:colcon.colcon_core.shell:Creating package script '/home/cuma_karaaslan/ros2_urdf_ws/install/my_robot_description/share/my_robot_description/package.ps1'
[1.370s] DEBUG:colcon.colcon_core.event_handler.log_command:Invoked command in '/home/cuma_karaaslan/ros2_urdf_ws/build/my_robot_description' returned '0': CMAKE_PREFIX_PATH=${CMAKE_PREFIX_PATH}:/opt/ros/jazzy DEBUGINFOD_URLS=https://debuginfod.ubuntu.com /usr/bin/cmake --install /home/cuma_karaaslan/ros2_urdf_ws/build/my_robot_description
[1.371s] INFO:colcon.colcon_core.shell:Creating package descriptor '/home/cuma_karaaslan/ros2_urdf_ws/install/my_robot_description/share/my_robot_description/package.dsv'
[1.373s] INFO:colcon.colcon_core.shell:Creating package script '/home/cuma_karaaslan/ros2_urdf_ws/install/my_robot_description/share/my_robot_description/package.sh'
[1.374s] INFO:colcon.colcon_core.shell:Creating package script '/home/cuma_karaaslan/ros2_urdf_ws/install/my_robot_description/share/my_robot_description/package.bash'
[1.375s] INFO:colcon.colcon_core.shell:Creating package script '/home/cuma_karaaslan/ros2_urdf_ws/install/my_robot_description/share/my_robot_description/package.zsh'
[1.377s] Level 1:colcon.colcon_core.environment:create_file_with_runtime_dependencies(/home/cuma_karaaslan/ros2_urdf_ws/install/my_robot_description/share/colcon-core/packages/my_robot_description)
[1.378s] Level 1:colcon.colcon_core.environment:create_environment_scripts_only(my_robot_description)
[1.379s] Level 1:colcon.colcon_core.environment:checking '/home/cuma_karaaslan/ros2_urdf_ws/install/my_robot_description' for CMake module files
[1.380s] Level 1:colcon.colcon_core.environment:checking '/home/cuma_karaaslan/ros2_urdf_ws/install/my_robot_description' for CMake config files
[1.381s] Level 1:colcon.colcon_core.shell:create_environment_hook('my_robot_description', 'cmake_prefix_path')
[1.381s] INFO:colcon.colcon_core.shell:Creating environment hook '/home/cuma_karaaslan/ros2_urdf_ws/install/my_robot_description/share/my_robot_description/hook/cmake_prefix_path.ps1'
[1.382s] INFO:colcon.colcon_core.shell:Creating environment descriptor '/home/cuma_karaaslan/ros2_urdf_ws/install/my_robot_description/share/my_robot_description/hook/cmake_prefix_path.dsv'
[1.383s] INFO:colcon.colcon_core.shell:Creating environment hook '/home/cuma_karaaslan/ros2_urdf_ws/install/my_robot_description/share/my_robot_description/hook/cmake_prefix_path.sh'
[1.384s] Level 1:colcon.colcon_core.environment:checking '/home/cuma_karaaslan/ros2_urdf_ws/install/my_robot_description/bin'
[1.385s] Level 1:colcon.colcon_core.environment:checking '/home/cuma_karaaslan/ros2_urdf_ws/install/my_robot_description/lib/pkgconfig/my_robot_description.pc'
[1.385s] Level 1:colcon.colcon_core.environment:checking '/home/cuma_karaaslan/ros2_urdf_ws/install/my_robot_description/lib/python3.12/site-packages'
[1.386s] Level 1:colcon.colcon_core.environment:checking '/home/cuma_karaaslan/ros2_urdf_ws/install/my_robot_description/bin'
[1.386s] INFO:colcon.colcon_core.shell:Creating package script '/home/cuma_karaaslan/ros2_urdf_ws/install/my_robot_description/share/my_robot_description/package.ps1'
[1.388s] INFO:colcon.colcon_core.shell:Creating package descriptor '/home/cuma_karaaslan/ros2_urdf_ws/install/my_robot_description/share/my_robot_description/package.dsv'
[1.389s] INFO:colcon.colcon_core.shell:Creating package script '/home/cuma_karaaslan/ros2_urdf_ws/install/my_robot_description/share/my_robot_description/package.sh'
[1.390s] INFO:colcon.colcon_core.shell:Creating package script '/home/cuma_karaaslan/ros2_urdf_ws/install/my_robot_description/share/my_robot_description/package.bash'
[1.391s] INFO:colcon.colcon_core.shell:Creating package script '/home/cuma_karaaslan/ros2_urdf_ws/install/my_robot_description/share/my_robot_description/package.zsh'
[1.391s] Level 1:colcon.colcon_core.environment:create_file_with_runtime_dependencies(/home/cuma_karaaslan/ros2_urdf_ws/install/my_robot_description/share/colcon-core/packages/my_robot_description)
[1.392s] Level 1:colcon.colcon_core.environment:create_environment_scripts_only(nav2_costmap_filters_demo)
[1.393s] Level 1:colcon.colcon_core.environment:checking '/home/cuma_karaaslan/ros2_urdf_ws/install/nav2_costmap_filters_demo' for CMake module files
[1.395s] Level 1:colcon.colcon_core.environment:checking '/home/cuma_karaaslan/ros2_urdf_ws/install/nav2_costmap_filters_demo' for CMake config files
[1.396s] DEBUG:colcon.colcon_core.event_handler.log_command:Invoked command in '/home/cuma_karaaslan/ros2_urdf_ws/build/nav2_costmap_filters_demo' returned '0': CMAKE_PREFIX_PATH=${CMAKE_PREFIX_PATH}:/opt/ros/jazzy DEBUGINFOD_URLS=https://debuginfod.ubuntu.com /usr/bin/cmake --install /home/cuma_karaaslan/ros2_urdf_ws/build/nav2_costmap_filters_demo
[1.396s] Level 1:colcon.colcon_core.shell:create_environment_hook('nav2_costmap_filters_demo', 'cmake_prefix_path')
[1.396s] INFO:colcon.colcon_core.shell:Creating environment hook '/home/cuma_karaaslan/ros2_urdf_ws/install/nav2_costmap_filters_demo/share/nav2_costmap_filters_demo/hook/cmake_prefix_path.ps1'
[1.397s] INFO:colcon.colcon_core.shell:Creating environment descriptor '/home/cuma_karaaslan/ros2_urdf_ws/install/nav2_costmap_filters_demo/share/nav2_costmap_filters_demo/hook/cmake_prefix_path.dsv'
[1.398s] INFO:colcon.colcon_core.shell:Creating environment hook '/home/cuma_karaaslan/ros2_urdf_ws/install/nav2_costmap_filters_demo/share/nav2_costmap_filters_demo/hook/cmake_prefix_path.sh'
[1.399s] Level 1:colcon.colcon_core.environment:checking '/home/cuma_karaaslan/ros2_urdf_ws/install/nav2_costmap_filters_demo/bin'
[1.400s] Level 1:colcon.colcon_core.environment:checking '/home/cuma_karaaslan/ros2_urdf_ws/install/nav2_costmap_filters_demo/lib/pkgconfig/nav2_costmap_filters_demo.pc'
[1.400s] Level 1:colcon.colcon_core.environment:checking '/home/cuma_karaaslan/ros2_urdf_ws/install/nav2_costmap_filters_demo/lib/python3.12/site-packages'
[1.401s] Level 1:colcon.colcon_core.environment:checking '/home/cuma_karaaslan/ros2_urdf_ws/install/nav2_costmap_filters_demo/bin'
[1.401s] INFO:colcon.colcon_core.shell:Creating package script '/home/cuma_karaaslan/ros2_urdf_ws/install/nav2_costmap_filters_demo/share/nav2_costmap_filters_demo/package.ps1'
[1.403s] INFO:colcon.colcon_core.shell:Creating package descriptor '/home/cuma_karaaslan/ros2_urdf_ws/install/nav2_costmap_filters_demo/share/nav2_costmap_filters_demo/package.dsv'
[1.404s] INFO:colcon.colcon_core.shell:Creating package script '/home/cuma_karaaslan/ros2_urdf_ws/install/nav2_costmap_filters_demo/share/nav2_costmap_filters_demo/package.sh'
[1.405s] INFO:colcon.colcon_core.shell:Creating package script '/home/cuma_karaaslan/ros2_urdf_ws/install/nav2_costmap_filters_demo/share/nav2_costmap_filters_demo/package.bash'
[1.406s] INFO:colcon.colcon_core.shell:Creating package script '/home/cuma_karaaslan/ros2_urdf_ws/install/nav2_costmap_filters_demo/share/nav2_costmap_filters_demo/package.zsh'
[1.408s] Level 1:colcon.colcon_core.environment:create_file_with_runtime_dependencies(/home/cuma_karaaslan/ros2_urdf_ws/install/nav2_costmap_filters_demo/share/colcon-core/packages/nav2_costmap_filters_demo)
[1.409s] Level 1:colcon.colcon_core.environment:create_environment_scripts_only(nav2_costmap_filters_demo)
[1.410s] Level 1:colcon.colcon_core.environment:checking '/home/cuma_karaaslan/ros2_urdf_ws/install/nav2_costmap_filters_demo' for CMake module files
[1.411s] Level 1:colcon.colcon_core.environment:checking '/home/cuma_karaaslan/ros2_urdf_ws/install/nav2_costmap_filters_demo' for CMake config files
[1.411s] Level 1:colcon.colcon_core.shell:create_environment_hook('nav2_costmap_filters_demo', 'cmake_prefix_path')
[1.412s] INFO:colcon.colcon_core.shell:Creating environment hook '/home/cuma_karaaslan/ros2_urdf_ws/install/nav2_costmap_filters_demo/share/nav2_costmap_filters_demo/hook/cmake_prefix_path.ps1'
[1.414s] INFO:colcon.colcon_core.shell:Creating environment descriptor '/home/cuma_karaaslan/ros2_urdf_ws/install/nav2_costmap_filters_demo/share/nav2_costmap_filters_demo/hook/cmake_prefix_path.dsv'
[1.415s] INFO:colcon.colcon_core.shell:Creating environment hook '/home/cuma_karaaslan/ros2_urdf_ws/install/nav2_costmap_filters_demo/share/nav2_costmap_filters_demo/hook/cmake_prefix_path.sh'
[1.416s] Level 1:colcon.colcon_core.environment:checking '/home/cuma_karaaslan/ros2_urdf_ws/install/nav2_costmap_filters_demo/bin'
[1.416s] Level 1:colcon.colcon_core.environment:checking '/home/cuma_karaaslan/ros2_urdf_ws/install/nav2_costmap_filters_demo/lib/pkgconfig/nav2_costmap_filters_demo.pc'
[1.417s] Level 1:colcon.colcon_core.environment:checking '/home/cuma_karaaslan/ros2_urdf_ws/install/nav2_costmap_filters_demo/lib/python3.12/site-packages'
[1.418s] Level 1:colcon.colcon_core.environment:checking '/home/cuma_karaaslan/ros2_urdf_ws/install/nav2_costmap_filters_demo/bin'
[1.418s] INFO:colcon.colcon_core.shell:Creating package script '/home/cuma_karaaslan/ros2_urdf_ws/install/nav2_costmap_filters_demo/share/nav2_costmap_filters_demo/package.ps1'
[1.419s] INFO:colcon.colcon_core.shell:Creating package descriptor '/home/cuma_karaaslan/ros2_urdf_ws/install/nav2_costmap_filters_demo/share/nav2_costmap_filters_demo/package.dsv'
[1.421s] INFO:colcon.colcon_core.shell:Creating package script '/home/cuma_karaaslan/ros2_urdf_ws/install/nav2_costmap_filters_demo/share/nav2_costmap_filters_demo/package.sh'
[1.422s] INFO:colcon.colcon_core.shell:Creating package script '/home/cuma_karaaslan/ros2_urdf_ws/install/nav2_costmap_filters_demo/share/nav2_costmap_filters_demo/package.bash'
[1.423s] INFO:colcon.colcon_core.shell:Creating package script '/home/cuma_karaaslan/ros2_urdf_ws/install/nav2_costmap_filters_demo/share/nav2_costmap_filters_demo/package.zsh'
[1.424s] Level 1:colcon.colcon_core.environment:create_file_with_runtime_dependencies(/home/cuma_karaaslan/ros2_urdf_ws/install/nav2_costmap_filters_demo/share/colcon-core/packages/nav2_costmap_filters_demo)
[1.424s] Level 1:colcon.colcon_core.environment:create_environment_scripts_only(my_robot_bringup)
[1.425s] Level 1:colcon.colcon_core.environment:checking '/home/cuma_karaaslan/ros2_urdf_ws/install/my_robot_bringup' for CMake module files
[1.427s] Level 1:colcon.colcon_core.environment:checking '/home/cuma_karaaslan/ros2_urdf_ws/install/my_robot_bringup' for CMake config files
[1.428s] DEBUG:colcon.colcon_core.event_handler.log_command:Invoked command in '/home/cuma_karaaslan/ros2_urdf_ws/build/my_robot_bringup' returned '0': CMAKE_PREFIX_PATH=${CMAKE_PREFIX_PATH}:/opt/ros/jazzy DEBUGINFOD_URLS=https://debuginfod.ubuntu.com /usr/bin/cmake --install /home/cuma_karaaslan/ros2_urdf_ws/build/my_robot_bringup
[1.428s] Level 1:colcon.colcon_core.shell:create_environment_hook('my_robot_bringup', 'cmake_prefix_path')
[1.429s] INFO:colcon.colcon_core.shell:Creating environment hook '/home/cuma_karaaslan/ros2_urdf_ws/install/my_robot_bringup/share/my_robot_bringup/hook/cmake_prefix_path.ps1'
[1.430s] INFO:colcon.colcon_core.shell:Creating environment descriptor '/home/cuma_karaaslan/ros2_urdf_ws/install/my_robot_bringup/share/my_robot_bringup/hook/cmake_prefix_path.dsv'
[1.431s] INFO:colcon.colcon_core.shell:Creating environment hook '/home/cuma_karaaslan/ros2_urdf_ws/install/my_robot_bringup/share/my_robot_bringup/hook/cmake_prefix_path.sh'
[1.432s] Level 1:colcon.colcon_core.environment:checking '/home/cuma_karaaslan/ros2_urdf_ws/install/my_robot_bringup/bin'
[1.433s] Level 1:colcon.colcon_core.environment:checking '/home/cuma_karaaslan/ros2_urdf_ws/install/my_robot_bringup/lib/pkgconfig/my_robot_bringup.pc'
[1.433s] Level 1:colcon.colcon_core.environment:checking '/home/cuma_karaaslan/ros2_urdf_ws/install/my_robot_bringup/lib/python3.12/site-packages'
[1.434s] Level 1:colcon.colcon_core.environment:checking '/home/cuma_karaaslan/ros2_urdf_ws/install/my_robot_bringup/bin'
[1.434s] INFO:colcon.colcon_core.shell:Creating package script '/home/cuma_karaaslan/ros2_urdf_ws/install/my_robot_bringup/share/my_robot_bringup/package.ps1'
[1.435s] INFO:colcon.colcon_core.shell:Creating package descriptor '/home/cuma_karaaslan/ros2_urdf_ws/install/my_robot_bringup/share/my_robot_bringup/package.dsv'
[1.436s] INFO:colcon.colcon_core.shell:Creating package script '/home/cuma_karaaslan/ros2_urdf_ws/install/my_robot_bringup/share/my_robot_bringup/package.sh'
[1.437s] INFO:colcon.colcon_core.shell:Creating package script '/home/cuma_karaaslan/ros2_urdf_ws/install/my_robot_bringup/share/my_robot_bringup/package.bash'
[1.438s] INFO:colcon.colcon_core.shell:Creating package script '/home/cuma_karaaslan/ros2_urdf_ws/install/my_robot_bringup/share/my_robot_bringup/package.zsh'
[1.438s] Level 1:colcon.colcon_core.environment:create_file_with_runtime_dependencies(/home/cuma_karaaslan/ros2_urdf_ws/install/my_robot_bringup/share/colcon-core/packages/my_robot_bringup)
[1.439s] Level 1:colcon.colcon_core.environment:create_environment_scripts_only(my_robot_bringup)
[1.440s] Level 1:colcon.colcon_core.environment:checking '/home/cuma_karaaslan/ros2_urdf_ws/install/my_robot_bringup' for CMake module files
[1.441s] Level 1:colcon.colcon_core.environment:checking '/home/cuma_karaaslan/ros2_urdf_ws/install/my_robot_bringup' for CMake config files
[1.441s] Level 1:colcon.colcon_core.shell:create_environment_hook('my_robot_bringup', 'cmake_prefix_path')
[1.441s] INFO:colcon.colcon_core.shell:Creating environment hook '/home/cuma_karaaslan/ros2_urdf_ws/install/my_robot_bringup/share/my_robot_bringup/hook/cmake_prefix_path.ps1'
[1.442s] INFO:colcon.colcon_core.shell:Creating environment descriptor '/home/cuma_karaaslan/ros2_urdf_ws/install/my_robot_bringup/share/my_robot_bringup/hook/cmake_prefix_path.dsv'
[1.443s] INFO:colcon.colcon_core.shell:Creating environment hook '/home/cuma_karaaslan/ros2_urdf_ws/install/my_robot_bringup/share/my_robot_bringup/hook/cmake_prefix_path.sh'
[1.444s] Level 1:colcon.colcon_core.environment:checking '/home/cuma_karaaslan/ros2_urdf_ws/install/my_robot_bringup/bin'
[1.445s] Level 1:colcon.colcon_core.environment:checking '/home/cuma_karaaslan/ros2_urdf_ws/install/my_robot_bringup/lib/pkgconfig/my_robot_bringup.pc'
[1.445s] Level 1:colcon.colcon_core.environment:checking '/home/cuma_karaaslan/ros2_urdf_ws/install/my_robot_bringup/lib/python3.12/site-packages'
[1.446s] Level 1:colcon.colcon_core.environment:checking '/home/cuma_karaaslan/ros2_urdf_ws/install/my_robot_bringup/bin'
[1.446s] INFO:colcon.colcon_core.shell:Creating package script '/home/cuma_karaaslan/ros2_urdf_ws/install/my_robot_bringup/share/my_robot_bringup/package.ps1'
[1.447s] INFO:colcon.colcon_core.shell:Creating package descriptor '/home/cuma_karaaslan/ros2_urdf_ws/install/my_robot_bringup/share/my_robot_bringup/package.dsv'
[1.448s] INFO:colcon.colcon_core.shell:Creating package script '/home/cuma_karaaslan/ros2_urdf_ws/install/my_robot_bringup/share/my_robot_bringup/package.sh'
[1.449s] INFO:colcon.colcon_core.shell:Creating package script '/home/cuma_karaaslan/ros2_urdf_ws/install/my_robot_bringup/share/my_robot_bringup/package.bash'
[1.449s] INFO:colcon.colcon_core.shell:Creating package script '/home/cuma_karaaslan/ros2_urdf_ws/install/my_robot_bringup/share/my_robot_bringup/package.zsh'
[1.450s] Level 1:colcon.colcon_core.environment:create_file_with_runtime_dependencies(/home/cuma_karaaslan/ros2_urdf_ws/install/my_robot_bringup/share/colcon-core/packages/my_robot_bringup)
[1.450s] Level 1:colcon.colcon_core.environment:create_environment_scripts_only(nav2_gradient_costmap_plugin)
[1.451s] Level 1:colcon.colcon_core.environment:checking '/home/cuma_karaaslan/ros2_urdf_ws/install/nav2_gradient_costmap_plugin' for CMake module files
[1.453s] Level 1:colcon.colcon_core.environment:checking '/home/cuma_karaaslan/ros2_urdf_ws/install/nav2_gradient_costmap_plugin' for CMake config files
[1.453s] Level 1:colcon.colcon_core.shell:create_environment_hook('nav2_gradient_costmap_plugin', 'cmake_prefix_path')
[1.454s] INFO:colcon.colcon_core.shell:Creating environment hook '/home/cuma_karaaslan/ros2_urdf_ws/install/nav2_gradient_costmap_plugin/share/nav2_gradient_costmap_plugin/hook/cmake_prefix_path.ps1'
[1.454s] DEBUG:colcon.colcon_core.event_handler.log_command:Invoked command in '/home/cuma_karaaslan/ros2_urdf_ws/build/nav2_gradient_costmap_plugin' returned '0': CMAKE_PREFIX_PATH=${CMAKE_PREFIX_PATH}:/opt/ros/jazzy DEBUGINFOD_URLS=https://debuginfod.ubuntu.com /usr/bin/cmake --install /home/cuma_karaaslan/ros2_urdf_ws/build/nav2_gradient_costmap_plugin
[1.455s] INFO:colcon.colcon_core.shell:Creating environment descriptor '/home/cuma_karaaslan/ros2_urdf_ws/install/nav2_gradient_costmap_plugin/share/nav2_gradient_costmap_plugin/hook/cmake_prefix_path.dsv'
[1.455s] INFO:colcon.colcon_core.shell:Creating environment hook '/home/cuma_karaaslan/ros2_urdf_ws/install/nav2_gradient_costmap_plugin/share/nav2_gradient_costmap_plugin/hook/cmake_prefix_path.sh'
[1.456s] Level 1:colcon.colcon_core.environment:checking '/home/cuma_karaaslan/ros2_urdf_ws/install/nav2_gradient_costmap_plugin/lib'
[1.457s] Level 1:colcon.colcon_core.shell:create_environment_hook('nav2_gradient_costmap_plugin', 'ld_library_path_lib')
[1.457s] INFO:colcon.colcon_core.shell:Creating environment hook '/home/cuma_karaaslan/ros2_urdf_ws/install/nav2_gradient_costmap_plugin/share/nav2_gradient_costmap_plugin/hook/ld_library_path_lib.ps1'
[1.458s] INFO:colcon.colcon_core.shell:Creating environment descriptor '/home/cuma_karaaslan/ros2_urdf_ws/install/nav2_gradient_costmap_plugin/share/nav2_gradient_costmap_plugin/hook/ld_library_path_lib.dsv'
[1.458s] INFO:colcon.colcon_core.shell:Creating environment hook '/home/cuma_karaaslan/ros2_urdf_ws/install/nav2_gradient_costmap_plugin/share/nav2_gradient_costmap_plugin/hook/ld_library_path_lib.sh'
[1.459s] Level 1:colcon.colcon_core.environment:checking '/home/cuma_karaaslan/ros2_urdf_ws/install/nav2_gradient_costmap_plugin/bin'
[1.459s] Level 1:colcon.colcon_core.environment:checking '/home/cuma_karaaslan/ros2_urdf_ws/install/nav2_gradient_costmap_plugin/lib/pkgconfig/nav2_gradient_costmap_plugin.pc'
[1.459s] Level 1:colcon.colcon_core.environment:checking '/home/cuma_karaaslan/ros2_urdf_ws/install/nav2_gradient_costmap_plugin/lib/python3.12/site-packages'
[1.460s] Level 1:colcon.colcon_core.environment:checking '/home/cuma_karaaslan/ros2_urdf_ws/install/nav2_gradient_costmap_plugin/bin'
[1.460s] INFO:colcon.colcon_core.shell:Creating package script '/home/cuma_karaaslan/ros2_urdf_ws/install/nav2_gradient_costmap_plugin/share/nav2_gradient_costmap_plugin/package.ps1'
[1.461s] INFO:colcon.colcon_core.shell:Creating package descriptor '/home/cuma_karaaslan/ros2_urdf_ws/install/nav2_gradient_costmap_plugin/share/nav2_gradient_costmap_plugin/package.dsv'
[1.462s] INFO:colcon.colcon_core.shell:Creating package script '/home/cuma_karaaslan/ros2_urdf_ws/install/nav2_gradient_costmap_plugin/share/nav2_gradient_costmap_plugin/package.sh'
[1.462s] INFO:colcon.colcon_core.shell:Creating package script '/home/cuma_karaaslan/ros2_urdf_ws/install/nav2_gradient_costmap_plugin/share/nav2_gradient_costmap_plugin/package.bash'
[1.463s] INFO:colcon.colcon_core.shell:Creating package script '/home/cuma_karaaslan/ros2_urdf_ws/install/nav2_gradient_costmap_plugin/share/nav2_gradient_costmap_plugin/package.zsh'
[1.464s] Level 1:colcon.colcon_core.environment:create_file_with_runtime_dependencies(/home/cuma_karaaslan/ros2_urdf_ws/install/nav2_gradient_costmap_plugin/share/colcon-core/packages/nav2_gradient_costmap_plugin)
[1.465s] Level 1:colcon.colcon_core.environment:create_environment_scripts_only(nav2_gradient_costmap_plugin)
[1.465s] Level 1:colcon.colcon_core.environment:checking '/home/cuma_karaaslan/ros2_urdf_ws/install/nav2_gradient_costmap_plugin' for CMake module files
[1.466s] Level 1:colcon.colcon_core.environment:checking '/home/cuma_karaaslan/ros2_urdf_ws/install/nav2_gradient_costmap_plugin' for CMake config files
[1.467s] Level 1:colcon.colcon_core.shell:create_environment_hook('nav2_gradient_costmap_plugin', 'cmake_prefix_path')
[1.467s] INFO:colcon.colcon_core.shell:Creating environment hook '/home/cuma_karaaslan/ros2_urdf_ws/install/nav2_gradient_costmap_plugin/share/nav2_gradient_costmap_plugin/hook/cmake_prefix_path.ps1'
[1.468s] INFO:colcon.colcon_core.shell:Creating environment descriptor '/home/cuma_karaaslan/ros2_urdf_ws/install/nav2_gradient_costmap_plugin/share/nav2_gradient_costmap_plugin/hook/cmake_prefix_path.dsv'
[1.469s] INFO:colcon.colcon_core.shell:Creating environment hook '/home/cuma_karaaslan/ros2_urdf_ws/install/nav2_gradient_costmap_plugin/share/nav2_gradient_costmap_plugin/hook/cmake_prefix_path.sh'
[1.470s] Level 1:colcon.colcon_core.environment:checking '/home/cuma_karaaslan/ros2_urdf_ws/install/nav2_gradient_costmap_plugin/lib'
[1.470s] Level 1:colcon.colcon_core.shell:create_environment_hook('nav2_gradient_costmap_plugin', 'ld_library_path_lib')
[1.470s] INFO:colcon.colcon_core.shell:Creating environment hook '/home/cuma_karaaslan/ros2_urdf_ws/install/nav2_gradient_costmap_plugin/share/nav2_gradient_costmap_plugin/hook/ld_library_path_lib.ps1'
[1.471s] INFO:colcon.colcon_core.shell:Creating environment descriptor '/home/cuma_karaaslan/ros2_urdf_ws/install/nav2_gradient_costmap_plugin/share/nav2_gradient_costmap_plugin/hook/ld_library_path_lib.dsv'
[1.471s] INFO:colcon.colcon_core.shell:Creating environment hook '/home/cuma_karaaslan/ros2_urdf_ws/install/nav2_gradient_costmap_plugin/share/nav2_gradient_costmap_plugin/hook/ld_library_path_lib.sh'
[1.472s] Level 1:colcon.colcon_core.environment:checking '/home/cuma_karaaslan/ros2_urdf_ws/install/nav2_gradient_costmap_plugin/bin'
[1.472s] Level 1:colcon.colcon_core.environment:checking '/home/cuma_karaaslan/ros2_urdf_ws/install/nav2_gradient_costmap_plugin/lib/pkgconfig/nav2_gradient_costmap_plugin.pc'
[1.473s] Level 1:colcon.colcon_core.environment:checking '/home/cuma_karaaslan/ros2_urdf_ws/install/nav2_gradient_costmap_plugin/lib/python3.12/site-packages'
[1.473s] Level 1:colcon.colcon_core.environment:checking '/home/cuma_karaaslan/ros2_urdf_ws/install/nav2_gradient_costmap_plugin/bin'
[1.473s] INFO:colcon.colcon_core.shell:Creating package script '/home/cuma_karaaslan/ros2_urdf_ws/install/nav2_gradient_costmap_plugin/share/nav2_gradient_costmap_plugin/package.ps1'
[1.474s] INFO:colcon.colcon_core.shell:Creating package descriptor '/home/cuma_karaaslan/ros2_urdf_ws/install/nav2_gradient_costmap_plugin/share/nav2_gradient_costmap_plugin/package.dsv'
[1.475s] INFO:colcon.colcon_core.shell:Creating package script '/home/cuma_karaaslan/ros2_urdf_ws/install/nav2_gradient_costmap_plugin/share/nav2_gradient_costmap_plugin/package.sh'
[1.476s] INFO:colcon.colcon_core.shell:Creating package script '/home/cuma_karaaslan/ros2_urdf_ws/install/nav2_gradient_costmap_plugin/share/nav2_gradient_costmap_plugin/package.bash'
[1.477s] INFO:colcon.colcon_core.shell:Creating package script '/home/cuma_karaaslan/ros2_urdf_ws/install/nav2_gradient_costmap_plugin/share/nav2_gradient_costmap_plugin/package.zsh'
[1.477s] Level 1:colcon.colcon_core.environment:create_file_with_runtime_dependencies(/home/cuma_karaaslan/ros2_urdf_ws/install/nav2_gradient_costmap_plugin/share/colcon-core/packages/nav2_gradient_costmap_plugin)
[1.480s] DEBUG:colcon.colcon_core.event_handler.log_command:Invoked command in '/home/cuma_karaaslan/ros2_urdf_ws/build/sam_bot_description' returned '0': CMAKE_PREFIX_PATH=${CMAKE_PREFIX_PATH}:/opt/ros/jazzy DEBUGINFOD_URLS=https://debuginfod.ubuntu.com /usr/bin/cmake --build /home/cuma_karaaslan/ros2_urdf_ws/build/sam_bot_description -- -j12 -l12
[1.482s] DEBUG:colcon.colcon_core.event_handler.log_command:Invoking command in '/home/cuma_karaaslan/ros2_urdf_ws/build/sam_bot_description': CMAKE_PREFIX_PATH=${CMAKE_PREFIX_PATH}:/opt/ros/jazzy DEBUGINFOD_URLS=https://debuginfod.ubuntu.com /usr/bin/cmake --install /home/cuma_karaaslan/ros2_urdf_ws/build/sam_bot_description
[1.502s] Level 1:colcon.colcon_core.environment:create_environment_scripts_only(sam_bot_description)
[1.502s] Level 1:colcon.colcon_core.environment:checking '/home/cuma_karaaslan/ros2_urdf_ws/install/sam_bot_description' for CMake module files
[1.505s] Level 1:colcon.colcon_core.environment:checking '/home/cuma_karaaslan/ros2_urdf_ws/install/sam_bot_description' for CMake config files
[1.506s] Level 1:colcon.colcon_core.shell:create_environment_hook('sam_bot_description', 'cmake_prefix_path')
[1.507s] INFO:colcon.colcon_core.shell:Creating environment hook '/home/cuma_karaaslan/ros2_urdf_ws/install/sam_bot_description/share/sam_bot_description/hook/cmake_prefix_path.ps1'
[1.509s] DEBUG:colcon.colcon_core.event_handler.log_command:Invoked command in '/home/cuma_karaaslan/ros2_urdf_ws/build/sam_bot_description' returned '0': CMAKE_PREFIX_PATH=${CMAKE_PREFIX_PATH}:/opt/ros/jazzy DEBUGINFOD_URLS=https://debuginfod.ubuntu.com /usr/bin/cmake --install /home/cuma_karaaslan/ros2_urdf_ws/build/sam_bot_description
[1.509s] INFO:colcon.colcon_core.shell:Creating environment descriptor '/home/cuma_karaaslan/ros2_urdf_ws/install/sam_bot_description/share/sam_bot_description/hook/cmake_prefix_path.dsv'
[1.510s] INFO:colcon.colcon_core.shell:Creating environment hook '/home/cuma_karaaslan/ros2_urdf_ws/install/sam_bot_description/share/sam_bot_description/hook/cmake_prefix_path.sh'
[1.511s] Level 1:colcon.colcon_core.environment:checking '/home/cuma_karaaslan/ros2_urdf_ws/install/sam_bot_description/bin'
[1.511s] Level 1:colcon.colcon_core.environment:checking '/home/cuma_karaaslan/ros2_urdf_ws/install/sam_bot_description/lib/pkgconfig/sam_bot_description.pc'
[1.511s] Level 1:colcon.colcon_core.environment:checking '/home/cuma_karaaslan/ros2_urdf_ws/install/sam_bot_description/lib/python3.12/site-packages'
[1.512s] Level 1:colcon.colcon_core.environment:checking '/home/cuma_karaaslan/ros2_urdf_ws/install/sam_bot_description/bin'
[1.512s] INFO:colcon.colcon_core.shell:Creating package script '/home/cuma_karaaslan/ros2_urdf_ws/install/sam_bot_description/share/sam_bot_description/package.ps1'
[1.513s] INFO:colcon.colcon_core.shell:Creating package descriptor '/home/cuma_karaaslan/ros2_urdf_ws/install/sam_bot_description/share/sam_bot_description/package.dsv'
[1.513s] INFO:colcon.colcon_core.shell:Creating package script '/home/cuma_karaaslan/ros2_urdf_ws/install/sam_bot_description/share/sam_bot_description/package.sh'
[1.514s] INFO:colcon.colcon_core.shell:Creating package script '/home/cuma_karaaslan/ros2_urdf_ws/install/sam_bot_description/share/sam_bot_description/package.bash'
[1.515s] INFO:colcon.colcon_core.shell:Creating package script '/home/cuma_karaaslan/ros2_urdf_ws/install/sam_bot_description/share/sam_bot_description/package.zsh'
[1.515s] Level 1:colcon.colcon_core.environment:create_file_with_runtime_dependencies(/home/cuma_karaaslan/ros2_urdf_ws/install/sam_bot_description/share/colcon-core/packages/sam_bot_description)
[1.516s] Level 1:colcon.colcon_core.environment:create_environment_scripts_only(sam_bot_description)
[1.516s] Level 1:colcon.colcon_core.environment:checking '/home/cuma_karaaslan/ros2_urdf_ws/install/sam_bot_description' for CMake module files
[1.517s] Level 1:colcon.colcon_core.environment:checking '/home/cuma_karaaslan/ros2_urdf_ws/install/sam_bot_description' for CMake config files
[1.517s] Level 1:colcon.colcon_core.shell:create_environment_hook('sam_bot_description', 'cmake_prefix_path')
[1.517s] INFO:colcon.colcon_core.shell:Creating environment hook '/home/cuma_karaaslan/ros2_urdf_ws/install/sam_bot_description/share/sam_bot_description/hook/cmake_prefix_path.ps1'
[1.518s] INFO:colcon.colcon_core.shell:Creating environment descriptor '/home/cuma_karaaslan/ros2_urdf_ws/install/sam_bot_description/share/sam_bot_description/hook/cmake_prefix_path.dsv'
[1.518s] INFO:colcon.colcon_core.shell:Creating environment hook '/home/cuma_karaaslan/ros2_urdf_ws/install/sam_bot_description/share/sam_bot_description/hook/cmake_prefix_path.sh'
[1.520s] Level 1:colcon.colcon_core.environment:checking '/home/cuma_karaaslan/ros2_urdf_ws/install/sam_bot_description/bin'
[1.520s] Level 1:colcon.colcon_core.environment:checking '/home/cuma_karaaslan/ros2_urdf_ws/install/sam_bot_description/lib/pkgconfig/sam_bot_description.pc'
[1.520s] Level 1:colcon.colcon_core.environment:checking '/home/cuma_karaaslan/ros2_urdf_ws/install/sam_bot_description/lib/python3.12/site-packages'
[1.520s] Level 1:colcon.colcon_core.environment:checking '/home/cuma_karaaslan/ros2_urdf_ws/install/sam_bot_description/bin'
[1.521s] INFO:colcon.colcon_core.shell:Creating package script '/home/cuma_karaaslan/ros2_urdf_ws/install/sam_bot_description/share/sam_bot_description/package.ps1'
[1.522s] INFO:colcon.colcon_core.shell:Creating package descriptor '/home/cuma_karaaslan/ros2_urdf_ws/install/sam_bot_description/share/sam_bot_description/package.dsv'
[1.522s] INFO:colcon.colcon_core.shell:Creating package script '/home/cuma_karaaslan/ros2_urdf_ws/install/sam_bot_description/share/sam_bot_description/package.sh'
[1.523s] INFO:colcon.colcon_core.shell:Creating package script '/home/cuma_karaaslan/ros2_urdf_ws/install/sam_bot_description/share/sam_bot_description/package.bash'
[1.524s] INFO:colcon.colcon_core.shell:Creating package script '/home/cuma_karaaslan/ros2_urdf_ws/install/sam_bot_description/share/sam_bot_description/package.zsh'
[1.525s] Level 1:colcon.colcon_core.environment:create_file_with_runtime_dependencies(/home/cuma_karaaslan/ros2_urdf_ws/install/sam_bot_description/share/colcon-core/packages/sam_bot_description)
[2.392s] DEBUG:colcon.colcon_core.event_handler.log_command:Invoking command in '/home/cuma_karaaslan/ros2_urdf_ws/navigation2_tutorials/nav2_gps_waypoint_follower_demo': DEBUGINFOD_URLS=https://debuginfod.ubuntu.com PYTHONPATH=/home/cuma_karaaslan/ros2_urdf_ws/build/nav2_gps_waypoint_follower_demo/prefix_override:/usr/lib/python3/dist-packages/colcon_core/task/python/colcon_distutils_commands:/home/cuma_karaaslan/ros2_urdf_ws/install/nav2_gps_waypoint_follower_demo/lib/python3.12/site-packages:${PYTHONPATH} /usr/bin/python3 -W ignore:setup.py install is deprecated -W ignore:easy_install command is deprecated setup.py egg_info --egg-base ../../build/nav2_gps_waypoint_follower_demo build --build-base /home/cuma_karaaslan/ros2_urdf_ws/build/nav2_gps_waypoint_follower_demo/build install --record /home/cuma_karaaslan/ros2_urdf_ws/build/nav2_gps_waypoint_follower_demo/install.log --single-version-externally-managed install_data
[2.400s] DEBUG:colcon.colcon_core.event_handler.log_command:Invoking command in '/home/cuma_karaaslan/ros2_urdf_ws/src/robot_web_server': DEBUGINFOD_URLS=https://debuginfod.ubuntu.com PYTHONPATH=/home/cuma_karaaslan/ros2_urdf_ws/build/robot_web_server/prefix_override:/usr/lib/python3/dist-packages/colcon_core/task/python/colcon_distutils_commands:/home/cuma_karaaslan/ros2_urdf_ws/install/robot_web_server/lib/python3.12/site-packages:${PYTHONPATH} /usr/bin/python3 -W ignore:setup.py install is deprecated -W ignore:easy_install command is deprecated setup.py egg_info --egg-base ../../build/robot_web_server build --build-base /home/cuma_karaaslan/ros2_urdf_ws/build/robot_web_server/build install --record /home/cuma_karaaslan/ros2_urdf_ws/build/robot_web_server/install.log --single-version-externally-managed install_data
[3.338s] Level 1:colcon.colcon_core.environment:checking '/home/cuma_karaaslan/ros2_urdf_ws/install/robot_web_server' for CMake module files
[3.340s] DEBUG:colcon.colcon_core.event_handler.log_command:Invoked command in '/home/cuma_karaaslan/ros2_urdf_ws/src/robot_web_server' returned '0': DEBUGINFOD_URLS=https://debuginfod.ubuntu.com PYTHONPATH=/home/cuma_karaaslan/ros2_urdf_ws/build/robot_web_server/prefix_override:/usr/lib/python3/dist-packages/colcon_core/task/python/colcon_distutils_commands:/home/cuma_karaaslan/ros2_urdf_ws/install/robot_web_server/lib/python3.12/site-packages:${PYTHONPATH} /usr/bin/python3 -W ignore:setup.py install is deprecated -W ignore:easy_install command is deprecated setup.py egg_info --egg-base ../../build/robot_web_server build --build-base /home/cuma_karaaslan/ros2_urdf_ws/build/robot_web_server/build install --record /home/cuma_karaaslan/ros2_urdf_ws/build/robot_web_server/install.log --single-version-externally-managed install_data
[3.341s] Level 1:colcon.colcon_core.environment:checking '/home/cuma_karaaslan/ros2_urdf_ws/install/robot_web_server' for CMake config files
[3.342s] Level 1:colcon.colcon_core.environment:checking '/home/cuma_karaaslan/ros2_urdf_ws/install/robot_web_server/lib'
[3.342s] Level 1:colcon.colcon_core.environment:checking '/home/cuma_karaaslan/ros2_urdf_ws/install/robot_web_server/bin'
[3.342s] Level 1:colcon.colcon_core.environment:checking '/home/cuma_karaaslan/ros2_urdf_ws/install/robot_web_server/lib/pkgconfig/robot_web_server.pc'
[3.342s] Level 1:colcon.colcon_core.environment:checking '/home/cuma_karaaslan/ros2_urdf_ws/install/robot_web_server/lib/python3.12/site-packages'
[3.343s] Level 1:colcon.colcon_core.shell:create_environment_hook('robot_web_server', 'pythonpath')
[3.343s] INFO:colcon.colcon_core.shell:Creating environment hook '/home/cuma_karaaslan/ros2_urdf_ws/install/robot_web_server/share/robot_web_server/hook/pythonpath.ps1'
[3.344s] INFO:colcon.colcon_core.shell:Creating environment descriptor '/home/cuma_karaaslan/ros2_urdf_ws/install/robot_web_server/share/robot_web_server/hook/pythonpath.dsv'
[3.345s] INFO:colcon.colcon_core.shell:Creating environment hook '/home/cuma_karaaslan/ros2_urdf_ws/install/robot_web_server/share/robot_web_server/hook/pythonpath.sh'
[3.346s] Level 1:colcon.colcon_core.environment:checking '/home/cuma_karaaslan/ros2_urdf_ws/install/robot_web_server/bin'
[3.346s] Level 1:colcon.colcon_core.environment:create_environment_scripts_only(robot_web_server)
[3.346s] INFO:colcon.colcon_core.shell:Creating package script '/home/cuma_karaaslan/ros2_urdf_ws/install/robot_web_server/share/robot_web_server/package.ps1'
[3.347s] INFO:colcon.colcon_core.shell:Creating package descriptor '/home/cuma_karaaslan/ros2_urdf_ws/install/robot_web_server/share/robot_web_server/package.dsv'
[3.347s] INFO:colcon.colcon_core.shell:Creating package script '/home/cuma_karaaslan/ros2_urdf_ws/install/robot_web_server/share/robot_web_server/package.sh'
[3.348s] INFO:colcon.colcon_core.shell:Creating package script '/home/cuma_karaaslan/ros2_urdf_ws/install/robot_web_server/share/robot_web_server/package.bash'
[3.349s] INFO:colcon.colcon_core.shell:Creating package script '/home/cuma_karaaslan/ros2_urdf_ws/install/robot_web_server/share/robot_web_server/package.zsh'
[3.349s] Level 1:colcon.colcon_core.environment:create_file_with_runtime_dependencies(/home/cuma_karaaslan/ros2_urdf_ws/install/robot_web_server/share/colcon-core/packages/robot_web_server)
[3.351s] Level 1:colcon.colcon_core.environment:checking '/home/cuma_karaaslan/ros2_urdf_ws/install/nav2_gps_waypoint_follower_demo' for CMake module files
[3.352s] DEBUG:colcon.colcon_core.event_handler.log_command:Invoked command in '/home/cuma_karaaslan/ros2_urdf_ws/navigation2_tutorials/nav2_gps_waypoint_follower_demo' returned '0': DEBUGINFOD_URLS=https://debuginfod.ubuntu.com PYTHONPATH=/home/cuma_karaaslan/ros2_urdf_ws/build/nav2_gps_waypoint_follower_demo/prefix_override:/usr/lib/python3/dist-packages/colcon_core/task/python/colcon_distutils_commands:/home/cuma_karaaslan/ros2_urdf_ws/install/nav2_gps_waypoint_follower_demo/lib/python3.12/site-packages:${PYTHONPATH} /usr/bin/python3 -W ignore:setup.py install is deprecated -W ignore:easy_install command is deprecated setup.py egg_info --egg-base ../../build/nav2_gps_waypoint_follower_demo build --build-base /home/cuma_karaaslan/ros2_urdf_ws/build/nav2_gps_waypoint_follower_demo/build install --record /home/cuma_karaaslan/ros2_urdf_ws/build/nav2_gps_waypoint_follower_demo/install.log --single-version-externally-managed install_data
[3.352s] Level 1:colcon.colcon_core.environment:checking '/home/cuma_karaaslan/ros2_urdf_ws/install/nav2_gps_waypoint_follower_demo' for CMake config files
[3.353s] Level 1:colcon.colcon_core.environment:checking '/home/cuma_karaaslan/ros2_urdf_ws/install/nav2_gps_waypoint_follower_demo/lib'
[3.354s] Level 1:colcon.colcon_core.environment:checking '/home/cuma_karaaslan/ros2_urdf_ws/install/nav2_gps_waypoint_follower_demo/bin'
[3.354s] Level 1:colcon.colcon_core.environment:checking '/home/cuma_karaaslan/ros2_urdf_ws/install/nav2_gps_waypoint_follower_demo/lib/pkgconfig/nav2_gps_waypoint_follower_demo.pc'
[3.354s] Level 1:colcon.colcon_core.environment:checking '/home/cuma_karaaslan/ros2_urdf_ws/install/nav2_gps_waypoint_follower_demo/lib/python3.12/site-packages'
[3.354s] Level 1:colcon.colcon_core.shell:create_environment_hook('nav2_gps_waypoint_follower_demo', 'pythonpath')
[3.355s] INFO:colcon.colcon_core.shell:Creating environment hook '/home/cuma_karaaslan/ros2_urdf_ws/install/nav2_gps_waypoint_follower_demo/share/nav2_gps_waypoint_follower_demo/hook/pythonpath.ps1'
[3.355s] INFO:colcon.colcon_core.shell:Creating environment descriptor '/home/cuma_karaaslan/ros2_urdf_ws/install/nav2_gps_waypoint_follower_demo/share/nav2_gps_waypoint_follower_demo/hook/pythonpath.dsv'
[3.356s] INFO:colcon.colcon_core.shell:Creating environment hook '/home/cuma_karaaslan/ros2_urdf_ws/install/nav2_gps_waypoint_follower_demo/share/nav2_gps_waypoint_follower_demo/hook/pythonpath.sh'
[3.357s] Level 1:colcon.colcon_core.environment:checking '/home/cuma_karaaslan/ros2_urdf_ws/install/nav2_gps_waypoint_follower_demo/bin'
[3.357s] Level 1:colcon.colcon_core.environment:create_environment_scripts_only(nav2_gps_waypoint_follower_demo)
[3.357s] INFO:colcon.colcon_core.shell:Creating package script '/home/cuma_karaaslan/ros2_urdf_ws/install/nav2_gps_waypoint_follower_demo/share/nav2_gps_waypoint_follower_demo/package.ps1'
[3.358s] INFO:colcon.colcon_core.shell:Creating package descriptor '/home/cuma_karaaslan/ros2_urdf_ws/install/nav2_gps_waypoint_follower_demo/share/nav2_gps_waypoint_follower_demo/package.dsv'
[3.359s] INFO:colcon.colcon_core.shell:Creating package script '/home/cuma_karaaslan/ros2_urdf_ws/install/nav2_gps_waypoint_follower_demo/share/nav2_gps_waypoint_follower_demo/package.sh'
[3.360s] INFO:colcon.colcon_core.shell:Creating package script '/home/cuma_karaaslan/ros2_urdf_ws/install/nav2_gps_waypoint_follower_demo/share/nav2_gps_waypoint_follower_demo/package.bash'
[3.360s] INFO:colcon.colcon_core.shell:Creating package script '/home/cuma_karaaslan/ros2_urdf_ws/install/nav2_gps_waypoint_follower_demo/share/nav2_gps_waypoint_follower_demo/package.zsh'
[3.361s] Level 1:colcon.colcon_core.environment:create_file_with_runtime_dependencies(/home/cuma_karaaslan/ros2_urdf_ws/install/nav2_gps_waypoint_follower_demo/share/colcon-core/packages/nav2_gps_waypoint_follower_demo)
[3.362s] DEBUG:colcon.colcon_parallel_executor.executor.parallel:closing loop
[3.362s] DEBUG:colcon.colcon_parallel_executor.executor.parallel:loop closed
[3.362s] DEBUG:colcon.colcon_parallel_executor.executor.parallel:run_until_complete finished with '0'
[3.363s] DEBUG:colcon.colcon_core.event_reactor:joining thread
[3.372s] INFO:colcon.colcon_core.plugin_system:Skipping extension 'colcon_notification.desktop_notification.terminal_notifier': Not used on non-Darwin systems
[3.372s] INFO:colcon.colcon_core.plugin_system:Skipping extension 'colcon_notification.desktop_notification.win32': Not used on non-Windows systems
[3.373s] INFO:colcon.colcon_notification.desktop_notification:Sending desktop notification using 'notify2'
[3.397s] DEBUG:colcon.colcon_core.event_reactor:joined thread
[3.398s] INFO:colcon.colcon_core.shell:Creating prefix script '/home/cuma_karaaslan/ros2_urdf_ws/install/local_setup.ps1'
[3.399s] INFO:colcon.colcon_core.shell:Creating prefix util module '/home/cuma_karaaslan/ros2_urdf_ws/install/_local_setup_util_ps1.py'
[3.400s] INFO:colcon.colcon_core.shell:Creating prefix chain script '/home/cuma_karaaslan/ros2_urdf_ws/install/setup.ps1'
[3.402s] INFO:colcon.colcon_core.shell:Creating prefix script '/home/cuma_karaaslan/ros2_urdf_ws/install/local_setup.sh'
[3.402s] INFO:colcon.colcon_core.shell:Creating prefix util module '/home/cuma_karaaslan/ros2_urdf_ws/install/_local_setup_util_sh.py'
[3.404s] INFO:colcon.colcon_core.shell:Creating prefix chain script '/home/cuma_karaaslan/ros2_urdf_ws/install/setup.sh'
[3.406s] INFO:colcon.colcon_core.shell:Creating prefix script '/home/cuma_karaaslan/ros2_urdf_ws/install/local_setup.bash'
[3.407s] INFO:colcon.colcon_core.shell:Creating prefix chain script '/home/cuma_karaaslan/ros2_urdf_ws/install/setup.bash'
[3.408s] INFO:colcon.colcon_core.shell:Creating prefix script '/home/cuma_karaaslan/ros2_urdf_ws/install/local_setup.zsh'
[3.409s] INFO:colcon.colcon_core.shell:Creating prefix chain script '/home/cuma_karaaslan/ros2_urdf_ws/install/setup.zsh'
