[0.225s] DEBUG:colcon:Command line arguments: ['/usr/bin/colcon', 'build']
[0.226s] DEBUG:colcon:Parsed command line arguments: Namespace(log_base=None, log_level=None, verb_name='build', build_base='build', install_base='install', merge_install=False, symlink_install=False, test_result_base=None, continue_on_error=False, executor='parallel', parallel_workers=12, event_handlers=None, ignore_user_meta=False, metas=['./colcon.meta'], base_paths=['.'], packages_ignore=None, packages_ignore_regex=None, paths=None, packages_up_to=None, packages_up_to_regex=None, packages_above=None, packages_above_and_dependencies=None, packages_above_depth=None, packages_select_by_dep=None, packages_skip_by_dep=None, packages_skip_up_to=None, packages_select_build_failed=False, packages_skip_build_finished=False, packages_select_test_failures=False, packages_skip_test_passed=False, packages_select=None, packages_skip=None, packages_select_regex=None, packages_skip_regex=None, packages_start=None, packages_end=None, allow_overriding=[], cmake_args=None, cmake_target=None, cmake_target_skip_unavailable=False, cmake_clean_cache=False, cmake_clean_first=False, cmake_force_configure=False, ament_cmake_args=None, catkin_cmake_args=None, catkin_skip_building_tests=False, mixin_files=None, mixin=None, verb_parser=<colcon_mixin.mixin.mixin_argument.MixinArgumentDecorator object at 0x7af36c8c4f80>, verb_extension=<colcon_core.verb.build.BuildVerb object at 0x7af36c8c4bf0>, main=<bound method BuildVerb.main of <colcon_core.verb.build.BuildVerb object at 0x7af36c8c4bf0>>, mixin_verb=('build',))
[0.323s] Level 1:colcon.colcon_core.package_discovery:discover_packages(colcon_meta) check parameters
[0.324s] Level 1:colcon.colcon_core.package_discovery:discover_packages(recursive) check parameters
[0.324s] Level 1:colcon.colcon_core.package_discovery:discover_packages(ignore) check parameters
[0.324s] Level 1:colcon.colcon_core.package_discovery:discover_packages(path) check parameters
[0.324s] Level 1:colcon.colcon_core.package_discovery:discover_packages(colcon_meta) discover
[0.324s] Level 1:colcon.colcon_core.package_discovery:discover_packages(recursive) discover
[0.324s] INFO:colcon.colcon_core.package_discovery:Crawling recursively for packages in '/home/cuma_karaaslan/ros2_urdf_ws'
[0.324s] Level 1:colcon.colcon_core.package_identification:_identify(.) by extensions ['ignore', 'ignore_ament_install']
[0.324s] Level 1:colcon.colcon_core.package_identification:_identify(.) by extension 'ignore'
[0.325s] Level 1:colcon.colcon_core.package_identification:_identify(.) by extension 'ignore_ament_install'
[0.325s] Level 1:colcon.colcon_core.package_identification:_identify(.) by extensions ['colcon_pkg']
[0.325s] Level 1:colcon.colcon_core.package_identification:_identify(.) by extension 'colcon_pkg'
[0.325s] Level 1:colcon.colcon_core.package_identification:_identify(.) by extensions ['colcon_meta']
[0.325s] Level 1:colcon.colcon_core.package_identification:_identify(.) by extension 'colcon_meta'
[0.325s] Level 1:colcon.colcon_core.package_identification:_identify(.) by extensions ['ros']
[0.325s] Level 1:colcon.colcon_core.package_identification:_identify(.) by extension 'ros'
[0.374s] Level 1:colcon.colcon_core.package_identification:_identify(.) by extensions ['cmake', 'python']
[0.375s] Level 1:colcon.colcon_core.package_identification:_identify(.) by extension 'cmake'
[0.375s] Level 1:colcon.colcon_core.package_identification:_identify(.) by extension 'python'
[0.375s] Level 1:colcon.colcon_core.package_identification:_identify(.) by extensions ['python_setup_py']
[0.375s] Level 1:colcon.colcon_core.package_identification:_identify(.) by extension 'python_setup_py'
[0.375s] Level 1:colcon.colcon_core.package_identification:_identify(build) by extensions ['ignore', 'ignore_ament_install']
[0.375s] Level 1:colcon.colcon_core.package_identification:_identify(build) by extension 'ignore'
[0.376s] Level 1:colcon.colcon_core.package_identification:_identify(build) ignored
[0.376s] Level 1:colcon.colcon_core.package_identification:_identify(install) by extensions ['ignore', 'ignore_ament_install']
[0.376s] Level 1:colcon.colcon_core.package_identification:_identify(install) by extension 'ignore'
[0.376s] Level 1:colcon.colcon_core.package_identification:_identify(install) ignored
[0.376s] Level 1:colcon.colcon_core.package_identification:_identify(log) by extensions ['ignore', 'ignore_ament_install']
[0.377s] Level 1:colcon.colcon_core.package_identification:_identify(log) by extension 'ignore'
[0.377s] Level 1:colcon.colcon_core.package_identification:_identify(log) ignored
[0.377s] Level 1:colcon.colcon_core.package_identification:_identify(navigation2_tutorials) by extensions ['ignore', 'ignore_ament_install']
[0.377s] Level 1:colcon.colcon_core.package_identification:_identify(navigation2_tutorials) by extension 'ignore'
[0.377s] Level 1:colcon.colcon_core.package_identification:_identify(navigation2_tutorials) by extension 'ignore_ament_install'
[0.377s] Level 1:colcon.colcon_core.package_identification:_identify(navigation2_tutorials) by extensions ['colcon_pkg']
[0.377s] Level 1:colcon.colcon_core.package_identification:_identify(navigation2_tutorials) by extension 'colcon_pkg'
[0.377s] Level 1:colcon.colcon_core.package_identification:_identify(navigation2_tutorials) by extensions ['colcon_meta']
[0.377s] Level 1:colcon.colcon_core.package_identification:_identify(navigation2_tutorials) by extension 'colcon_meta'
[0.377s] Level 1:colcon.colcon_core.package_identification:_identify(navigation2_tutorials) by extensions ['ros']
[0.377s] Level 1:colcon.colcon_core.package_identification:_identify(navigation2_tutorials) by extension 'ros'
[0.378s] Level 1:colcon.colcon_core.package_identification:_identify(navigation2_tutorials) by extensions ['cmake', 'python']
[0.378s] Level 1:colcon.colcon_core.package_identification:_identify(navigation2_tutorials) by extension 'cmake'
[0.378s] Level 1:colcon.colcon_core.package_identification:_identify(navigation2_tutorials) by extension 'python'
[0.378s] Level 1:colcon.colcon_core.package_identification:_identify(navigation2_tutorials) by extensions ['python_setup_py']
[0.378s] Level 1:colcon.colcon_core.package_identification:_identify(navigation2_tutorials) by extension 'python_setup_py'
[0.378s] Level 1:colcon.colcon_core.package_identification:_identify(navigation2_tutorials/nav2_costmap_filters_demo) by extensions ['ignore', 'ignore_ament_install']
[0.378s] Level 1:colcon.colcon_core.package_identification:_identify(navigation2_tutorials/nav2_costmap_filters_demo) by extension 'ignore'
[0.378s] Level 1:colcon.colcon_core.package_identification:_identify(navigation2_tutorials/nav2_costmap_filters_demo) by extension 'ignore_ament_install'
[0.378s] Level 1:colcon.colcon_core.package_identification:_identify(navigation2_tutorials/nav2_costmap_filters_demo) by extensions ['colcon_pkg']
[0.378s] Level 1:colcon.colcon_core.package_identification:_identify(navigation2_tutorials/nav2_costmap_filters_demo) by extension 'colcon_pkg'
[0.378s] Level 1:colcon.colcon_core.package_identification:_identify(navigation2_tutorials/nav2_costmap_filters_demo) by extensions ['colcon_meta']
[0.378s] Level 1:colcon.colcon_core.package_identification:_identify(navigation2_tutorials/nav2_costmap_filters_demo) by extension 'colcon_meta'
[0.379s] Level 1:colcon.colcon_core.package_identification:_identify(navigation2_tutorials/nav2_costmap_filters_demo) by extensions ['ros']
[0.379s] Level 1:colcon.colcon_core.package_identification:_identify(navigation2_tutorials/nav2_costmap_filters_demo) by extension 'ros'
[0.384s] DEBUG:colcon.colcon_core.package_identification:Package 'navigation2_tutorials/nav2_costmap_filters_demo' with type 'ros.ament_cmake' and name 'nav2_costmap_filters_demo'
[0.385s] Level 1:colcon.colcon_core.package_identification:_identify(navigation2_tutorials/nav2_gps_waypoint_follower_demo) by extensions ['ignore', 'ignore_ament_install']
[0.385s] Level 1:colcon.colcon_core.package_identification:_identify(navigation2_tutorials/nav2_gps_waypoint_follower_demo) by extension 'ignore'
[0.385s] Level 1:colcon.colcon_core.package_identification:_identify(navigation2_tutorials/nav2_gps_waypoint_follower_demo) by extension 'ignore_ament_install'
[0.385s] Level 1:colcon.colcon_core.package_identification:_identify(navigation2_tutorials/nav2_gps_waypoint_follower_demo) by extensions ['colcon_pkg']
[0.385s] Level 1:colcon.colcon_core.package_identification:_identify(navigation2_tutorials/nav2_gps_waypoint_follower_demo) by extension 'colcon_pkg'
[0.385s] Level 1:colcon.colcon_core.package_identification:_identify(navigation2_tutorials/nav2_gps_waypoint_follower_demo) by extensions ['colcon_meta']
[0.385s] Level 1:colcon.colcon_core.package_identification:_identify(navigation2_tutorials/nav2_gps_waypoint_follower_demo) by extension 'colcon_meta'
[0.385s] Level 1:colcon.colcon_core.package_identification:_identify(navigation2_tutorials/nav2_gps_waypoint_follower_demo) by extensions ['ros']
[0.385s] Level 1:colcon.colcon_core.package_identification:_identify(navigation2_tutorials/nav2_gps_waypoint_follower_demo) by extension 'ros'
[0.387s] DEBUG:colcon.colcon_core.package_identification:Package 'navigation2_tutorials/nav2_gps_waypoint_follower_demo' with type 'ros.ament_python' and name 'nav2_gps_waypoint_follower_demo'
[0.387s] Level 1:colcon.colcon_core.package_identification:_identify(navigation2_tutorials/nav2_gradient_costmap_plugin) by extensions ['ignore', 'ignore_ament_install']
[0.387s] Level 1:colcon.colcon_core.package_identification:_identify(navigation2_tutorials/nav2_gradient_costmap_plugin) by extension 'ignore'
[0.387s] Level 1:colcon.colcon_core.package_identification:_identify(navigation2_tutorials/nav2_gradient_costmap_plugin) by extension 'ignore_ament_install'
[0.387s] Level 1:colcon.colcon_core.package_identification:_identify(navigation2_tutorials/nav2_gradient_costmap_plugin) by extensions ['colcon_pkg']
[0.387s] Level 1:colcon.colcon_core.package_identification:_identify(navigation2_tutorials/nav2_gradient_costmap_plugin) by extension 'colcon_pkg'
[0.387s] Level 1:colcon.colcon_core.package_identification:_identify(navigation2_tutorials/nav2_gradient_costmap_plugin) by extensions ['colcon_meta']
[0.388s] Level 1:colcon.colcon_core.package_identification:_identify(navigation2_tutorials/nav2_gradient_costmap_plugin) by extension 'colcon_meta'
[0.388s] Level 1:colcon.colcon_core.package_identification:_identify(navigation2_tutorials/nav2_gradient_costmap_plugin) by extensions ['ros']
[0.388s] Level 1:colcon.colcon_core.package_identification:_identify(navigation2_tutorials/nav2_gradient_costmap_plugin) by extension 'ros'
[0.389s] DEBUG:colcon.colcon_core.package_identification:Package 'navigation2_tutorials/nav2_gradient_costmap_plugin' with type 'ros.ament_cmake' and name 'nav2_gradient_costmap_plugin'
[0.389s] Level 1:colcon.colcon_core.package_identification:_identify(navigation2_tutorials/sam_bot_description) by extensions ['ignore', 'ignore_ament_install']
[0.389s] Level 1:colcon.colcon_core.package_identification:_identify(navigation2_tutorials/sam_bot_description) by extension 'ignore'
[0.389s] Level 1:colcon.colcon_core.package_identification:_identify(navigation2_tutorials/sam_bot_description) by extension 'ignore_ament_install'
[0.389s] Level 1:colcon.colcon_core.package_identification:_identify(navigation2_tutorials/sam_bot_description) by extensions ['colcon_pkg']
[0.389s] Level 1:colcon.colcon_core.package_identification:_identify(navigation2_tutorials/sam_bot_description) by extension 'colcon_pkg'
[0.389s] Level 1:colcon.colcon_core.package_identification:_identify(navigation2_tutorials/sam_bot_description) by extensions ['colcon_meta']
[0.389s] Level 1:colcon.colcon_core.package_identification:_identify(navigation2_tutorials/sam_bot_description) by extension 'colcon_meta'
[0.389s] Level 1:colcon.colcon_core.package_identification:_identify(navigation2_tutorials/sam_bot_description) by extensions ['ros']
[0.389s] Level 1:colcon.colcon_core.package_identification:_identify(navigation2_tutorials/sam_bot_description) by extension 'ros'
[0.390s] DEBUG:colcon.colcon_core.package_identification:Package 'navigation2_tutorials/sam_bot_description' with type 'ros.ament_cmake' and name 'sam_bot_description'
[0.390s] Level 1:colcon.colcon_core.package_identification:_identify(src) by extensions ['ignore', 'ignore_ament_install']
[0.391s] Level 1:colcon.colcon_core.package_identification:_identify(src) by extension 'ignore'
[0.391s] Level 1:colcon.colcon_core.package_identification:_identify(src) by extension 'ignore_ament_install'
[0.391s] Level 1:colcon.colcon_core.package_identification:_identify(src) by extensions ['colcon_pkg']
[0.391s] Level 1:colcon.colcon_core.package_identification:_identify(src) by extension 'colcon_pkg'
[0.391s] Level 1:colcon.colcon_core.package_identification:_identify(src) by extensions ['colcon_meta']
[0.391s] Level 1:colcon.colcon_core.package_identification:_identify(src) by extension 'colcon_meta'
[0.391s] Level 1:colcon.colcon_core.package_identification:_identify(src) by extensions ['ros']
[0.391s] Level 1:colcon.colcon_core.package_identification:_identify(src) by extension 'ros'
[0.391s] Level 1:colcon.colcon_core.package_identification:_identify(src) by extensions ['cmake', 'python']
[0.391s] Level 1:colcon.colcon_core.package_identification:_identify(src) by extension 'cmake'
[0.391s] Level 1:colcon.colcon_core.package_identification:_identify(src) by extension 'python'
[0.391s] Level 1:colcon.colcon_core.package_identification:_identify(src) by extensions ['python_setup_py']
[0.391s] Level 1:colcon.colcon_core.package_identification:_identify(src) by extension 'python_setup_py'
[0.391s] Level 1:colcon.colcon_core.package_identification:_identify(src/my_robot_bringup) by extensions ['ignore', 'ignore_ament_install']
[0.391s] Level 1:colcon.colcon_core.package_identification:_identify(src/my_robot_bringup) by extension 'ignore'
[0.392s] Level 1:colcon.colcon_core.package_identification:_identify(src/my_robot_bringup) by extension 'ignore_ament_install'
[0.392s] Level 1:colcon.colcon_core.package_identification:_identify(src/my_robot_bringup) by extensions ['colcon_pkg']
[0.392s] Level 1:colcon.colcon_core.package_identification:_identify(src/my_robot_bringup) by extension 'colcon_pkg'
[0.392s] Level 1:colcon.colcon_core.package_identification:_identify(src/my_robot_bringup) by extensions ['colcon_meta']
[0.392s] Level 1:colcon.colcon_core.package_identification:_identify(src/my_robot_bringup) by extension 'colcon_meta'
[0.392s] Level 1:colcon.colcon_core.package_identification:_identify(src/my_robot_bringup) by extensions ['ros']
[0.392s] Level 1:colcon.colcon_core.package_identification:_identify(src/my_robot_bringup) by extension 'ros'
[0.392s] DEBUG:colcon.colcon_core.package_identification:Package 'src/my_robot_bringup' with type 'ros.ament_cmake' and name 'my_robot_bringup'
[0.393s] Level 1:colcon.colcon_core.package_identification:_identify(src/my_robot_description) by extensions ['ignore', 'ignore_ament_install']
[0.393s] Level 1:colcon.colcon_core.package_identification:_identify(src/my_robot_description) by extension 'ignore'
[0.393s] Level 1:colcon.colcon_core.package_identification:_identify(src/my_robot_description) by extension 'ignore_ament_install'
[0.393s] Level 1:colcon.colcon_core.package_identification:_identify(src/my_robot_description) by extensions ['colcon_pkg']
[0.393s] Level 1:colcon.colcon_core.package_identification:_identify(src/my_robot_description) by extension 'colcon_pkg'
[0.393s] Level 1:colcon.colcon_core.package_identification:_identify(src/my_robot_description) by extensions ['colcon_meta']
[0.393s] Level 1:colcon.colcon_core.package_identification:_identify(src/my_robot_description) by extension 'colcon_meta'
[0.393s] Level 1:colcon.colcon_core.package_identification:_identify(src/my_robot_description) by extensions ['ros']
[0.393s] Level 1:colcon.colcon_core.package_identification:_identify(src/my_robot_description) by extension 'ros'
[0.394s] DEBUG:colcon.colcon_core.package_identification:Package 'src/my_robot_description' with type 'ros.ament_cmake' and name 'my_robot_description'
[0.394s] Level 1:colcon.colcon_core.package_identification:_identify(src/robot_web_server) by extensions ['ignore', 'ignore_ament_install']
[0.394s] Level 1:colcon.colcon_core.package_identification:_identify(src/robot_web_server) by extension 'ignore'
[0.394s] Level 1:colcon.colcon_core.package_identification:_identify(src/robot_web_server) by extension 'ignore_ament_install'
[0.394s] Level 1:colcon.colcon_core.package_identification:_identify(src/robot_web_server) by extensions ['colcon_pkg']
[0.394s] Level 1:colcon.colcon_core.package_identification:_identify(src/robot_web_server) by extension 'colcon_pkg'
[0.394s] Level 1:colcon.colcon_core.package_identification:_identify(src/robot_web_server) by extensions ['colcon_meta']
[0.394s] Level 1:colcon.colcon_core.package_identification:_identify(src/robot_web_server) by extension 'colcon_meta'
[0.394s] Level 1:colcon.colcon_core.package_identification:_identify(src/robot_web_server) by extensions ['ros']
[0.394s] Level 1:colcon.colcon_core.package_identification:_identify(src/robot_web_server) by extension 'ros'
[0.395s] DEBUG:colcon.colcon_core.package_identification:Package 'src/robot_web_server' with type 'ros.ament_python' and name 'robot_web_server'
[0.395s] Level 1:colcon.colcon_core.package_discovery:discover_packages(recursive) using defaults
[0.395s] Level 1:colcon.colcon_core.package_discovery:discover_packages(ignore) discover
[0.395s] Level 1:colcon.colcon_core.package_discovery:discover_packages(ignore) using defaults
[0.395s] Level 1:colcon.colcon_core.package_discovery:discover_packages(path) discover
[0.395s] Level 1:colcon.colcon_core.package_discovery:discover_packages(path) using defaults
[0.433s] Level 1:colcon.colcon_core.package_discovery:discover_packages(prefix_path) check parameters
[0.433s] Level 1:colcon.colcon_core.package_discovery:discover_packages(prefix_path) discover
[0.440s] DEBUG:colcon.colcon_installed_package_information.package_discovery:Found 8 installed packages in /home/cuma_karaaslan/ros2_urdf_ws/install
[0.444s] DEBUG:colcon.colcon_installed_package_information.package_discovery:Found 505 installed packages in /opt/ros/jazzy
[0.446s] Level 1:colcon.colcon_core.package_discovery:discover_packages(prefix_path) using defaults
[0.572s] Level 5:colcon.colcon_core.verb:set package 'my_robot_bringup' build argument 'cmake_args' from command line to 'None'
[0.573s] Level 5:colcon.colcon_core.verb:set package 'my_robot_bringup' build argument 'cmake_target' from command line to 'None'
[0.573s] Level 5:colcon.colcon_core.verb:set package 'my_robot_bringup' build argument 'cmake_target_skip_unavailable' from command line to 'False'
[0.573s] Level 5:colcon.colcon_core.verb:set package 'my_robot_bringup' build argument 'cmake_clean_cache' from command line to 'False'
[0.573s] Level 5:colcon.colcon_core.verb:set package 'my_robot_bringup' build argument 'cmake_clean_first' from command line to 'False'
[0.573s] Level 5:colcon.colcon_core.verb:set package 'my_robot_bringup' build argument 'cmake_force_configure' from command line to 'False'
[0.573s] Level 5:colcon.colcon_core.verb:set package 'my_robot_bringup' build argument 'ament_cmake_args' from command line to 'None'
[0.573s] Level 5:colcon.colcon_core.verb:set package 'my_robot_bringup' build argument 'catkin_cmake_args' from command line to 'None'
[0.573s] Level 5:colcon.colcon_core.verb:set package 'my_robot_bringup' build argument 'catkin_skip_building_tests' from command line to 'False'
[0.573s] DEBUG:colcon.colcon_core.verb:Building package 'my_robot_bringup' with the following arguments: {'ament_cmake_args': None, 'build_base': '/home/cuma_karaaslan/ros2_urdf_ws/build/my_robot_bringup', 'catkin_cmake_args': None, 'catkin_skip_building_tests': False, 'cmake_args': None, 'cmake_clean_cache': False, 'cmake_clean_first': False, 'cmake_force_configure': False, 'cmake_target': None, 'cmake_target_skip_unavailable': False, 'install_base': '/home/cuma_karaaslan/ros2_urdf_ws/install/my_robot_bringup', 'merge_install': False, 'path': '/home/cuma_karaaslan/ros2_urdf_ws/src/my_robot_bringup', 'symlink_install': False, 'test_result_base': None}
[0.574s] Level 5:colcon.colcon_core.verb:set package 'my_robot_description' build argument 'cmake_args' from command line to 'None'
[0.574s] Level 5:colcon.colcon_core.verb:set package 'my_robot_description' build argument 'cmake_target' from command line to 'None'
[0.574s] Level 5:colcon.colcon_core.verb:set package 'my_robot_description' build argument 'cmake_target_skip_unavailable' from command line to 'False'
[0.574s] Level 5:colcon.colcon_core.verb:set package 'my_robot_description' build argument 'cmake_clean_cache' from command line to 'False'
[0.574s] Level 5:colcon.colcon_core.verb:set package 'my_robot_description' build argument 'cmake_clean_first' from command line to 'False'
[0.574s] Level 5:colcon.colcon_core.verb:set package 'my_robot_description' build argument 'cmake_force_configure' from command line to 'False'
[0.574s] Level 5:colcon.colcon_core.verb:set package 'my_robot_description' build argument 'ament_cmake_args' from command line to 'None'
[0.574s] Level 5:colcon.colcon_core.verb:set package 'my_robot_description' build argument 'catkin_cmake_args' from command line to 'None'
[0.574s] Level 5:colcon.colcon_core.verb:set package 'my_robot_description' build argument 'catkin_skip_building_tests' from command line to 'False'
[0.574s] DEBUG:colcon.colcon_core.verb:Building package 'my_robot_description' with the following arguments: {'ament_cmake_args': None, 'build_base': '/home/cuma_karaaslan/ros2_urdf_ws/build/my_robot_description', 'catkin_cmake_args': None, 'catkin_skip_building_tests': False, 'cmake_args': None, 'cmake_clean_cache': False, 'cmake_clean_first': False, 'cmake_force_configure': False, 'cmake_target': None, 'cmake_target_skip_unavailable': False, 'install_base': '/home/cuma_karaaslan/ros2_urdf_ws/install/my_robot_description', 'merge_install': False, 'path': '/home/cuma_karaaslan/ros2_urdf_ws/src/my_robot_description', 'symlink_install': False, 'test_result_base': None}
[0.575s] Level 5:colcon.colcon_core.verb:set package 'nav2_costmap_filters_demo' build argument 'cmake_args' from command line to 'None'
[0.575s] Level 5:colcon.colcon_core.verb:set package 'nav2_costmap_filters_demo' build argument 'cmake_target' from command line to 'None'
[0.575s] Level 5:colcon.colcon_core.verb:set package 'nav2_costmap_filters_demo' build argument 'cmake_target_skip_unavailable' from command line to 'False'
[0.575s] Level 5:colcon.colcon_core.verb:set package 'nav2_costmap_filters_demo' build argument 'cmake_clean_cache' from command line to 'False'
[0.575s] Level 5:colcon.colcon_core.verb:set package 'nav2_costmap_filters_demo' build argument 'cmake_clean_first' from command line to 'False'
[0.575s] Level 5:colcon.colcon_core.verb:set package 'nav2_costmap_filters_demo' build argument 'cmake_force_configure' from command line to 'False'
[0.575s] Level 5:colcon.colcon_core.verb:set package 'nav2_costmap_filters_demo' build argument 'ament_cmake_args' from command line to 'None'
[0.575s] Level 5:colcon.colcon_core.verb:set package 'nav2_costmap_filters_demo' build argument 'catkin_cmake_args' from command line to 'None'
[0.575s] Level 5:colcon.colcon_core.verb:set package 'nav2_costmap_filters_demo' build argument 'catkin_skip_building_tests' from command line to 'False'
[0.575s] DEBUG:colcon.colcon_core.verb:Building package 'nav2_costmap_filters_demo' with the following arguments: {'ament_cmake_args': None, 'build_base': '/home/cuma_karaaslan/ros2_urdf_ws/build/nav2_costmap_filters_demo', 'catkin_cmake_args': None, 'catkin_skip_building_tests': False, 'cmake_args': None, 'cmake_clean_cache': False, 'cmake_clean_first': False, 'cmake_force_configure': False, 'cmake_target': None, 'cmake_target_skip_unavailable': False, 'install_base': '/home/cuma_karaaslan/ros2_urdf_ws/install/nav2_costmap_filters_demo', 'merge_install': False, 'path': '/home/cuma_karaaslan/ros2_urdf_ws/navigation2_tutorials/nav2_costmap_filters_demo', 'symlink_install': False, 'test_result_base': None}
[0.576s] Level 5:colcon.colcon_core.verb:set package 'nav2_gps_waypoint_follower_demo' build argument 'cmake_args' from command line to 'None'
[0.576s] Level 5:colcon.colcon_core.verb:set package 'nav2_gps_waypoint_follower_demo' build argument 'cmake_target' from command line to 'None'
[0.576s] Level 5:colcon.colcon_core.verb:set package 'nav2_gps_waypoint_follower_demo' build argument 'cmake_target_skip_unavailable' from command line to 'False'
[0.576s] Level 5:colcon.colcon_core.verb:set package 'nav2_gps_waypoint_follower_demo' build argument 'cmake_clean_cache' from command line to 'False'
[0.576s] Level 5:colcon.colcon_core.verb:set package 'nav2_gps_waypoint_follower_demo' build argument 'cmake_clean_first' from command line to 'False'
[0.576s] Level 5:colcon.colcon_core.verb:set package 'nav2_gps_waypoint_follower_demo' build argument 'cmake_force_configure' from command line to 'False'
[0.576s] Level 5:colcon.colcon_core.verb:set package 'nav2_gps_waypoint_follower_demo' build argument 'ament_cmake_args' from command line to 'None'
[0.576s] Level 5:colcon.colcon_core.verb:set package 'nav2_gps_waypoint_follower_demo' build argument 'catkin_cmake_args' from command line to 'None'
[0.576s] Level 5:colcon.colcon_core.verb:set package 'nav2_gps_waypoint_follower_demo' build argument 'catkin_skip_building_tests' from command line to 'False'
[0.576s] DEBUG:colcon.colcon_core.verb:Building package 'nav2_gps_waypoint_follower_demo' with the following arguments: {'ament_cmake_args': None, 'build_base': '/home/cuma_karaaslan/ros2_urdf_ws/build/nav2_gps_waypoint_follower_demo', 'catkin_cmake_args': None, 'catkin_skip_building_tests': False, 'cmake_args': None, 'cmake_clean_cache': False, 'cmake_clean_first': False, 'cmake_force_configure': False, 'cmake_target': None, 'cmake_target_skip_unavailable': False, 'install_base': '/home/cuma_karaaslan/ros2_urdf_ws/install/nav2_gps_waypoint_follower_demo', 'merge_install': False, 'path': '/home/cuma_karaaslan/ros2_urdf_ws/navigation2_tutorials/nav2_gps_waypoint_follower_demo', 'symlink_install': False, 'test_result_base': None}
[0.576s] Level 5:colcon.colcon_core.verb:set package 'nav2_gradient_costmap_plugin' build argument 'cmake_args' from command line to 'None'
[0.577s] Level 5:colcon.colcon_core.verb:set package 'nav2_gradient_costmap_plugin' build argument 'cmake_target' from command line to 'None'
[0.577s] Level 5:colcon.colcon_core.verb:set package 'nav2_gradient_costmap_plugin' build argument 'cmake_target_skip_unavailable' from command line to 'False'
[0.577s] Level 5:colcon.colcon_core.verb:set package 'nav2_gradient_costmap_plugin' build argument 'cmake_clean_cache' from command line to 'False'
[0.577s] Level 5:colcon.colcon_core.verb:set package 'nav2_gradient_costmap_plugin' build argument 'cmake_clean_first' from command line to 'False'
[0.577s] Level 5:colcon.colcon_core.verb:set package 'nav2_gradient_costmap_plugin' build argument 'cmake_force_configure' from command line to 'False'
[0.577s] Level 5:colcon.colcon_core.verb:set package 'nav2_gradient_costmap_plugin' build argument 'ament_cmake_args' from command line to 'None'
[0.577s] Level 5:colcon.colcon_core.verb:set package 'nav2_gradient_costmap_plugin' build argument 'catkin_cmake_args' from command line to 'None'
[0.577s] Level 5:colcon.colcon_core.verb:set package 'nav2_gradient_costmap_plugin' build argument 'catkin_skip_building_tests' from command line to 'False'
[0.577s] DEBUG:colcon.colcon_core.verb:Building package 'nav2_gradient_costmap_plugin' with the following arguments: {'ament_cmake_args': None, 'build_base': '/home/cuma_karaaslan/ros2_urdf_ws/build/nav2_gradient_costmap_plugin', 'catkin_cmake_args': None, 'catkin_skip_building_tests': False, 'cmake_args': None, 'cmake_clean_cache': False, 'cmake_clean_first': False, 'cmake_force_configure': False, 'cmake_target': None, 'cmake_target_skip_unavailable': False, 'install_base': '/home/cuma_karaaslan/ros2_urdf_ws/install/nav2_gradient_costmap_plugin', 'merge_install': False, 'path': '/home/cuma_karaaslan/ros2_urdf_ws/navigation2_tutorials/nav2_gradient_costmap_plugin', 'symlink_install': False, 'test_result_base': None}
[0.577s] Level 5:colcon.colcon_core.verb:set package 'robot_web_server' build argument 'cmake_args' from command line to 'None'
[0.577s] Level 5:colcon.colcon_core.verb:set package 'robot_web_server' build argument 'cmake_target' from command line to 'None'
[0.577s] Level 5:colcon.colcon_core.verb:set package 'robot_web_server' build argument 'cmake_target_skip_unavailable' from command line to 'False'
[0.577s] Level 5:colcon.colcon_core.verb:set package 'robot_web_server' build argument 'cmake_clean_cache' from command line to 'False'
[0.577s] Level 5:colcon.colcon_core.verb:set package 'robot_web_server' build argument 'cmake_clean_first' from command line to 'False'
[0.577s] Level 5:colcon.colcon_core.verb:set package 'robot_web_server' build argument 'cmake_force_configure' from command line to 'False'
[0.578s] Level 5:colcon.colcon_core.verb:set package 'robot_web_server' build argument 'ament_cmake_args' from command line to 'None'
[0.578s] Level 5:colcon.colcon_core.verb:set package 'robot_web_server' build argument 'catkin_cmake_args' from command line to 'None'
[0.578s] Level 5:colcon.colcon_core.verb:set package 'robot_web_server' build argument 'catkin_skip_building_tests' from command line to 'False'
[0.578s] DEBUG:colcon.colcon_core.verb:Building package 'robot_web_server' with the following arguments: {'ament_cmake_args': None, 'build_base': '/home/cuma_karaaslan/ros2_urdf_ws/build/robot_web_server', 'catkin_cmake_args': None, 'catkin_skip_building_tests': False, 'cmake_args': None, 'cmake_clean_cache': False, 'cmake_clean_first': False, 'cmake_force_configure': False, 'cmake_target': None, 'cmake_target_skip_unavailable': False, 'install_base': '/home/cuma_karaaslan/ros2_urdf_ws/install/robot_web_server', 'merge_install': False, 'path': '/home/cuma_karaaslan/ros2_urdf_ws/src/robot_web_server', 'symlink_install': False, 'test_result_base': None}
[0.578s] Level 5:colcon.colcon_core.verb:set package 'sam_bot_description' build argument 'cmake_args' from command line to 'None'
[0.578s] Level 5:colcon.colcon_core.verb:set package 'sam_bot_description' build argument 'cmake_target' from command line to 'None'
[0.578s] Level 5:colcon.colcon_core.verb:set package 'sam_bot_description' build argument 'cmake_target_skip_unavailable' from command line to 'False'
[0.578s] Level 5:colcon.colcon_core.verb:set package 'sam_bot_description' build argument 'cmake_clean_cache' from command line to 'False'
[0.578s] Level 5:colcon.colcon_core.verb:set package 'sam_bot_description' build argument 'cmake_clean_first' from command line to 'False'
[0.578s] Level 5:colcon.colcon_core.verb:set package 'sam_bot_description' build argument 'cmake_force_configure' from command line to 'False'
[0.578s] Level 5:colcon.colcon_core.verb:set package 'sam_bot_description' build argument 'ament_cmake_args' from command line to 'None'
[0.578s] Level 5:colcon.colcon_core.verb:set package 'sam_bot_description' build argument 'catkin_cmake_args' from command line to 'None'
[0.578s] Level 5:colcon.colcon_core.verb:set package 'sam_bot_description' build argument 'catkin_skip_building_tests' from command line to 'False'
[0.578s] DEBUG:colcon.colcon_core.verb:Building package 'sam_bot_description' with the following arguments: {'ament_cmake_args': None, 'build_base': '/home/cuma_karaaslan/ros2_urdf_ws/build/sam_bot_description', 'catkin_cmake_args': None, 'catkin_skip_building_tests': False, 'cmake_args': None, 'cmake_clean_cache': False, 'cmake_clean_first': False, 'cmake_force_configure': False, 'cmake_target': None, 'cmake_target_skip_unavailable': False, 'install_base': '/home/cuma_karaaslan/ros2_urdf_ws/install/sam_bot_description', 'merge_install': False, 'path': '/home/cuma_karaaslan/ros2_urdf_ws/navigation2_tutorials/sam_bot_description', 'symlink_install': False, 'test_result_base': None}
[0.579s] INFO:colcon.colcon_core.executor:Executing jobs using 'parallel' executor
[0.581s] DEBUG:colcon.colcon_parallel_executor.executor.parallel:run_until_complete
[0.582s] INFO:colcon.colcon_ros.task.ament_cmake.build:Building ROS package in '/home/cuma_karaaslan/ros2_urdf_ws/src/my_robot_bringup' with build type 'ament_cmake'
[0.582s] INFO:colcon.colcon_cmake.task.cmake.build:Building CMake package in '/home/cuma_karaaslan/ros2_urdf_ws/src/my_robot_bringup'
[0.590s] INFO:colcon.colcon_core.plugin_system:Skipping extension 'colcon_core.shell.bat': Not used on non-Windows systems
[0.590s] INFO:colcon.colcon_core.shell:Skip shell extension 'powershell' for command environment: Not usable outside of PowerShell
[0.590s] DEBUG:colcon.colcon_core.shell:Skip shell extension 'dsv' for command environment
[0.602s] INFO:colcon.colcon_ros.task.ament_cmake.build:Building ROS package in '/home/cuma_karaaslan/ros2_urdf_ws/src/my_robot_description' with build type 'ament_cmake'
[0.602s] INFO:colcon.colcon_cmake.task.cmake.build:Building CMake package in '/home/cuma_karaaslan/ros2_urdf_ws/src/my_robot_description'
[0.602s] INFO:colcon.colcon_core.shell:Skip shell extension 'powershell' for command environment: Not usable outside of PowerShell
[0.602s] DEBUG:colcon.colcon_core.shell:Skip shell extension 'dsv' for command environment
[0.614s] INFO:colcon.colcon_ros.task.ament_cmake.build:Building ROS package in '/home/cuma_karaaslan/ros2_urdf_ws/navigation2_tutorials/nav2_costmap_filters_demo' with build type 'ament_cmake'
[0.614s] INFO:colcon.colcon_cmake.task.cmake.build:Building CMake package in '/home/cuma_karaaslan/ros2_urdf_ws/navigation2_tutorials/nav2_costmap_filters_demo'
[0.615s] INFO:colcon.colcon_core.shell:Skip shell extension 'powershell' for command environment: Not usable outside of PowerShell
[0.615s] DEBUG:colcon.colcon_core.shell:Skip shell extension 'dsv' for command environment
[0.625s] INFO:colcon.colcon_ros.task.ament_python.build:Building ROS package in '/home/cuma_karaaslan/ros2_urdf_ws/navigation2_tutorials/nav2_gps_waypoint_follower_demo' with build type 'ament_python'
[0.626s] Level 1:colcon.colcon_core.shell:create_environment_hook('nav2_gps_waypoint_follower_demo', 'ament_prefix_path')
[0.626s] INFO:colcon.colcon_core.shell:Creating environment hook '/home/cuma_karaaslan/ros2_urdf_ws/install/nav2_gps_waypoint_follower_demo/share/nav2_gps_waypoint_follower_demo/hook/ament_prefix_path.ps1'
[0.630s] INFO:colcon.colcon_core.shell:Creating environment descriptor '/home/cuma_karaaslan/ros2_urdf_ws/install/nav2_gps_waypoint_follower_demo/share/nav2_gps_waypoint_follower_demo/hook/ament_prefix_path.dsv'
[0.632s] INFO:colcon.colcon_core.shell:Creating environment hook '/home/cuma_karaaslan/ros2_urdf_ws/install/nav2_gps_waypoint_follower_demo/share/nav2_gps_waypoint_follower_demo/hook/ament_prefix_path.sh'
[0.634s] INFO:colcon.colcon_core.shell:Skip shell extension 'powershell' for command environment: Not usable outside of PowerShell
[0.634s] DEBUG:colcon.colcon_core.shell:Skip shell extension 'dsv' for command environment
[0.645s] INFO:colcon.colcon_ros.task.ament_cmake.build:Building ROS package in '/home/cuma_karaaslan/ros2_urdf_ws/navigation2_tutorials/nav2_gradient_costmap_plugin' with build type 'ament_cmake'
[0.645s] INFO:colcon.colcon_cmake.task.cmake.build:Building CMake package in '/home/cuma_karaaslan/ros2_urdf_ws/navigation2_tutorials/nav2_gradient_costmap_plugin'
[0.645s] INFO:colcon.colcon_core.shell:Skip shell extension 'powershell' for command environment: Not usable outside of PowerShell
[0.646s] DEBUG:colcon.colcon_core.shell:Skip shell extension 'dsv' for command environment
[0.656s] INFO:colcon.colcon_ros.task.ament_python.build:Building ROS package in '/home/cuma_karaaslan/ros2_urdf_ws/src/robot_web_server' with build type 'ament_python'
[0.656s] Level 1:colcon.colcon_core.shell:create_environment_hook('robot_web_server', 'ament_prefix_path')
[0.656s] INFO:colcon.colcon_core.shell:Creating environment hook '/home/cuma_karaaslan/ros2_urdf_ws/install/robot_web_server/share/robot_web_server/hook/ament_prefix_path.ps1'
[0.658s] INFO:colcon.colcon_core.shell:Creating environment descriptor '/home/cuma_karaaslan/ros2_urdf_ws/install/robot_web_server/share/robot_web_server/hook/ament_prefix_path.dsv'
[0.659s] INFO:colcon.colcon_core.shell:Creating environment hook '/home/cuma_karaaslan/ros2_urdf_ws/install/robot_web_server/share/robot_web_server/hook/ament_prefix_path.sh'
[0.660s] INFO:colcon.colcon_core.shell:Skip shell extension 'powershell' for command environment: Not usable outside of PowerShell
[0.661s] DEBUG:colcon.colcon_core.shell:Skip shell extension 'dsv' for command environment
[0.672s] INFO:colcon.colcon_ros.task.ament_cmake.build:Building ROS package in '/home/cuma_karaaslan/ros2_urdf_ws/navigation2_tutorials/sam_bot_description' with build type 'ament_cmake'
[0.673s] INFO:colcon.colcon_cmake.task.cmake.build:Building CMake package in '/home/cuma_karaaslan/ros2_urdf_ws/navigation2_tutorials/sam_bot_description'
[0.673s] INFO:colcon.colcon_core.shell:Skip shell extension 'powershell' for command environment: Not usable outside of PowerShell
[0.673s] DEBUG:colcon.colcon_core.shell:Skip shell extension 'dsv' for command environment
[0.701s] DEBUG:colcon.colcon_core.event_handler.log_command:Invoking command in '/home/cuma_karaaslan/ros2_urdf_ws/build/my_robot_bringup': CMAKE_PREFIX_PATH=${CMAKE_PREFIX_PATH}:/home/cuma_karaaslan/ros2_urdf_ws/install/robot_web_server:/home/cuma_karaaslan/ros2_urdf_ws/install/nav2_gps_waypoint_follower_demo:/opt/ros/jazzy DEBUGINFOD_URLS=https://debuginfod.ubuntu.com /usr/bin/cmake --build /home/cuma_karaaslan/ros2_urdf_ws/build/my_robot_bringup -- -j12 -l12
[0.712s] DEBUG:colcon.colcon_core.event_handler.log_command:Invoking command in '/home/cuma_karaaslan/ros2_urdf_ws/build/my_robot_description': CMAKE_PREFIX_PATH=${CMAKE_PREFIX_PATH}:/home/cuma_karaaslan/ros2_urdf_ws/install/robot_web_server:/home/cuma_karaaslan/ros2_urdf_ws/install/nav2_gps_waypoint_follower_demo:/opt/ros/jazzy DEBUGINFOD_URLS=https://debuginfod.ubuntu.com /usr/bin/cmake --build /home/cuma_karaaslan/ros2_urdf_ws/build/my_robot_description -- -j12 -l12
[0.716s] DEBUG:colcon.colcon_core.event_handler.log_command:Invoking command in '/home/cuma_karaaslan/ros2_urdf_ws/build/nav2_costmap_filters_demo': CMAKE_PREFIX_PATH=${CMAKE_PREFIX_PATH}:/home/cuma_karaaslan/ros2_urdf_ws/install/robot_web_server:/home/cuma_karaaslan/ros2_urdf_ws/install/nav2_gps_waypoint_follower_demo:/opt/ros/jazzy DEBUGINFOD_URLS=https://debuginfod.ubuntu.com /usr/bin/cmake --build /home/cuma_karaaslan/ros2_urdf_ws/build/nav2_costmap_filters_demo -- -j12 -l12
[1.162s] INFO:colcon.colcon_core.task.python.build:Building Python package in '/home/cuma_karaaslan/ros2_urdf_ws/navigation2_tutorials/nav2_gps_waypoint_follower_demo'
[1.163s] INFO:colcon.colcon_core.shell:Skip shell extension 'powershell' for command environment: Not usable outside of PowerShell
[1.163s] DEBUG:colcon.colcon_core.shell:Skip shell extension 'dsv' for command environment
[1.179s] DEBUG:colcon.colcon_core.event_handler.log_command:Invoking command in '/home/cuma_karaaslan/ros2_urdf_ws/build/nav2_gradient_costmap_plugin': CMAKE_PREFIX_PATH=${CMAKE_PREFIX_PATH}:/home/cuma_karaaslan/ros2_urdf_ws/install/robot_web_server:/home/cuma_karaaslan/ros2_urdf_ws/install/nav2_gps_waypoint_follower_demo:/opt/ros/jazzy DEBUGINFOD_URLS=https://debuginfod.ubuntu.com /usr/bin/cmake --build /home/cuma_karaaslan/ros2_urdf_ws/build/nav2_gradient_costmap_plugin -- -j12 -l12
[1.611s] INFO:colcon.colcon_core.task.python.build:Building Python package in '/home/cuma_karaaslan/ros2_urdf_ws/src/robot_web_server'
[1.611s] INFO:colcon.colcon_core.shell:Skip shell extension 'powershell' for command environment: Not usable outside of PowerShell
[1.611s] DEBUG:colcon.colcon_core.shell:Skip shell extension 'dsv' for command environment
[1.636s] DEBUG:colcon.colcon_core.event_handler.log_command:Invoking command in '/home/cuma_karaaslan/ros2_urdf_ws/build/sam_bot_description': CMAKE_PREFIX_PATH=${CMAKE_PREFIX_PATH}:/home/cuma_karaaslan/ros2_urdf_ws/install/robot_web_server:/home/cuma_karaaslan/ros2_urdf_ws/install/nav2_gps_waypoint_follower_demo:/opt/ros/jazzy DEBUGINFOD_URLS=https://debuginfod.ubuntu.com /usr/bin/cmake --build /home/cuma_karaaslan/ros2_urdf_ws/build/sam_bot_description -- -j12 -l12
[1.637s] DEBUG:colcon.colcon_core.event_handler.log_command:Invoked command in '/home/cuma_karaaslan/ros2_urdf_ws/build/my_robot_bringup' returned '0': CMAKE_PREFIX_PATH=${CMAKE_PREFIX_PATH}:/home/cuma_karaaslan/ros2_urdf_ws/install/robot_web_server:/home/cuma_karaaslan/ros2_urdf_ws/install/nav2_gps_waypoint_follower_demo:/opt/ros/jazzy DEBUGINFOD_URLS=https://debuginfod.ubuntu.com /usr/bin/cmake --build /home/cuma_karaaslan/ros2_urdf_ws/build/my_robot_bringup -- -j12 -l12
[1.663s] DEBUG:colcon.colcon_core.event_handler.log_command:Invoking command in '/home/cuma_karaaslan/ros2_urdf_ws/build/my_robot_bringup': CMAKE_PREFIX_PATH=${CMAKE_PREFIX_PATH}:/home/cuma_karaaslan/ros2_urdf_ws/install/robot_web_server:/home/cuma_karaaslan/ros2_urdf_ws/install/nav2_gps_waypoint_follower_demo:/opt/ros/jazzy DEBUGINFOD_URLS=https://debuginfod.ubuntu.com /usr/bin/cmake --install /home/cuma_karaaslan/ros2_urdf_ws/build/my_robot_bringup
[1.664s] DEBUG:colcon.colcon_core.event_handler.log_command:Invoked command in '/home/cuma_karaaslan/ros2_urdf_ws/build/my_robot_description' returned '0': CMAKE_PREFIX_PATH=${CMAKE_PREFIX_PATH}:/home/cuma_karaaslan/ros2_urdf_ws/install/robot_web_server:/home/cuma_karaaslan/ros2_urdf_ws/install/nav2_gps_waypoint_follower_demo:/opt/ros/jazzy DEBUGINFOD_URLS=https://debuginfod.ubuntu.com /usr/bin/cmake --build /home/cuma_karaaslan/ros2_urdf_ws/build/my_robot_description -- -j12 -l12
[1.667s] DEBUG:colcon.colcon_core.event_handler.log_command:Invoking command in '/home/cuma_karaaslan/ros2_urdf_ws/build/my_robot_description': CMAKE_PREFIX_PATH=${CMAKE_PREFIX_PATH}:/home/cuma_karaaslan/ros2_urdf_ws/install/robot_web_server:/home/cuma_karaaslan/ros2_urdf_ws/install/nav2_gps_waypoint_follower_demo:/opt/ros/jazzy DEBUGINFOD_URLS=https://debuginfod.ubuntu.com /usr/bin/cmake --install /home/cuma_karaaslan/ros2_urdf_ws/build/my_robot_description
[1.668s] DEBUG:colcon.colcon_core.event_handler.log_command:Invoked command in '/home/cuma_karaaslan/ros2_urdf_ws/build/nav2_costmap_filters_demo' returned '0': CMAKE_PREFIX_PATH=${CMAKE_PREFIX_PATH}:/home/cuma_karaaslan/ros2_urdf_ws/install/robot_web_server:/home/cuma_karaaslan/ros2_urdf_ws/install/nav2_gps_waypoint_follower_demo:/opt/ros/jazzy DEBUGINFOD_URLS=https://debuginfod.ubuntu.com /usr/bin/cmake --build /home/cuma_karaaslan/ros2_urdf_ws/build/nav2_costmap_filters_demo -- -j12 -l12
[1.671s] DEBUG:colcon.colcon_core.event_handler.log_command:Invoking command in '/home/cuma_karaaslan/ros2_urdf_ws/build/nav2_costmap_filters_demo': CMAKE_PREFIX_PATH=${CMAKE_PREFIX_PATH}:/home/cuma_karaaslan/ros2_urdf_ws/install/robot_web_server:/home/cuma_karaaslan/ros2_urdf_ws/install/nav2_gps_waypoint_follower_demo:/opt/ros/jazzy DEBUGINFOD_URLS=https://debuginfod.ubuntu.com /usr/bin/cmake --install /home/cuma_karaaslan/ros2_urdf_ws/build/nav2_costmap_filters_demo
[1.673s] DEBUG:colcon.colcon_core.event_handler.log_command:Invoked command in '/home/cuma_karaaslan/ros2_urdf_ws/build/nav2_gradient_costmap_plugin' returned '0': CMAKE_PREFIX_PATH=${CMAKE_PREFIX_PATH}:/home/cuma_karaaslan/ros2_urdf_ws/install/robot_web_server:/home/cuma_karaaslan/ros2_urdf_ws/install/nav2_gps_waypoint_follower_demo:/opt/ros/jazzy DEBUGINFOD_URLS=https://debuginfod.ubuntu.com /usr/bin/cmake --build /home/cuma_karaaslan/ros2_urdf_ws/build/nav2_gradient_costmap_plugin -- -j12 -l12
[1.676s] DEBUG:colcon.colcon_core.event_handler.log_command:Invoking command in '/home/cuma_karaaslan/ros2_urdf_ws/build/nav2_gradient_costmap_plugin': CMAKE_PREFIX_PATH=${CMAKE_PREFIX_PATH}:/home/cuma_karaaslan/ros2_urdf_ws/install/robot_web_server:/home/cuma_karaaslan/ros2_urdf_ws/install/nav2_gps_waypoint_follower_demo:/opt/ros/jazzy DEBUGINFOD_URLS=https://debuginfod.ubuntu.com /usr/bin/cmake --install /home/cuma_karaaslan/ros2_urdf_ws/build/nav2_gradient_costmap_plugin
[1.707s] Level 1:colcon.colcon_core.environment:create_environment_scripts_only(nav2_costmap_filters_demo)
[1.726s] DEBUG:colcon.colcon_core.event_handler.log_command:Invoked command in '/home/cuma_karaaslan/ros2_urdf_ws/build/nav2_costmap_filters_demo' returned '0': CMAKE_PREFIX_PATH=${CMAKE_PREFIX_PATH}:/home/cuma_karaaslan/ros2_urdf_ws/install/robot_web_server:/home/cuma_karaaslan/ros2_urdf_ws/install/nav2_gps_waypoint_follower_demo:/opt/ros/jazzy DEBUGINFOD_URLS=https://debuginfod.ubuntu.com /usr/bin/cmake --install /home/cuma_karaaslan/ros2_urdf_ws/build/nav2_costmap_filters_demo
[1.732s] Level 1:colcon.colcon_core.environment:checking '/home/cuma_karaaslan/ros2_urdf_ws/install/nav2_costmap_filters_demo' for CMake module files
[1.734s] Level 1:colcon.colcon_core.environment:checking '/home/cuma_karaaslan/ros2_urdf_ws/install/nav2_costmap_filters_demo' for CMake config files
[1.735s] Level 1:colcon.colcon_core.shell:create_environment_hook('nav2_costmap_filters_demo', 'cmake_prefix_path')
[1.735s] INFO:colcon.colcon_core.shell:Creating environment hook '/home/cuma_karaaslan/ros2_urdf_ws/install/nav2_costmap_filters_demo/share/nav2_costmap_filters_demo/hook/cmake_prefix_path.ps1'
[1.736s] INFO:colcon.colcon_core.shell:Creating environment descriptor '/home/cuma_karaaslan/ros2_urdf_ws/install/nav2_costmap_filters_demo/share/nav2_costmap_filters_demo/hook/cmake_prefix_path.dsv'
[1.737s] INFO:colcon.colcon_core.shell:Creating environment hook '/home/cuma_karaaslan/ros2_urdf_ws/install/nav2_costmap_filters_demo/share/nav2_costmap_filters_demo/hook/cmake_prefix_path.sh'
[1.739s] Level 1:colcon.colcon_core.environment:checking '/home/cuma_karaaslan/ros2_urdf_ws/install/nav2_costmap_filters_demo/bin'
[1.739s] Level 1:colcon.colcon_core.environment:checking '/home/cuma_karaaslan/ros2_urdf_ws/install/nav2_costmap_filters_demo/lib/pkgconfig/nav2_costmap_filters_demo.pc'
[1.740s] Level 1:colcon.colcon_core.environment:checking '/home/cuma_karaaslan/ros2_urdf_ws/install/nav2_costmap_filters_demo/lib/python3.12/site-packages'
[1.740s] Level 1:colcon.colcon_core.environment:checking '/home/cuma_karaaslan/ros2_urdf_ws/install/nav2_costmap_filters_demo/bin'
[1.741s] INFO:colcon.colcon_core.shell:Creating package script '/home/cuma_karaaslan/ros2_urdf_ws/install/nav2_costmap_filters_demo/share/nav2_costmap_filters_demo/package.ps1'
[1.743s] INFO:colcon.colcon_core.shell:Creating package descriptor '/home/cuma_karaaslan/ros2_urdf_ws/install/nav2_costmap_filters_demo/share/nav2_costmap_filters_demo/package.dsv'
[1.745s] INFO:colcon.colcon_core.shell:Creating package script '/home/cuma_karaaslan/ros2_urdf_ws/install/nav2_costmap_filters_demo/share/nav2_costmap_filters_demo/package.sh'
[1.748s] INFO:colcon.colcon_core.shell:Creating package script '/home/cuma_karaaslan/ros2_urdf_ws/install/nav2_costmap_filters_demo/share/nav2_costmap_filters_demo/package.bash'
[1.750s] INFO:colcon.colcon_core.shell:Creating package script '/home/cuma_karaaslan/ros2_urdf_ws/install/nav2_costmap_filters_demo/share/nav2_costmap_filters_demo/package.zsh'
[1.752s] Level 1:colcon.colcon_core.environment:create_file_with_runtime_dependencies(/home/cuma_karaaslan/ros2_urdf_ws/install/nav2_costmap_filters_demo/share/colcon-core/packages/nav2_costmap_filters_demo)
[1.753s] Level 1:colcon.colcon_core.environment:create_environment_scripts_only(nav2_costmap_filters_demo)
[1.753s] Level 1:colcon.colcon_core.environment:checking '/home/cuma_karaaslan/ros2_urdf_ws/install/nav2_costmap_filters_demo' for CMake module files
[1.754s] Level 1:colcon.colcon_core.environment:checking '/home/cuma_karaaslan/ros2_urdf_ws/install/nav2_costmap_filters_demo' for CMake config files
[1.755s] Level 1:colcon.colcon_core.shell:create_environment_hook('nav2_costmap_filters_demo', 'cmake_prefix_path')
[1.755s] INFO:colcon.colcon_core.shell:Creating environment hook '/home/cuma_karaaslan/ros2_urdf_ws/install/nav2_costmap_filters_demo/share/nav2_costmap_filters_demo/hook/cmake_prefix_path.ps1'
[1.756s] INFO:colcon.colcon_core.shell:Creating environment descriptor '/home/cuma_karaaslan/ros2_urdf_ws/install/nav2_costmap_filters_demo/share/nav2_costmap_filters_demo/hook/cmake_prefix_path.dsv'
[1.756s] INFO:colcon.colcon_core.shell:Creating environment hook '/home/cuma_karaaslan/ros2_urdf_ws/install/nav2_costmap_filters_demo/share/nav2_costmap_filters_demo/hook/cmake_prefix_path.sh'
[1.757s] Level 1:colcon.colcon_core.environment:checking '/home/cuma_karaaslan/ros2_urdf_ws/install/nav2_costmap_filters_demo/bin'
[1.757s] Level 1:colcon.colcon_core.environment:checking '/home/cuma_karaaslan/ros2_urdf_ws/install/nav2_costmap_filters_demo/lib/pkgconfig/nav2_costmap_filters_demo.pc'
[1.758s] Level 1:colcon.colcon_core.environment:checking '/home/cuma_karaaslan/ros2_urdf_ws/install/nav2_costmap_filters_demo/lib/python3.12/site-packages'
[1.758s] Level 1:colcon.colcon_core.environment:checking '/home/cuma_karaaslan/ros2_urdf_ws/install/nav2_costmap_filters_demo/bin'
[1.759s] INFO:colcon.colcon_core.shell:Creating package script '/home/cuma_karaaslan/ros2_urdf_ws/install/nav2_costmap_filters_demo/share/nav2_costmap_filters_demo/package.ps1'
[1.760s] INFO:colcon.colcon_core.shell:Creating package descriptor '/home/cuma_karaaslan/ros2_urdf_ws/install/nav2_costmap_filters_demo/share/nav2_costmap_filters_demo/package.dsv'
[1.760s] INFO:colcon.colcon_core.shell:Creating package script '/home/cuma_karaaslan/ros2_urdf_ws/install/nav2_costmap_filters_demo/share/nav2_costmap_filters_demo/package.sh'
[1.761s] INFO:colcon.colcon_core.shell:Creating package script '/home/cuma_karaaslan/ros2_urdf_ws/install/nav2_costmap_filters_demo/share/nav2_costmap_filters_demo/package.bash'
[1.762s] INFO:colcon.colcon_core.shell:Creating package script '/home/cuma_karaaslan/ros2_urdf_ws/install/nav2_costmap_filters_demo/share/nav2_costmap_filters_demo/package.zsh'
[1.763s] Level 1:colcon.colcon_core.environment:create_file_with_runtime_dependencies(/home/cuma_karaaslan/ros2_urdf_ws/install/nav2_costmap_filters_demo/share/colcon-core/packages/nav2_costmap_filters_demo)
[1.764s] Level 1:colcon.colcon_core.environment:create_environment_scripts_only(my_robot_description)
[1.764s] Level 1:colcon.colcon_core.environment:checking '/home/cuma_karaaslan/ros2_urdf_ws/install/my_robot_description' for CMake module files
[1.767s] DEBUG:colcon.colcon_core.event_handler.log_command:Invoked command in '/home/cuma_karaaslan/ros2_urdf_ws/build/my_robot_description' returned '0': CMAKE_PREFIX_PATH=${CMAKE_PREFIX_PATH}:/home/cuma_karaaslan/ros2_urdf_ws/install/robot_web_server:/home/cuma_karaaslan/ros2_urdf_ws/install/nav2_gps_waypoint_follower_demo:/opt/ros/jazzy DEBUGINFOD_URLS=https://debuginfod.ubuntu.com /usr/bin/cmake --install /home/cuma_karaaslan/ros2_urdf_ws/build/my_robot_description
[1.767s] Level 1:colcon.colcon_core.environment:checking '/home/cuma_karaaslan/ros2_urdf_ws/install/my_robot_description' for CMake config files
[1.767s] Level 1:colcon.colcon_core.shell:create_environment_hook('my_robot_description', 'cmake_prefix_path')
[1.767s] INFO:colcon.colcon_core.shell:Creating environment hook '/home/cuma_karaaslan/ros2_urdf_ws/install/my_robot_description/share/my_robot_description/hook/cmake_prefix_path.ps1'
[1.768s] INFO:colcon.colcon_core.shell:Creating environment descriptor '/home/cuma_karaaslan/ros2_urdf_ws/install/my_robot_description/share/my_robot_description/hook/cmake_prefix_path.dsv'
[1.769s] INFO:colcon.colcon_core.shell:Creating environment hook '/home/cuma_karaaslan/ros2_urdf_ws/install/my_robot_description/share/my_robot_description/hook/cmake_prefix_path.sh'
[1.770s] Level 1:colcon.colcon_core.environment:checking '/home/cuma_karaaslan/ros2_urdf_ws/install/my_robot_description/bin'
[1.770s] Level 1:colcon.colcon_core.environment:checking '/home/cuma_karaaslan/ros2_urdf_ws/install/my_robot_description/lib/pkgconfig/my_robot_description.pc'
[1.771s] Level 1:colcon.colcon_core.environment:checking '/home/cuma_karaaslan/ros2_urdf_ws/install/my_robot_description/lib/python3.12/site-packages'
[1.771s] Level 1:colcon.colcon_core.environment:checking '/home/cuma_karaaslan/ros2_urdf_ws/install/my_robot_description/bin'
[1.771s] INFO:colcon.colcon_core.shell:Creating package script '/home/cuma_karaaslan/ros2_urdf_ws/install/my_robot_description/share/my_robot_description/package.ps1'
[1.773s] INFO:colcon.colcon_core.shell:Creating package descriptor '/home/cuma_karaaslan/ros2_urdf_ws/install/my_robot_description/share/my_robot_description/package.dsv'
[1.774s] INFO:colcon.colcon_core.shell:Creating package script '/home/cuma_karaaslan/ros2_urdf_ws/install/my_robot_description/share/my_robot_description/package.sh'
[1.775s] INFO:colcon.colcon_core.shell:Creating package script '/home/cuma_karaaslan/ros2_urdf_ws/install/my_robot_description/share/my_robot_description/package.bash'
[1.776s] INFO:colcon.colcon_core.shell:Creating package script '/home/cuma_karaaslan/ros2_urdf_ws/install/my_robot_description/share/my_robot_description/package.zsh'
[1.777s] Level 1:colcon.colcon_core.environment:create_file_with_runtime_dependencies(/home/cuma_karaaslan/ros2_urdf_ws/install/my_robot_description/share/colcon-core/packages/my_robot_description)
[1.778s] Level 1:colcon.colcon_core.environment:create_environment_scripts_only(my_robot_description)
[1.779s] Level 1:colcon.colcon_core.environment:checking '/home/cuma_karaaslan/ros2_urdf_ws/install/my_robot_description' for CMake module files
[1.780s] Level 1:colcon.colcon_core.environment:checking '/home/cuma_karaaslan/ros2_urdf_ws/install/my_robot_description' for CMake config files
[1.780s] Level 1:colcon.colcon_core.shell:create_environment_hook('my_robot_description', 'cmake_prefix_path')
[1.781s] INFO:colcon.colcon_core.shell:Creating environment hook '/home/cuma_karaaslan/ros2_urdf_ws/install/my_robot_description/share/my_robot_description/hook/cmake_prefix_path.ps1'
[1.782s] INFO:colcon.colcon_core.shell:Creating environment descriptor '/home/cuma_karaaslan/ros2_urdf_ws/install/my_robot_description/share/my_robot_description/hook/cmake_prefix_path.dsv'
[1.783s] INFO:colcon.colcon_core.shell:Creating environment hook '/home/cuma_karaaslan/ros2_urdf_ws/install/my_robot_description/share/my_robot_description/hook/cmake_prefix_path.sh'
[1.784s] Level 1:colcon.colcon_core.environment:checking '/home/cuma_karaaslan/ros2_urdf_ws/install/my_robot_description/bin'
[1.785s] Level 1:colcon.colcon_core.environment:checking '/home/cuma_karaaslan/ros2_urdf_ws/install/my_robot_description/lib/pkgconfig/my_robot_description.pc'
[1.785s] Level 1:colcon.colcon_core.environment:checking '/home/cuma_karaaslan/ros2_urdf_ws/install/my_robot_description/lib/python3.12/site-packages'
[1.786s] Level 1:colcon.colcon_core.environment:checking '/home/cuma_karaaslan/ros2_urdf_ws/install/my_robot_description/bin'
[1.786s] INFO:colcon.colcon_core.shell:Creating package script '/home/cuma_karaaslan/ros2_urdf_ws/install/my_robot_description/share/my_robot_description/package.ps1'
[1.789s] INFO:colcon.colcon_core.shell:Creating package descriptor '/home/cuma_karaaslan/ros2_urdf_ws/install/my_robot_description/share/my_robot_description/package.dsv'
[1.790s] INFO:colcon.colcon_core.shell:Creating package script '/home/cuma_karaaslan/ros2_urdf_ws/install/my_robot_description/share/my_robot_description/package.sh'
[1.791s] INFO:colcon.colcon_core.shell:Creating package script '/home/cuma_karaaslan/ros2_urdf_ws/install/my_robot_description/share/my_robot_description/package.bash'
[1.792s] INFO:colcon.colcon_core.shell:Creating package script '/home/cuma_karaaslan/ros2_urdf_ws/install/my_robot_description/share/my_robot_description/package.zsh'
[1.793s] Level 1:colcon.colcon_core.environment:create_file_with_runtime_dependencies(/home/cuma_karaaslan/ros2_urdf_ws/install/my_robot_description/share/colcon-core/packages/my_robot_description)
[1.794s] Level 1:colcon.colcon_core.environment:create_environment_scripts_only(my_robot_bringup)
[1.795s] Level 1:colcon.colcon_core.environment:checking '/home/cuma_karaaslan/ros2_urdf_ws/install/my_robot_bringup' for CMake module files
[1.798s] Level 1:colcon.colcon_core.environment:checking '/home/cuma_karaaslan/ros2_urdf_ws/install/my_robot_bringup' for CMake config files
[1.798s] DEBUG:colcon.colcon_core.event_handler.log_command:Invoked command in '/home/cuma_karaaslan/ros2_urdf_ws/build/my_robot_bringup' returned '0': CMAKE_PREFIX_PATH=${CMAKE_PREFIX_PATH}:/home/cuma_karaaslan/ros2_urdf_ws/install/robot_web_server:/home/cuma_karaaslan/ros2_urdf_ws/install/nav2_gps_waypoint_follower_demo:/opt/ros/jazzy DEBUGINFOD_URLS=https://debuginfod.ubuntu.com /usr/bin/cmake --install /home/cuma_karaaslan/ros2_urdf_ws/build/my_robot_bringup
[1.799s] Level 1:colcon.colcon_core.shell:create_environment_hook('my_robot_bringup', 'cmake_prefix_path')
[1.800s] INFO:colcon.colcon_core.shell:Creating environment hook '/home/cuma_karaaslan/ros2_urdf_ws/install/my_robot_bringup/share/my_robot_bringup/hook/cmake_prefix_path.ps1'
[1.801s] INFO:colcon.colcon_core.shell:Creating environment descriptor '/home/cuma_karaaslan/ros2_urdf_ws/install/my_robot_bringup/share/my_robot_bringup/hook/cmake_prefix_path.dsv'
[1.802s] INFO:colcon.colcon_core.shell:Creating environment hook '/home/cuma_karaaslan/ros2_urdf_ws/install/my_robot_bringup/share/my_robot_bringup/hook/cmake_prefix_path.sh'
[1.804s] Level 1:colcon.colcon_core.environment:checking '/home/cuma_karaaslan/ros2_urdf_ws/install/my_robot_bringup/bin'
[1.804s] Level 1:colcon.colcon_core.environment:checking '/home/cuma_karaaslan/ros2_urdf_ws/install/my_robot_bringup/lib/pkgconfig/my_robot_bringup.pc'
[1.805s] Level 1:colcon.colcon_core.environment:checking '/home/cuma_karaaslan/ros2_urdf_ws/install/my_robot_bringup/lib/python3.12/site-packages'
[1.805s] Level 1:colcon.colcon_core.environment:checking '/home/cuma_karaaslan/ros2_urdf_ws/install/my_robot_bringup/bin'
[1.806s] INFO:colcon.colcon_core.shell:Creating package script '/home/cuma_karaaslan/ros2_urdf_ws/install/my_robot_bringup/share/my_robot_bringup/package.ps1'
[1.808s] INFO:colcon.colcon_core.shell:Creating package descriptor '/home/cuma_karaaslan/ros2_urdf_ws/install/my_robot_bringup/share/my_robot_bringup/package.dsv'
[1.809s] INFO:colcon.colcon_core.shell:Creating package script '/home/cuma_karaaslan/ros2_urdf_ws/install/my_robot_bringup/share/my_robot_bringup/package.sh'
[1.810s] INFO:colcon.colcon_core.shell:Creating package script '/home/cuma_karaaslan/ros2_urdf_ws/install/my_robot_bringup/share/my_robot_bringup/package.bash'
[1.811s] INFO:colcon.colcon_core.shell:Creating package script '/home/cuma_karaaslan/ros2_urdf_ws/install/my_robot_bringup/share/my_robot_bringup/package.zsh'
[1.812s] Level 1:colcon.colcon_core.environment:create_file_with_runtime_dependencies(/home/cuma_karaaslan/ros2_urdf_ws/install/my_robot_bringup/share/colcon-core/packages/my_robot_bringup)
[1.814s] Level 1:colcon.colcon_core.environment:create_environment_scripts_only(my_robot_bringup)
[1.814s] Level 1:colcon.colcon_core.environment:checking '/home/cuma_karaaslan/ros2_urdf_ws/install/my_robot_bringup' for CMake module files
[1.815s] Level 1:colcon.colcon_core.environment:checking '/home/cuma_karaaslan/ros2_urdf_ws/install/my_robot_bringup' for CMake config files
[1.816s] Level 1:colcon.colcon_core.shell:create_environment_hook('my_robot_bringup', 'cmake_prefix_path')
[1.816s] INFO:colcon.colcon_core.shell:Creating environment hook '/home/cuma_karaaslan/ros2_urdf_ws/install/my_robot_bringup/share/my_robot_bringup/hook/cmake_prefix_path.ps1'
[1.818s] INFO:colcon.colcon_core.shell:Creating environment descriptor '/home/cuma_karaaslan/ros2_urdf_ws/install/my_robot_bringup/share/my_robot_bringup/hook/cmake_prefix_path.dsv'
[1.819s] INFO:colcon.colcon_core.shell:Creating environment hook '/home/cuma_karaaslan/ros2_urdf_ws/install/my_robot_bringup/share/my_robot_bringup/hook/cmake_prefix_path.sh'
[1.820s] Level 1:colcon.colcon_core.environment:checking '/home/cuma_karaaslan/ros2_urdf_ws/install/my_robot_bringup/bin'
[1.820s] Level 1:colcon.colcon_core.environment:checking '/home/cuma_karaaslan/ros2_urdf_ws/install/my_robot_bringup/lib/pkgconfig/my_robot_bringup.pc'
[1.821s] Level 1:colcon.colcon_core.environment:checking '/home/cuma_karaaslan/ros2_urdf_ws/install/my_robot_bringup/lib/python3.12/site-packages'
[1.822s] Level 1:colcon.colcon_core.environment:checking '/home/cuma_karaaslan/ros2_urdf_ws/install/my_robot_bringup/bin'
[1.822s] INFO:colcon.colcon_core.shell:Creating package script '/home/cuma_karaaslan/ros2_urdf_ws/install/my_robot_bringup/share/my_robot_bringup/package.ps1'
[1.824s] INFO:colcon.colcon_core.shell:Creating package descriptor '/home/cuma_karaaslan/ros2_urdf_ws/install/my_robot_bringup/share/my_robot_bringup/package.dsv'
[1.825s] INFO:colcon.colcon_core.shell:Creating package script '/home/cuma_karaaslan/ros2_urdf_ws/install/my_robot_bringup/share/my_robot_bringup/package.sh'
[1.826s] INFO:colcon.colcon_core.shell:Creating package script '/home/cuma_karaaslan/ros2_urdf_ws/install/my_robot_bringup/share/my_robot_bringup/package.bash'
[1.827s] INFO:colcon.colcon_core.shell:Creating package script '/home/cuma_karaaslan/ros2_urdf_ws/install/my_robot_bringup/share/my_robot_bringup/package.zsh'
[1.828s] Level 1:colcon.colcon_core.environment:create_file_with_runtime_dependencies(/home/cuma_karaaslan/ros2_urdf_ws/install/my_robot_bringup/share/colcon-core/packages/my_robot_bringup)
[1.829s] Level 1:colcon.colcon_core.environment:create_environment_scripts_only(nav2_gradient_costmap_plugin)
[1.829s] Level 1:colcon.colcon_core.environment:checking '/home/cuma_karaaslan/ros2_urdf_ws/install/nav2_gradient_costmap_plugin' for CMake module files
[1.832s] Level 1:colcon.colcon_core.environment:checking '/home/cuma_karaaslan/ros2_urdf_ws/install/nav2_gradient_costmap_plugin' for CMake config files
[1.833s] DEBUG:colcon.colcon_core.event_handler.log_command:Invoked command in '/home/cuma_karaaslan/ros2_urdf_ws/build/nav2_gradient_costmap_plugin' returned '0': CMAKE_PREFIX_PATH=${CMAKE_PREFIX_PATH}:/home/cuma_karaaslan/ros2_urdf_ws/install/robot_web_server:/home/cuma_karaaslan/ros2_urdf_ws/install/nav2_gps_waypoint_follower_demo:/opt/ros/jazzy DEBUGINFOD_URLS=https://debuginfod.ubuntu.com /usr/bin/cmake --install /home/cuma_karaaslan/ros2_urdf_ws/build/nav2_gradient_costmap_plugin
[1.833s] Level 1:colcon.colcon_core.shell:create_environment_hook('nav2_gradient_costmap_plugin', 'cmake_prefix_path')
[1.834s] INFO:colcon.colcon_core.shell:Creating environment hook '/home/cuma_karaaslan/ros2_urdf_ws/install/nav2_gradient_costmap_plugin/share/nav2_gradient_costmap_plugin/hook/cmake_prefix_path.ps1'
[1.836s] INFO:colcon.colcon_core.shell:Creating environment descriptor '/home/cuma_karaaslan/ros2_urdf_ws/install/nav2_gradient_costmap_plugin/share/nav2_gradient_costmap_plugin/hook/cmake_prefix_path.dsv'
[1.837s] INFO:colcon.colcon_core.shell:Creating environment hook '/home/cuma_karaaslan/ros2_urdf_ws/install/nav2_gradient_costmap_plugin/share/nav2_gradient_costmap_plugin/hook/cmake_prefix_path.sh'
[1.839s] Level 1:colcon.colcon_core.environment:checking '/home/cuma_karaaslan/ros2_urdf_ws/install/nav2_gradient_costmap_plugin/lib'
[1.839s] Level 1:colcon.colcon_core.shell:create_environment_hook('nav2_gradient_costmap_plugin', 'ld_library_path_lib')
[1.840s] INFO:colcon.colcon_core.shell:Creating environment hook '/home/cuma_karaaslan/ros2_urdf_ws/install/nav2_gradient_costmap_plugin/share/nav2_gradient_costmap_plugin/hook/ld_library_path_lib.ps1'
[1.842s] INFO:colcon.colcon_core.shell:Creating environment descriptor '/home/cuma_karaaslan/ros2_urdf_ws/install/nav2_gradient_costmap_plugin/share/nav2_gradient_costmap_plugin/hook/ld_library_path_lib.dsv'
[1.843s] INFO:colcon.colcon_core.shell:Creating environment hook '/home/cuma_karaaslan/ros2_urdf_ws/install/nav2_gradient_costmap_plugin/share/nav2_gradient_costmap_plugin/hook/ld_library_path_lib.sh'
[1.845s] Level 1:colcon.colcon_core.environment:checking '/home/cuma_karaaslan/ros2_urdf_ws/install/nav2_gradient_costmap_plugin/bin'
[1.846s] Level 1:colcon.colcon_core.environment:checking '/home/cuma_karaaslan/ros2_urdf_ws/install/nav2_gradient_costmap_plugin/lib/pkgconfig/nav2_gradient_costmap_plugin.pc'
[1.847s] Level 1:colcon.colcon_core.environment:checking '/home/cuma_karaaslan/ros2_urdf_ws/install/nav2_gradient_costmap_plugin/lib/python3.12/site-packages'
[1.847s] Level 1:colcon.colcon_core.environment:checking '/home/cuma_karaaslan/ros2_urdf_ws/install/nav2_gradient_costmap_plugin/bin'
[1.848s] INFO:colcon.colcon_core.shell:Creating package script '/home/cuma_karaaslan/ros2_urdf_ws/install/nav2_gradient_costmap_plugin/share/nav2_gradient_costmap_plugin/package.ps1'
[1.851s] INFO:colcon.colcon_core.shell:Creating package descriptor '/home/cuma_karaaslan/ros2_urdf_ws/install/nav2_gradient_costmap_plugin/share/nav2_gradient_costmap_plugin/package.dsv'
[1.852s] INFO:colcon.colcon_core.shell:Creating package script '/home/cuma_karaaslan/ros2_urdf_ws/install/nav2_gradient_costmap_plugin/share/nav2_gradient_costmap_plugin/package.sh'
[1.854s] INFO:colcon.colcon_core.shell:Creating package script '/home/cuma_karaaslan/ros2_urdf_ws/install/nav2_gradient_costmap_plugin/share/nav2_gradient_costmap_plugin/package.bash'
[1.856s] INFO:colcon.colcon_core.shell:Creating package script '/home/cuma_karaaslan/ros2_urdf_ws/install/nav2_gradient_costmap_plugin/share/nav2_gradient_costmap_plugin/package.zsh'
[1.857s] Level 1:colcon.colcon_core.environment:create_file_with_runtime_dependencies(/home/cuma_karaaslan/ros2_urdf_ws/install/nav2_gradient_costmap_plugin/share/colcon-core/packages/nav2_gradient_costmap_plugin)
[1.859s] Level 1:colcon.colcon_core.environment:create_environment_scripts_only(nav2_gradient_costmap_plugin)
[1.859s] Level 1:colcon.colcon_core.environment:checking '/home/cuma_karaaslan/ros2_urdf_ws/install/nav2_gradient_costmap_plugin' for CMake module files
[1.861s] Level 1:colcon.colcon_core.environment:checking '/home/cuma_karaaslan/ros2_urdf_ws/install/nav2_gradient_costmap_plugin' for CMake config files
[1.862s] Level 1:colcon.colcon_core.shell:create_environment_hook('nav2_gradient_costmap_plugin', 'cmake_prefix_path')
[1.862s] INFO:colcon.colcon_core.shell:Creating environment hook '/home/cuma_karaaslan/ros2_urdf_ws/install/nav2_gradient_costmap_plugin/share/nav2_gradient_costmap_plugin/hook/cmake_prefix_path.ps1'
[1.863s] INFO:colcon.colcon_core.shell:Creating environment descriptor '/home/cuma_karaaslan/ros2_urdf_ws/install/nav2_gradient_costmap_plugin/share/nav2_gradient_costmap_plugin/hook/cmake_prefix_path.dsv'
[1.864s] INFO:colcon.colcon_core.shell:Creating environment hook '/home/cuma_karaaslan/ros2_urdf_ws/install/nav2_gradient_costmap_plugin/share/nav2_gradient_costmap_plugin/hook/cmake_prefix_path.sh'
[1.866s] Level 1:colcon.colcon_core.environment:checking '/home/cuma_karaaslan/ros2_urdf_ws/install/nav2_gradient_costmap_plugin/lib'
[1.866s] Level 1:colcon.colcon_core.shell:create_environment_hook('nav2_gradient_costmap_plugin', 'ld_library_path_lib')
[1.867s] INFO:colcon.colcon_core.shell:Creating environment hook '/home/cuma_karaaslan/ros2_urdf_ws/install/nav2_gradient_costmap_plugin/share/nav2_gradient_costmap_plugin/hook/ld_library_path_lib.ps1'
[1.868s] INFO:colcon.colcon_core.shell:Creating environment descriptor '/home/cuma_karaaslan/ros2_urdf_ws/install/nav2_gradient_costmap_plugin/share/nav2_gradient_costmap_plugin/hook/ld_library_path_lib.dsv'
[1.869s] INFO:colcon.colcon_core.shell:Creating environment hook '/home/cuma_karaaslan/ros2_urdf_ws/install/nav2_gradient_costmap_plugin/share/nav2_gradient_costmap_plugin/hook/ld_library_path_lib.sh'
[1.870s] Level 1:colcon.colcon_core.environment:checking '/home/cuma_karaaslan/ros2_urdf_ws/install/nav2_gradient_costmap_plugin/bin'
[1.870s] Level 1:colcon.colcon_core.environment:checking '/home/cuma_karaaslan/ros2_urdf_ws/install/nav2_gradient_costmap_plugin/lib/pkgconfig/nav2_gradient_costmap_plugin.pc'
[1.871s] Level 1:colcon.colcon_core.environment:checking '/home/cuma_karaaslan/ros2_urdf_ws/install/nav2_gradient_costmap_plugin/lib/python3.12/site-packages'
[1.871s] Level 1:colcon.colcon_core.environment:checking '/home/cuma_karaaslan/ros2_urdf_ws/install/nav2_gradient_costmap_plugin/bin'
[1.872s] INFO:colcon.colcon_core.shell:Creating package script '/home/cuma_karaaslan/ros2_urdf_ws/install/nav2_gradient_costmap_plugin/share/nav2_gradient_costmap_plugin/package.ps1'
[1.874s] INFO:colcon.colcon_core.shell:Creating package descriptor '/home/cuma_karaaslan/ros2_urdf_ws/install/nav2_gradient_costmap_plugin/share/nav2_gradient_costmap_plugin/package.dsv'
[1.876s] INFO:colcon.colcon_core.shell:Creating package script '/home/cuma_karaaslan/ros2_urdf_ws/install/nav2_gradient_costmap_plugin/share/nav2_gradient_costmap_plugin/package.sh'
[1.877s] INFO:colcon.colcon_core.shell:Creating package script '/home/cuma_karaaslan/ros2_urdf_ws/install/nav2_gradient_costmap_plugin/share/nav2_gradient_costmap_plugin/package.bash'
[1.879s] INFO:colcon.colcon_core.shell:Creating package script '/home/cuma_karaaslan/ros2_urdf_ws/install/nav2_gradient_costmap_plugin/share/nav2_gradient_costmap_plugin/package.zsh'
[1.880s] Level 1:colcon.colcon_core.environment:create_file_with_runtime_dependencies(/home/cuma_karaaslan/ros2_urdf_ws/install/nav2_gradient_costmap_plugin/share/colcon-core/packages/nav2_gradient_costmap_plugin)
[1.883s] DEBUG:colcon.colcon_core.event_handler.log_command:Invoked command in '/home/cuma_karaaslan/ros2_urdf_ws/build/sam_bot_description' returned '0': CMAKE_PREFIX_PATH=${CMAKE_PREFIX_PATH}:/home/cuma_karaaslan/ros2_urdf_ws/install/robot_web_server:/home/cuma_karaaslan/ros2_urdf_ws/install/nav2_gps_waypoint_follower_demo:/opt/ros/jazzy DEBUGINFOD_URLS=https://debuginfod.ubuntu.com /usr/bin/cmake --build /home/cuma_karaaslan/ros2_urdf_ws/build/sam_bot_description -- -j12 -l12
[1.886s] DEBUG:colcon.colcon_core.event_handler.log_command:Invoking command in '/home/cuma_karaaslan/ros2_urdf_ws/build/sam_bot_description': CMAKE_PREFIX_PATH=${CMAKE_PREFIX_PATH}:/home/cuma_karaaslan/ros2_urdf_ws/install/robot_web_server:/home/cuma_karaaslan/ros2_urdf_ws/install/nav2_gps_waypoint_follower_demo:/opt/ros/jazzy DEBUGINFOD_URLS=https://debuginfod.ubuntu.com /usr/bin/cmake --install /home/cuma_karaaslan/ros2_urdf_ws/build/sam_bot_description
[1.922s] Level 1:colcon.colcon_core.environment:create_environment_scripts_only(sam_bot_description)
[1.923s] Level 1:colcon.colcon_core.environment:checking '/home/cuma_karaaslan/ros2_urdf_ws/install/sam_bot_description' for CMake module files
[1.927s] Level 1:colcon.colcon_core.environment:checking '/home/cuma_karaaslan/ros2_urdf_ws/install/sam_bot_description' for CMake config files
[1.929s] DEBUG:colcon.colcon_core.event_handler.log_command:Invoked command in '/home/cuma_karaaslan/ros2_urdf_ws/build/sam_bot_description' returned '0': CMAKE_PREFIX_PATH=${CMAKE_PREFIX_PATH}:/home/cuma_karaaslan/ros2_urdf_ws/install/robot_web_server:/home/cuma_karaaslan/ros2_urdf_ws/install/nav2_gps_waypoint_follower_demo:/opt/ros/jazzy DEBUGINFOD_URLS=https://debuginfod.ubuntu.com /usr/bin/cmake --install /home/cuma_karaaslan/ros2_urdf_ws/build/sam_bot_description
[1.930s] Level 1:colcon.colcon_core.shell:create_environment_hook('sam_bot_description', 'cmake_prefix_path')
[1.930s] INFO:colcon.colcon_core.shell:Creating environment hook '/home/cuma_karaaslan/ros2_urdf_ws/install/sam_bot_description/share/sam_bot_description/hook/cmake_prefix_path.ps1'
[1.931s] INFO:colcon.colcon_core.shell:Creating environment descriptor '/home/cuma_karaaslan/ros2_urdf_ws/install/sam_bot_description/share/sam_bot_description/hook/cmake_prefix_path.dsv'
[1.932s] INFO:colcon.colcon_core.shell:Creating environment hook '/home/cuma_karaaslan/ros2_urdf_ws/install/sam_bot_description/share/sam_bot_description/hook/cmake_prefix_path.sh'
[1.934s] Level 1:colcon.colcon_core.environment:checking '/home/cuma_karaaslan/ros2_urdf_ws/install/sam_bot_description/bin'
[1.934s] Level 1:colcon.colcon_core.environment:checking '/home/cuma_karaaslan/ros2_urdf_ws/install/sam_bot_description/lib/pkgconfig/sam_bot_description.pc'
[1.935s] Level 1:colcon.colcon_core.environment:checking '/home/cuma_karaaslan/ros2_urdf_ws/install/sam_bot_description/lib/python3.12/site-packages'
[1.935s] Level 1:colcon.colcon_core.environment:checking '/home/cuma_karaaslan/ros2_urdf_ws/install/sam_bot_description/bin'
[1.936s] INFO:colcon.colcon_core.shell:Creating package script '/home/cuma_karaaslan/ros2_urdf_ws/install/sam_bot_description/share/sam_bot_description/package.ps1'
[1.937s] INFO:colcon.colcon_core.shell:Creating package descriptor '/home/cuma_karaaslan/ros2_urdf_ws/install/sam_bot_description/share/sam_bot_description/package.dsv'
[1.938s] INFO:colcon.colcon_core.shell:Creating package script '/home/cuma_karaaslan/ros2_urdf_ws/install/sam_bot_description/share/sam_bot_description/package.sh'
[1.939s] INFO:colcon.colcon_core.shell:Creating package script '/home/cuma_karaaslan/ros2_urdf_ws/install/sam_bot_description/share/sam_bot_description/package.bash'
[1.940s] INFO:colcon.colcon_core.shell:Creating package script '/home/cuma_karaaslan/ros2_urdf_ws/install/sam_bot_description/share/sam_bot_description/package.zsh'
[1.941s] Level 1:colcon.colcon_core.environment:create_file_with_runtime_dependencies(/home/cuma_karaaslan/ros2_urdf_ws/install/sam_bot_description/share/colcon-core/packages/sam_bot_description)
[1.943s] Level 1:colcon.colcon_core.environment:create_environment_scripts_only(sam_bot_description)
[1.943s] Level 1:colcon.colcon_core.environment:checking '/home/cuma_karaaslan/ros2_urdf_ws/install/sam_bot_description' for CMake module files
[1.944s] Level 1:colcon.colcon_core.environment:checking '/home/cuma_karaaslan/ros2_urdf_ws/install/sam_bot_description' for CMake config files
[1.945s] Level 1:colcon.colcon_core.shell:create_environment_hook('sam_bot_description', 'cmake_prefix_path')
[1.945s] INFO:colcon.colcon_core.shell:Creating environment hook '/home/cuma_karaaslan/ros2_urdf_ws/install/sam_bot_description/share/sam_bot_description/hook/cmake_prefix_path.ps1'
[1.946s] INFO:colcon.colcon_core.shell:Creating environment descriptor '/home/cuma_karaaslan/ros2_urdf_ws/install/sam_bot_description/share/sam_bot_description/hook/cmake_prefix_path.dsv'
[1.947s] INFO:colcon.colcon_core.shell:Creating environment hook '/home/cuma_karaaslan/ros2_urdf_ws/install/sam_bot_description/share/sam_bot_description/hook/cmake_prefix_path.sh'
[1.949s] Level 1:colcon.colcon_core.environment:checking '/home/cuma_karaaslan/ros2_urdf_ws/install/sam_bot_description/bin'
[1.949s] Level 1:colcon.colcon_core.environment:checking '/home/cuma_karaaslan/ros2_urdf_ws/install/sam_bot_description/lib/pkgconfig/sam_bot_description.pc'
[1.950s] Level 1:colcon.colcon_core.environment:checking '/home/cuma_karaaslan/ros2_urdf_ws/install/sam_bot_description/lib/python3.12/site-packages'
[1.950s] Level 1:colcon.colcon_core.environment:checking '/home/cuma_karaaslan/ros2_urdf_ws/install/sam_bot_description/bin'
[1.951s] INFO:colcon.colcon_core.shell:Creating package script '/home/cuma_karaaslan/ros2_urdf_ws/install/sam_bot_description/share/sam_bot_description/package.ps1'
[1.952s] INFO:colcon.colcon_core.shell:Creating package descriptor '/home/cuma_karaaslan/ros2_urdf_ws/install/sam_bot_description/share/sam_bot_description/package.dsv'
[1.953s] INFO:colcon.colcon_core.shell:Creating package script '/home/cuma_karaaslan/ros2_urdf_ws/install/sam_bot_description/share/sam_bot_description/package.sh'
[1.955s] INFO:colcon.colcon_core.shell:Creating package script '/home/cuma_karaaslan/ros2_urdf_ws/install/sam_bot_description/share/sam_bot_description/package.bash'
[1.955s] INFO:colcon.colcon_core.shell:Creating package script '/home/cuma_karaaslan/ros2_urdf_ws/install/sam_bot_description/share/sam_bot_description/package.zsh'
[1.956s] Level 1:colcon.colcon_core.environment:create_file_with_runtime_dependencies(/home/cuma_karaaslan/ros2_urdf_ws/install/sam_bot_description/share/colcon-core/packages/sam_bot_description)
[3.291s] DEBUG:colcon.colcon_core.event_handler.log_command:Invoking command in '/home/cuma_karaaslan/ros2_urdf_ws/src/robot_web_server': DEBUGINFOD_URLS=https://debuginfod.ubuntu.com PYTHONPATH=/home/cuma_karaaslan/ros2_urdf_ws/build/robot_web_server/prefix_override:/usr/lib/python3/dist-packages/colcon_core/task/python/colcon_distutils_commands:/home/cuma_karaaslan/ros2_urdf_ws/install/robot_web_server/lib/python3.12/site-packages:${PYTHONPATH} /usr/bin/python3 -W ignore:setup.py install is deprecated -W ignore:easy_install command is deprecated setup.py egg_info --egg-base ../../build/robot_web_server build --build-base /home/cuma_karaaslan/ros2_urdf_ws/build/robot_web_server/build install --record /home/cuma_karaaslan/ros2_urdf_ws/build/robot_web_server/install.log --single-version-externally-managed install_data
[3.297s] DEBUG:colcon.colcon_core.event_handler.log_command:Invoking command in '/home/cuma_karaaslan/ros2_urdf_ws/navigation2_tutorials/nav2_gps_waypoint_follower_demo': DEBUGINFOD_URLS=https://debuginfod.ubuntu.com PYTHONPATH=/home/cuma_karaaslan/ros2_urdf_ws/build/nav2_gps_waypoint_follower_demo/prefix_override:/usr/lib/python3/dist-packages/colcon_core/task/python/colcon_distutils_commands:/home/cuma_karaaslan/ros2_urdf_ws/install/nav2_gps_waypoint_follower_demo/lib/python3.12/site-packages:${PYTHONPATH} /usr/bin/python3 -W ignore:setup.py install is deprecated -W ignore:easy_install command is deprecated setup.py egg_info --egg-base ../../build/nav2_gps_waypoint_follower_demo build --build-base /home/cuma_karaaslan/ros2_urdf_ws/build/nav2_gps_waypoint_follower_demo/build install --record /home/cuma_karaaslan/ros2_urdf_ws/build/nav2_gps_waypoint_follower_demo/install.log --single-version-externally-managed install_data
[4.367s] Level 1:colcon.colcon_core.environment:checking '/home/cuma_karaaslan/ros2_urdf_ws/install/nav2_gps_waypoint_follower_demo' for CMake module files
[4.368s] DEBUG:colcon.colcon_core.event_handler.log_command:Invoked command in '/home/cuma_karaaslan/ros2_urdf_ws/navigation2_tutorials/nav2_gps_waypoint_follower_demo' returned '0': DEBUGINFOD_URLS=https://debuginfod.ubuntu.com PYTHONPATH=/home/cuma_karaaslan/ros2_urdf_ws/build/nav2_gps_waypoint_follower_demo/prefix_override:/usr/lib/python3/dist-packages/colcon_core/task/python/colcon_distutils_commands:/home/cuma_karaaslan/ros2_urdf_ws/install/nav2_gps_waypoint_follower_demo/lib/python3.12/site-packages:${PYTHONPATH} /usr/bin/python3 -W ignore:setup.py install is deprecated -W ignore:easy_install command is deprecated setup.py egg_info --egg-base ../../build/nav2_gps_waypoint_follower_demo build --build-base /home/cuma_karaaslan/ros2_urdf_ws/build/nav2_gps_waypoint_follower_demo/build install --record /home/cuma_karaaslan/ros2_urdf_ws/build/nav2_gps_waypoint_follower_demo/install.log --single-version-externally-managed install_data
[4.369s] Level 1:colcon.colcon_core.environment:checking '/home/cuma_karaaslan/ros2_urdf_ws/install/nav2_gps_waypoint_follower_demo' for CMake config files
[4.371s] Level 1:colcon.colcon_core.environment:checking '/home/cuma_karaaslan/ros2_urdf_ws/install/nav2_gps_waypoint_follower_demo/lib'
[4.371s] Level 1:colcon.colcon_core.environment:checking '/home/cuma_karaaslan/ros2_urdf_ws/install/nav2_gps_waypoint_follower_demo/bin'
[4.371s] Level 1:colcon.colcon_core.environment:checking '/home/cuma_karaaslan/ros2_urdf_ws/install/nav2_gps_waypoint_follower_demo/lib/pkgconfig/nav2_gps_waypoint_follower_demo.pc'
[4.372s] Level 1:colcon.colcon_core.environment:checking '/home/cuma_karaaslan/ros2_urdf_ws/install/nav2_gps_waypoint_follower_demo/lib/python3.12/site-packages'
[4.372s] Level 1:colcon.colcon_core.shell:create_environment_hook('nav2_gps_waypoint_follower_demo', 'pythonpath')
[4.372s] INFO:colcon.colcon_core.shell:Creating environment hook '/home/cuma_karaaslan/ros2_urdf_ws/install/nav2_gps_waypoint_follower_demo/share/nav2_gps_waypoint_follower_demo/hook/pythonpath.ps1'
[4.373s] INFO:colcon.colcon_core.shell:Creating environment descriptor '/home/cuma_karaaslan/ros2_urdf_ws/install/nav2_gps_waypoint_follower_demo/share/nav2_gps_waypoint_follower_demo/hook/pythonpath.dsv'
[4.374s] INFO:colcon.colcon_core.shell:Creating environment hook '/home/cuma_karaaslan/ros2_urdf_ws/install/nav2_gps_waypoint_follower_demo/share/nav2_gps_waypoint_follower_demo/hook/pythonpath.sh'
[4.376s] Level 1:colcon.colcon_core.environment:checking '/home/cuma_karaaslan/ros2_urdf_ws/install/nav2_gps_waypoint_follower_demo/bin'
[4.376s] Level 1:colcon.colcon_core.environment:create_environment_scripts_only(nav2_gps_waypoint_follower_demo)
[4.376s] INFO:colcon.colcon_core.shell:Creating package script '/home/cuma_karaaslan/ros2_urdf_ws/install/nav2_gps_waypoint_follower_demo/share/nav2_gps_waypoint_follower_demo/package.ps1'
[4.377s] INFO:colcon.colcon_core.shell:Creating package descriptor '/home/cuma_karaaslan/ros2_urdf_ws/install/nav2_gps_waypoint_follower_demo/share/nav2_gps_waypoint_follower_demo/package.dsv'
[4.378s] INFO:colcon.colcon_core.shell:Creating package script '/home/cuma_karaaslan/ros2_urdf_ws/install/nav2_gps_waypoint_follower_demo/share/nav2_gps_waypoint_follower_demo/package.sh'
[4.379s] INFO:colcon.colcon_core.shell:Creating package script '/home/cuma_karaaslan/ros2_urdf_ws/install/nav2_gps_waypoint_follower_demo/share/nav2_gps_waypoint_follower_demo/package.bash'
[4.380s] INFO:colcon.colcon_core.shell:Creating package script '/home/cuma_karaaslan/ros2_urdf_ws/install/nav2_gps_waypoint_follower_demo/share/nav2_gps_waypoint_follower_demo/package.zsh'
[4.380s] Level 1:colcon.colcon_core.environment:create_file_with_runtime_dependencies(/home/cuma_karaaslan/ros2_urdf_ws/install/nav2_gps_waypoint_follower_demo/share/colcon-core/packages/nav2_gps_waypoint_follower_demo)
[4.383s] Level 1:colcon.colcon_core.environment:checking '/home/cuma_karaaslan/ros2_urdf_ws/install/robot_web_server' for CMake module files
[4.385s] DEBUG:colcon.colcon_core.event_handler.log_command:Invoked command in '/home/cuma_karaaslan/ros2_urdf_ws/src/robot_web_server' returned '0': DEBUGINFOD_URLS=https://debuginfod.ubuntu.com PYTHONPATH=/home/cuma_karaaslan/ros2_urdf_ws/build/robot_web_server/prefix_override:/usr/lib/python3/dist-packages/colcon_core/task/python/colcon_distutils_commands:/home/cuma_karaaslan/ros2_urdf_ws/install/robot_web_server/lib/python3.12/site-packages:${PYTHONPATH} /usr/bin/python3 -W ignore:setup.py install is deprecated -W ignore:easy_install command is deprecated setup.py egg_info --egg-base ../../build/robot_web_server build --build-base /home/cuma_karaaslan/ros2_urdf_ws/build/robot_web_server/build install --record /home/cuma_karaaslan/ros2_urdf_ws/build/robot_web_server/install.log --single-version-externally-managed install_data
[4.385s] Level 1:colcon.colcon_core.environment:checking '/home/cuma_karaaslan/ros2_urdf_ws/install/robot_web_server' for CMake config files
[4.386s] Level 1:colcon.colcon_core.environment:checking '/home/cuma_karaaslan/ros2_urdf_ws/install/robot_web_server/lib'
[4.387s] Level 1:colcon.colcon_core.environment:checking '/home/cuma_karaaslan/ros2_urdf_ws/install/robot_web_server/bin'
[4.387s] Level 1:colcon.colcon_core.environment:checking '/home/cuma_karaaslan/ros2_urdf_ws/install/robot_web_server/lib/pkgconfig/robot_web_server.pc'
[4.388s] Level 1:colcon.colcon_core.environment:checking '/home/cuma_karaaslan/ros2_urdf_ws/install/robot_web_server/lib/python3.12/site-packages'
[4.388s] Level 1:colcon.colcon_core.shell:create_environment_hook('robot_web_server', 'pythonpath')
[4.389s] INFO:colcon.colcon_core.shell:Creating environment hook '/home/cuma_karaaslan/ros2_urdf_ws/install/robot_web_server/share/robot_web_server/hook/pythonpath.ps1'
[4.390s] INFO:colcon.colcon_core.shell:Creating environment descriptor '/home/cuma_karaaslan/ros2_urdf_ws/install/robot_web_server/share/robot_web_server/hook/pythonpath.dsv'
[4.392s] INFO:colcon.colcon_core.shell:Creating environment hook '/home/cuma_karaaslan/ros2_urdf_ws/install/robot_web_server/share/robot_web_server/hook/pythonpath.sh'
[4.393s] Level 1:colcon.colcon_core.environment:checking '/home/cuma_karaaslan/ros2_urdf_ws/install/robot_web_server/bin'
[4.393s] Level 1:colcon.colcon_core.environment:create_environment_scripts_only(robot_web_server)
[4.394s] INFO:colcon.colcon_core.shell:Creating package script '/home/cuma_karaaslan/ros2_urdf_ws/install/robot_web_server/share/robot_web_server/package.ps1'
[4.395s] INFO:colcon.colcon_core.shell:Creating package descriptor '/home/cuma_karaaslan/ros2_urdf_ws/install/robot_web_server/share/robot_web_server/package.dsv'
[4.396s] INFO:colcon.colcon_core.shell:Creating package script '/home/cuma_karaaslan/ros2_urdf_ws/install/robot_web_server/share/robot_web_server/package.sh'
[4.396s] INFO:colcon.colcon_core.shell:Creating package script '/home/cuma_karaaslan/ros2_urdf_ws/install/robot_web_server/share/robot_web_server/package.bash'
[4.397s] INFO:colcon.colcon_core.shell:Creating package script '/home/cuma_karaaslan/ros2_urdf_ws/install/robot_web_server/share/robot_web_server/package.zsh'
[4.397s] Level 1:colcon.colcon_core.environment:create_file_with_runtime_dependencies(/home/cuma_karaaslan/ros2_urdf_ws/install/robot_web_server/share/colcon-core/packages/robot_web_server)
[4.398s] DEBUG:colcon.colcon_parallel_executor.executor.parallel:closing loop
[4.398s] DEBUG:colcon.colcon_parallel_executor.executor.parallel:loop closed
[4.399s] DEBUG:colcon.colcon_parallel_executor.executor.parallel:run_until_complete finished with '0'
[4.399s] DEBUG:colcon.colcon_core.event_reactor:joining thread
[4.412s] INFO:colcon.colcon_core.plugin_system:Skipping extension 'colcon_notification.desktop_notification.terminal_notifier': Not used on non-Darwin systems
[4.412s] INFO:colcon.colcon_core.plugin_system:Skipping extension 'colcon_notification.desktop_notification.win32': Not used on non-Windows systems
[4.412s] INFO:colcon.colcon_notification.desktop_notification:Sending desktop notification using 'notify2'
[4.438s] DEBUG:colcon.colcon_core.event_reactor:joined thread
[4.438s] INFO:colcon.colcon_core.shell:Creating prefix script '/home/cuma_karaaslan/ros2_urdf_ws/install/local_setup.ps1'
[4.440s] INFO:colcon.colcon_core.shell:Creating prefix util module '/home/cuma_karaaslan/ros2_urdf_ws/install/_local_setup_util_ps1.py'
[4.442s] INFO:colcon.colcon_core.shell:Creating prefix chain script '/home/cuma_karaaslan/ros2_urdf_ws/install/setup.ps1'
[4.444s] INFO:colcon.colcon_core.shell:Creating prefix script '/home/cuma_karaaslan/ros2_urdf_ws/install/local_setup.sh'
[4.446s] INFO:colcon.colcon_core.shell:Creating prefix util module '/home/cuma_karaaslan/ros2_urdf_ws/install/_local_setup_util_sh.py'
[4.447s] INFO:colcon.colcon_core.shell:Creating prefix chain script '/home/cuma_karaaslan/ros2_urdf_ws/install/setup.sh'
[4.449s] INFO:colcon.colcon_core.shell:Creating prefix script '/home/cuma_karaaslan/ros2_urdf_ws/install/local_setup.bash'
[4.451s] INFO:colcon.colcon_core.shell:Creating prefix chain script '/home/cuma_karaaslan/ros2_urdf_ws/install/setup.bash'
[4.453s] INFO:colcon.colcon_core.shell:Creating prefix script '/home/cuma_karaaslan/ros2_urdf_ws/install/local_setup.zsh'
[4.454s] INFO:colcon.colcon_core.shell:Creating prefix chain script '/home/cuma_karaaslan/ros2_urdf_ws/install/setup.zsh'
