[1.312s] Invoking command in '/home/cuma_karaaslan/ros2_urdf_ws/build/sam_bot_description': CMAKE_PREFIX_PATH=${CMAKE_PREFIX_PATH}:/opt/ros/jazzy DEBUGINFOD_URLS=https://debuginfod.ubuntu.com /usr/bin/cmake /home/cuma_karaaslan/ros2_urdf_ws/navigation2_tutorials/sam_bot_description -DCMAKE_INSTALL_PREFIX=/home/cuma_karaaslan/ros2_urdf_ws/install/sam_bot_description
[1.460s] -- The C compiler identification is GNU 13.3.0
[1.598s] -- The CXX compiler identification is GNU 13.3.0
[1.642s] -- Detecting C compiler ABI info
[1.849s] -- Detecting C compiler ABI info - done
[1.880s] -- Check for working C compiler: /usr/bin/cc - skipped
[1.880s] -- Detecting C compile features
[1.881s] -- Detecting C compile features - done
[1.901s] -- Detecting CXX compiler ABI info
[2.194s] -- Detecting CXX compiler ABI info - done
[2.224s] -- Check for working CXX compiler: /usr/bin/c++ - skipped
[2.225s] -- Detecting CXX compile features
[2.226s] -- Detecting CXX compile features - done
[2.238s] -- Found ament_cmake: 2.5.4 (/opt/ros/jazzy/share/ament_cmake/cmake)
[2.615s] -- Found Python3: /usr/bin/python3 (found version "3.12.3") found components: Interpreter 
[2.941s] -- Found xacro: 2.0.13 (/opt/ros/jazzy/share/xacro/cmake)
[2.953s] -- Found ament_lint_auto: 0.17.2 (/opt/ros/jazzy/share/ament_lint_auto/cmake)
[3.273s] -- Added test 'copyright' to check source files copyright and LICENSE
[3.280s] -- Added test 'flake8' to check Python code syntax and style conventions
[3.280s] -- Configured 'flake8' exclude dirs and/or files: 
[3.282s] -- Added test 'lint_cmake' to check CMake code style
[3.285s] -- Added test 'pep257' to check Python code against some of the docstring style conventions in PEP 257
[3.289s] -- Added test 'xmllint' to check XML markup files
[3.293s] -- Configuring done (2.0s)
[3.300s] -- Generating done (0.0s)
[3.305s] -- Build files have been written to: /home/cuma_karaaslan/ros2_urdf_ws/build/sam_bot_description
[3.315s] Invoked command in '/home/cuma_karaaslan/ros2_urdf_ws/build/sam_bot_description' returned '0': CMAKE_PREFIX_PATH=${CMAKE_PREFIX_PATH}:/opt/ros/jazzy DEBUGINFOD_URLS=https://debuginfod.ubuntu.com /usr/bin/cmake /home/cuma_karaaslan/ros2_urdf_ws/navigation2_tutorials/sam_bot_description -DCMAKE_INSTALL_PREFIX=/home/cuma_karaaslan/ros2_urdf_ws/install/sam_bot_description
[3.317s] Invoking command in '/home/cuma_karaaslan/ros2_urdf_ws/build/sam_bot_description': CMAKE_PREFIX_PATH=${CMAKE_PREFIX_PATH}:/opt/ros/jazzy DEBUGINFOD_URLS=https://debuginfod.ubuntu.com /usr/bin/cmake --build /home/cuma_karaaslan/ros2_urdf_ws/build/sam_bot_description -- -j12 -l12
[3.396s] Invoked command in '/home/cuma_karaaslan/ros2_urdf_ws/build/sam_bot_description' returned '0': CMAKE_PREFIX_PATH=${CMAKE_PREFIX_PATH}:/opt/ros/jazzy DEBUGINFOD_URLS=https://debuginfod.ubuntu.com /usr/bin/cmake --build /home/cuma_karaaslan/ros2_urdf_ws/build/sam_bot_description -- -j12 -l12
[3.399s] Invoking command in '/home/cuma_karaaslan/ros2_urdf_ws/build/sam_bot_description': CMAKE_PREFIX_PATH=${CMAKE_PREFIX_PATH}:/opt/ros/jazzy DEBUGINFOD_URLS=https://debuginfod.ubuntu.com /usr/bin/cmake --install /home/cuma_karaaslan/ros2_urdf_ws/build/sam_bot_description
[3.414s] -- Install configuration: ""
[3.414s] -- Installing: /home/cuma_karaaslan/ros2_urdf_ws/install/sam_bot_description/share/sam_bot_description/src
[3.415s] -- Installing: /home/cuma_karaaslan/ros2_urdf_ws/install/sam_bot_description/share/sam_bot_description/src/description
[3.415s] -- Installing: /home/cuma_karaaslan/ros2_urdf_ws/install/sam_bot_description/share/sam_bot_description/src/description/sam_bot_description.sdf
[3.415s] -- Installing: /home/cuma_karaaslan/ros2_urdf_ws/install/sam_bot_description/share/sam_bot_description/src/description/sam_bot_description.urdf
[3.416s] -- Installing: /home/cuma_karaaslan/ros2_urdf_ws/install/sam_bot_description/share/sam_bot_description/launch
[3.416s] -- Installing: /home/cuma_karaaslan/ros2_urdf_ws/install/sam_bot_description/share/sam_bot_description/launch/display.launch.py
[3.416s] -- Installing: /home/cuma_karaaslan/ros2_urdf_ws/install/sam_bot_description/share/sam_bot_description/rviz
[3.416s] -- Installing: /home/cuma_karaaslan/ros2_urdf_ws/install/sam_bot_description/share/sam_bot_description/rviz/config.rviz
[3.417s] -- Installing: /home/cuma_karaaslan/ros2_urdf_ws/install/sam_bot_description/share/sam_bot_description/config
[3.417s] -- Installing: /home/cuma_karaaslan/ros2_urdf_ws/install/sam_bot_description/share/sam_bot_description/config/nav2_params.yaml
[3.417s] -- Installing: /home/cuma_karaaslan/ros2_urdf_ws/install/sam_bot_description/share/sam_bot_description/config/ekf.yaml
[3.417s] -- Installing: /home/cuma_karaaslan/ros2_urdf_ws/install/sam_bot_description/share/sam_bot_description/config/bridge_config.yaml
[3.417s] -- Installing: /home/cuma_karaaslan/ros2_urdf_ws/install/sam_bot_description/share/sam_bot_description/world
[3.418s] -- Installing: /home/cuma_karaaslan/ros2_urdf_ws/install/sam_bot_description/share/sam_bot_description/world/empty.world.sdf
[3.418s] -- Installing: /home/cuma_karaaslan/ros2_urdf_ws/install/sam_bot_description/share/sam_bot_description/world/my_world.sdf
[3.418s] -- Installing: /home/cuma_karaaslan/ros2_urdf_ws/install/sam_bot_description/share/ament_index/resource_index/package_run_dependencies/sam_bot_description
[3.418s] -- Installing: /home/cuma_karaaslan/ros2_urdf_ws/install/sam_bot_description/share/ament_index/resource_index/parent_prefix_path/sam_bot_description
[3.419s] -- Installing: /home/cuma_karaaslan/ros2_urdf_ws/install/sam_bot_description/share/sam_bot_description/environment/ament_prefix_path.sh
[3.419s] -- Installing: /home/cuma_karaaslan/ros2_urdf_ws/install/sam_bot_description/share/sam_bot_description/environment/ament_prefix_path.dsv
[3.419s] -- Installing: /home/cuma_karaaslan/ros2_urdf_ws/install/sam_bot_description/share/sam_bot_description/environment/path.sh
[3.419s] -- Installing: /home/cuma_karaaslan/ros2_urdf_ws/install/sam_bot_description/share/sam_bot_description/environment/path.dsv
[3.419s] -- Installing: /home/cuma_karaaslan/ros2_urdf_ws/install/sam_bot_description/share/sam_bot_description/local_setup.bash
[3.420s] -- Installing: /home/cuma_karaaslan/ros2_urdf_ws/install/sam_bot_description/share/sam_bot_description/local_setup.sh
[3.420s] -- Installing: /home/cuma_karaaslan/ros2_urdf_ws/install/sam_bot_description/share/sam_bot_description/local_setup.zsh
[3.421s] -- Installing: /home/cuma_karaaslan/ros2_urdf_ws/install/sam_bot_description/share/sam_bot_description/local_setup.dsv
[3.422s] -- Installing: /home/cuma_karaaslan/ros2_urdf_ws/install/sam_bot_description/share/sam_bot_description/package.dsv
[3.423s] -- Installing: /home/cuma_karaaslan/ros2_urdf_ws/install/sam_bot_description/share/ament_index/resource_index/packages/sam_bot_description
[3.423s] -- Installing: /home/cuma_karaaslan/ros2_urdf_ws/install/sam_bot_description/share/sam_bot_description/cmake/sam_bot_descriptionConfig.cmake
[3.423s] -- Installing: /home/cuma_karaaslan/ros2_urdf_ws/install/sam_bot_description/share/sam_bot_description/cmake/sam_bot_descriptionConfig-version.cmake
[3.423s] -- Installing: /home/cuma_karaaslan/ros2_urdf_ws/install/sam_bot_description/share/sam_bot_description/package.xml
[3.424s] Invoked command in '/home/cuma_karaaslan/ros2_urdf_ws/build/sam_bot_description' returned '0': CMAKE_PREFIX_PATH=${CMAKE_PREFIX_PATH}:/opt/ros/jazzy DEBUGINFOD_URLS=https://debuginfod.ubuntu.com /usr/bin/cmake --install /home/cuma_karaaslan/ros2_urdf_ws/build/sam_bot_description
