[0.555s] Invoking command in '/home/cuma_karaaslan/ros2_urdf_ws/build/nav2_gradient_costmap_plugin': CMAKE_PREFIX_PATH=${CMAKE_PREFIX_PATH}:/opt/ros/jazzy DEBUGINFOD_URLS=https://debuginfod.ubuntu.com /usr/bin/cmake /home/cuma_karaaslan/ros2_urdf_ws/navigation2_tutorials/nav2_gradient_costmap_plugin -DCMAKE_INSTALL_PREFIX=/home/cuma_karaaslan/ros2_urdf_ws/install/nav2_gradient_costmap_plugin
[1.334s] -- The C compiler identification is GNU 13.3.0
[1.334s] -- The CXX compiler identification is GNU 13.3.0
[1.335s] -- Detecting C compiler ABI info
[1.335s] -- Detecting C compiler ABI info - done
[1.335s] -- Check for working C compiler: /usr/bin/cc - skipped
[1.335s] -- Detecting C compile features
[1.336s] -- Detecting C compile features - done
[1.336s] -- Detecting CXX compiler ABI info
[1.391s] -- Detecting CXX compiler ABI info - done
[1.419s] -- Check for working CXX compiler: /usr/bin/c++ - skipped
[1.420s] -- Detecting CXX compile features
[1.421s] -- Detecting CXX compile features - done
[1.430s] -- Found ament_cmake: 2.5.4 (/opt/ros/jazzy/share/ament_cmake/cmake)
[1.885s] -- Found Python3: /usr/bin/python3 (found version "3.12.3") found components: Interpreter 
[2.251s] -- Found rclcpp: 28.1.9 (/opt/ros/jazzy/share/rclcpp/cmake)
[2.436s] -- Found rosidl_generator_c: 4.6.5 (/opt/ros/jazzy/share/rosidl_generator_c/cmake)
[2.480s] -- Found rosidl_generator_cpp: 4.6.5 (/opt/ros/jazzy/share/rosidl_generator_cpp/cmake)
[2.531s] -- Using all available rosidl_typesupport_c: rosidl_typesupport_fastrtps_c;rosidl_typesupport_introspection_c
[2.599s] -- Using all available rosidl_typesupport_cpp: rosidl_typesupport_fastrtps_cpp;rosidl_typesupport_introspection_cpp
[2.813s] -- Found rmw_implementation_cmake: 7.3.2 (/opt/ros/jazzy/share/rmw_implementation_cmake/cmake)
[2.824s] -- Found rmw_fastrtps_cpp: 8.4.2 (/opt/ros/jazzy/share/rmw_fastrtps_cpp/cmake)
[3.055s] -- Found OpenSSL: /usr/lib/x86_64-linux-gnu/libcrypto.so (found version "3.0.13")  
[3.122s] -- Found FastRTPS: /opt/ros/jazzy/include (Required is at least version "2.13") 
[3.197s] -- Using RMW implementation 'rmw_fastrtps_cpp' as default
[3.445s] -- Found nav2_costmap_2d: 1.3.9 (/opt/ros/jazzy/share/nav2_costmap_2d/cmake)
[4.943s] -- Found eigen3_cmake_module: 0.3.0 (/opt/ros/jazzy/share/eigen3_cmake_module/cmake)
[4.949s] -- Found Eigen3: TRUE (found version "3.4.0") 
[4.950s] -- Ensuring Eigen3 include directory is part of orocos-kdl CMake target
[6.697s] -- Configuring done (6.1s)
[6.870s] -- Generating done (0.1s)
[6.923s] -- Build files have been written to: /home/cuma_karaaslan/ros2_urdf_ws/build/nav2_gradient_costmap_plugin
[6.985s] Invoked command in '/home/cuma_karaaslan/ros2_urdf_ws/build/nav2_gradient_costmap_plugin' returned '0': CMAKE_PREFIX_PATH=${CMAKE_PREFIX_PATH}:/opt/ros/jazzy DEBUGINFOD_URLS=https://debuginfod.ubuntu.com /usr/bin/cmake /home/cuma_karaaslan/ros2_urdf_ws/navigation2_tutorials/nav2_gradient_costmap_plugin -DCMAKE_INSTALL_PREFIX=/home/cuma_karaaslan/ros2_urdf_ws/install/nav2_gradient_costmap_plugin
[6.990s] Invoking command in '/home/cuma_karaaslan/ros2_urdf_ws/build/nav2_gradient_costmap_plugin': CMAKE_PREFIX_PATH=${CMAKE_PREFIX_PATH}:/opt/ros/jazzy DEBUGINFOD_URLS=https://debuginfod.ubuntu.com /usr/bin/cmake --build /home/cuma_karaaslan/ros2_urdf_ws/build/nav2_gradient_costmap_plugin -- -j12 -l12
[7.345s] [ 50%] [32mBuilding CXX object CMakeFiles/nav2_gradient_costmap_plugin_core.dir/src/gradient_layer.cpp.o[0m
[17.848s] [100%] [32m[1mLinking CXX shared library libnav2_gradient_costmap_plugin_core.so[0m
[18.256s] [100%] Built target nav2_gradient_costmap_plugin_core
[18.278s] Invoked command in '/home/cuma_karaaslan/ros2_urdf_ws/build/nav2_gradient_costmap_plugin' returned '0': CMAKE_PREFIX_PATH=${CMAKE_PREFIX_PATH}:/opt/ros/jazzy DEBUGINFOD_URLS=https://debuginfod.ubuntu.com /usr/bin/cmake --build /home/cuma_karaaslan/ros2_urdf_ws/build/nav2_gradient_costmap_plugin -- -j12 -l12
[18.280s] Invoking command in '/home/cuma_karaaslan/ros2_urdf_ws/build/nav2_gradient_costmap_plugin': CMAKE_PREFIX_PATH=${CMAKE_PREFIX_PATH}:/opt/ros/jazzy DEBUGINFOD_URLS=https://debuginfod.ubuntu.com /usr/bin/cmake --install /home/cuma_karaaslan/ros2_urdf_ws/build/nav2_gradient_costmap_plugin
[18.304s] -- Install configuration: ""
[18.304s] -- Installing: /home/cuma_karaaslan/ros2_urdf_ws/install/nav2_gradient_costmap_plugin/lib/libnav2_gradient_costmap_plugin_core.so
[18.305s] -- Set non-toolchain portion of runtime path of "/home/cuma_karaaslan/ros2_urdf_ws/install/nav2_gradient_costmap_plugin/lib/libnav2_gradient_costmap_plugin_core.so" to ""
[18.306s] -- Installing: /home/cuma_karaaslan/ros2_urdf_ws/install/nav2_gradient_costmap_plugin/share/nav2_gradient_costmap_plugin/gradient_layer.xml
[18.306s] -- Installing: /home/cuma_karaaslan/ros2_urdf_ws/install/nav2_gradient_costmap_plugin/share/ament_index/resource_index/package_run_dependencies/nav2_gradient_costmap_plugin
[18.306s] -- Installing: /home/cuma_karaaslan/ros2_urdf_ws/install/nav2_gradient_costmap_plugin/share/ament_index/resource_index/parent_prefix_path/nav2_gradient_costmap_plugin
[18.307s] -- Installing: /home/cuma_karaaslan/ros2_urdf_ws/install/nav2_gradient_costmap_plugin/share/nav2_gradient_costmap_plugin/environment/ament_prefix_path.sh
[18.307s] -- Installing: /home/cuma_karaaslan/ros2_urdf_ws/install/nav2_gradient_costmap_plugin/share/nav2_gradient_costmap_plugin/environment/ament_prefix_path.dsv
[18.307s] -- Installing: /home/cuma_karaaslan/ros2_urdf_ws/install/nav2_gradient_costmap_plugin/share/nav2_gradient_costmap_plugin/environment/path.sh
[18.308s] -- Installing: /home/cuma_karaaslan/ros2_urdf_ws/install/nav2_gradient_costmap_plugin/share/nav2_gradient_costmap_plugin/environment/path.dsv
[18.308s] -- Installing: /home/cuma_karaaslan/ros2_urdf_ws/install/nav2_gradient_costmap_plugin/share/nav2_gradient_costmap_plugin/local_setup.bash
[18.308s] -- Installing: /home/cuma_karaaslan/ros2_urdf_ws/install/nav2_gradient_costmap_plugin/share/nav2_gradient_costmap_plugin/local_setup.sh
[18.309s] -- Installing: /home/cuma_karaaslan/ros2_urdf_ws/install/nav2_gradient_costmap_plugin/share/nav2_gradient_costmap_plugin/local_setup.zsh
[18.309s] -- Installing: /home/cuma_karaaslan/ros2_urdf_ws/install/nav2_gradient_costmap_plugin/share/nav2_gradient_costmap_plugin/local_setup.dsv
[18.309s] -- Installing: /home/cuma_karaaslan/ros2_urdf_ws/install/nav2_gradient_costmap_plugin/share/nav2_gradient_costmap_plugin/package.dsv
[18.310s] -- Installing: /home/cuma_karaaslan/ros2_urdf_ws/install/nav2_gradient_costmap_plugin/share/ament_index/resource_index/packages/nav2_gradient_costmap_plugin
[18.310s] -- Installing: /home/cuma_karaaslan/ros2_urdf_ws/install/nav2_gradient_costmap_plugin/share/ament_index/resource_index/nav2_costmap_2d__pluginlib__plugin/nav2_gradient_costmap_plugin
[18.310s] -- Installing: /home/cuma_karaaslan/ros2_urdf_ws/install/nav2_gradient_costmap_plugin/share/nav2_gradient_costmap_plugin/cmake/nav2_gradient_costmap_pluginConfig.cmake
[18.311s] -- Installing: /home/cuma_karaaslan/ros2_urdf_ws/install/nav2_gradient_costmap_plugin/share/nav2_gradient_costmap_plugin/cmake/nav2_gradient_costmap_pluginConfig-version.cmake
[18.311s] -- Installing: /home/cuma_karaaslan/ros2_urdf_ws/install/nav2_gradient_costmap_plugin/share/nav2_gradient_costmap_plugin/package.xml
[18.316s] Invoked command in '/home/cuma_karaaslan/ros2_urdf_ws/build/nav2_gradient_costmap_plugin' returned '0': CMAKE_PREFIX_PATH=${CMAKE_PREFIX_PATH}:/opt/ros/jazzy DEBUGINFOD_URLS=https://debuginfod.ubuntu.com /usr/bin/cmake --install /home/cuma_karaaslan/ros2_urdf_ws/build/nav2_gradient_costmap_plugin
