[2.635s] Invoking command in '/home/cuma_karaaslan/ros2_urdf_ws/src/robot_web_server': DEBUGINFOD_URLS=https://debuginfod.ubuntu.com PYTHONPATH=/home/cuma_karaaslan/ros2_urdf_ws/build/robot_web_server/prefix_override:/usr/lib/python3/dist-packages/colcon_core/task/python/colcon_distutils_commands:/home/cuma_karaaslan/ros2_urdf_ws/install/robot_web_server/lib/python3.12/site-packages:${PYTHONPATH} /usr/bin/python3 -W ignore:setup.py install is deprecated -W ignore:easy_install command is deprecated setup.py egg_info --egg-base ../../build/robot_web_server build --build-base /home/cuma_karaaslan/ros2_urdf_ws/build/robot_web_server/build install --record /home/cuma_karaaslan/ros2_urdf_ws/build/robot_web_server/install.log --single-version-externally-managed install_data
[3.127s] running egg_info
[3.176s] writing ../../build/robot_web_server/robot_web_server.egg-info/PKG-INFO
[3.176s] writing dependency_links to ../../build/robot_web_server/robot_web_server.egg-info/dependency_links.txt
[3.177s] writing entry points to ../../build/robot_web_server/robot_web_server.egg-info/entry_points.txt
[3.177s] writing requirements to ../../build/robot_web_server/robot_web_server.egg-info/requires.txt
[3.177s] writing top-level names to ../../build/robot_web_server/robot_web_server.egg-info/top_level.txt
[3.258s] reading manifest file '../../build/robot_web_server/robot_web_server.egg-info/SOURCES.txt'
[3.260s] writing manifest file '../../build/robot_web_server/robot_web_server.egg-info/SOURCES.txt'
[3.260s] running build
[3.260s] running build_py
[3.261s] running install
[3.272s] running install_lib
[3.312s] running install_data
[3.312s] running install_egg_info
[3.350s] removing '/home/cuma_karaaslan/ros2_urdf_ws/install/robot_web_server/lib/python3.12/site-packages/robot_web_server-0.0.0-py3.12.egg-info' (and everything under it)
[3.351s] Copying ../../build/robot_web_server/robot_web_server.egg-info to /home/cuma_karaaslan/ros2_urdf_ws/install/robot_web_server/lib/python3.12/site-packages/robot_web_server-0.0.0-py3.12.egg-info
[3.353s] running install_scripts
[3.653s] Installing web_server script to /home/cuma_karaaslan/ros2_urdf_ws/install/robot_web_server/lib/robot_web_server
[3.654s] writing list of installed files to '/home/cuma_karaaslan/ros2_urdf_ws/build/robot_web_server/install.log'
[3.728s] Invoked command in '/home/cuma_karaaslan/ros2_urdf_ws/src/robot_web_server' returned '0': DEBUGINFOD_URLS=https://debuginfod.ubuntu.com PYTHONPATH=/home/cuma_karaaslan/ros2_urdf_ws/build/robot_web_server/prefix_override:/usr/lib/python3/dist-packages/colcon_core/task/python/colcon_distutils_commands:/home/cuma_karaaslan/ros2_urdf_ws/install/robot_web_server/lib/python3.12/site-packages:${PYTHONPATH} /usr/bin/python3 -W ignore:setup.py install is deprecated -W ignore:easy_install command is deprecated setup.py egg_info --egg-base ../../build/robot_web_server build --build-base /home/cuma_karaaslan/ros2_urdf_ws/build/robot_web_server/build install --record /home/cuma_karaaslan/ros2_urdf_ws/build/robot_web_server/install.log --single-version-externally-managed install_data
