[0.088s] Invoking command in '/home/cuma_karaaslan/ros2_urdf_ws/build/my_robot_bringup': CMAKE_PREFIX_PATH=${CMAKE_PREFIX_PATH}:/opt/ros/jazzy DEBUGINFOD_URLS=https://debuginfod.ubuntu.com /usr/bin/cmake /home/cuma_karaaslan/ros2_urdf_ws/src/my_robot_bringup -DCMAKE_INSTALL_PREFIX=/home/cuma_karaaslan/ros2_urdf_ws/install/my_robot_bringup
[1.357s] -- The C compiler identification is GNU 13.3.0
[1.358s] -- The CXX compiler identification is GNU 13.3.0
[1.361s] -- Detecting C compiler ABI info
[1.362s] -- Detecting C compiler ABI info - done
[1.362s] -- Check for working C compiler: /usr/bin/cc - skipped
[1.362s] -- Detecting C compile features
[1.363s] -- Detecting C compile features - done
[1.363s] -- Detecting CXX compiler ABI info
[1.363s] -- Detecting CXX compiler ABI info - done
[1.363s] -- Check for working CXX compiler: /usr/bin/c++ - skipped
[1.363s] -- Detecting CXX compile features
[1.364s] -- Detecting CXX compile features - done
[1.364s] -- Found ament_cmake: 2.5.4 (/opt/ros/jazzy/share/ament_cmake/cmake)
[1.535s] -- Found Python3: /usr/bin/python3 (found version "3.12.3") found components: Interpreter 
[2.214s] -- Configuring done (2.1s)
[2.226s] -- Generating done (0.0s)
[2.233s] -- Build files have been written to: /home/cuma_karaaslan/ros2_urdf_ws/build/my_robot_bringup
[2.250s] Invoked command in '/home/cuma_karaaslan/ros2_urdf_ws/build/my_robot_bringup' returned '0': CMAKE_PREFIX_PATH=${CMAKE_PREFIX_PATH}:/opt/ros/jazzy DEBUGINFOD_URLS=https://debuginfod.ubuntu.com /usr/bin/cmake /home/cuma_karaaslan/ros2_urdf_ws/src/my_robot_bringup -DCMAKE_INSTALL_PREFIX=/home/cuma_karaaslan/ros2_urdf_ws/install/my_robot_bringup
[2.253s] Invoking command in '/home/cuma_karaaslan/ros2_urdf_ws/build/my_robot_bringup': CMAKE_PREFIX_PATH=${CMAKE_PREFIX_PATH}:/opt/ros/jazzy DEBUGINFOD_URLS=https://debuginfod.ubuntu.com /usr/bin/cmake --build /home/cuma_karaaslan/ros2_urdf_ws/build/my_robot_bringup -- -j12 -l12
[2.344s] Invoked command in '/home/cuma_karaaslan/ros2_urdf_ws/build/my_robot_bringup' returned '0': CMAKE_PREFIX_PATH=${CMAKE_PREFIX_PATH}:/opt/ros/jazzy DEBUGINFOD_URLS=https://debuginfod.ubuntu.com /usr/bin/cmake --build /home/cuma_karaaslan/ros2_urdf_ws/build/my_robot_bringup -- -j12 -l12
[2.346s] Invoking command in '/home/cuma_karaaslan/ros2_urdf_ws/build/my_robot_bringup': CMAKE_PREFIX_PATH=${CMAKE_PREFIX_PATH}:/opt/ros/jazzy DEBUGINFOD_URLS=https://debuginfod.ubuntu.com /usr/bin/cmake --install /home/cuma_karaaslan/ros2_urdf_ws/build/my_robot_bringup
[2.366s] -- Install configuration: ""
[2.366s] -- Installing: /home/cuma_karaaslan/ros2_urdf_ws/install/my_robot_bringup/share/my_robot_bringup//launch
[2.367s] -- Installing: /home/cuma_karaaslan/ros2_urdf_ws/install/my_robot_bringup/share/my_robot_bringup//launch/my_robot_gazebo.launch.py
[2.367s] -- Installing: /home/cuma_karaaslan/ros2_urdf_ws/install/my_robot_bringup/share/my_robot_bringup//launch/amiga_bringup.launch.py
[2.367s] -- Installing: /home/cuma_karaaslan/ros2_urdf_ws/install/my_robot_bringup/share/my_robot_bringup//launch/amiga_navsat_ekf.launch.py
[2.367s] -- Installing: /home/cuma_karaaslan/ros2_urdf_ws/install/my_robot_bringup/share/my_robot_bringup//launch/amiga_navigation.launch.py
[2.368s] -- Installing: /home/cuma_karaaslan/ros2_urdf_ws/install/my_robot_bringup/share/my_robot_bringup//launch/ekf_navsat.launch.py
[2.368s] -- Installing: /home/cuma_karaaslan/ros2_urdf_ws/install/my_robot_bringup/share/my_robot_bringup//launch/my_robot_gazebo.launch.xml
[2.369s] -- Installing: /home/cuma_karaaslan/ros2_urdf_ws/install/my_robot_bringup/share/my_robot_bringup//launch/bringup_withgazebo.launch.py
[2.369s] -- Installing: /home/cuma_karaaslan/ros2_urdf_ws/install/my_robot_bringup/share/my_robot_bringup//launch/amiga_ekf.launch.py
[2.369s] -- Installing: /home/cuma_karaaslan/ros2_urdf_ws/install/my_robot_bringup/share/my_robot_bringup//launch/map_server.launch.py
[2.369s] -- Installing: /home/cuma_karaaslan/ros2_urdf_ws/install/my_robot_bringup/share/my_robot_bringup//config
[2.369s] -- Installing: /home/cuma_karaaslan/ros2_urdf_ws/install/my_robot_bringup/share/my_robot_bringup//config/navsat_ekf.yaml
[2.370s] -- Installing: /home/cuma_karaaslan/ros2_urdf_ws/install/my_robot_bringup/share/my_robot_bringup//config/amiga_eski.yaml
[2.370s] -- Installing: /home/cuma_karaaslan/ros2_urdf_ws/install/my_robot_bringup/share/my_robot_bringup//config/gazebo_bridge.yaml
[2.370s] -- Installing: /home/cuma_karaaslan/ros2_urdf_ws/install/my_robot_bringup/share/my_robot_bringup//config/navsat_ekf2.yaml
[2.370s] -- Installing: /home/cuma_karaaslan/ros2_urdf_ws/install/my_robot_bringup/share/my_robot_bringup//config/amiga_ekf.yaml
[2.370s] -- Installing: /home/cuma_karaaslan/ros2_urdf_ws/install/my_robot_bringup/share/my_robot_bringup//config/navsat_amiga.yaml
[2.371s] -- Installing: /home/cuma_karaaslan/ros2_urdf_ws/install/my_robot_bringup/share/ament_index/resource_index/package_run_dependencies/my_robot_bringup
[2.371s] -- Installing: /home/cuma_karaaslan/ros2_urdf_ws/install/my_robot_bringup/share/ament_index/resource_index/parent_prefix_path/my_robot_bringup
[2.371s] -- Installing: /home/cuma_karaaslan/ros2_urdf_ws/install/my_robot_bringup/share/my_robot_bringup/environment/ament_prefix_path.sh
[2.371s] -- Installing: /home/cuma_karaaslan/ros2_urdf_ws/install/my_robot_bringup/share/my_robot_bringup/environment/ament_prefix_path.dsv
[2.371s] -- Installing: /home/cuma_karaaslan/ros2_urdf_ws/install/my_robot_bringup/share/my_robot_bringup/environment/path.sh
[2.371s] -- Installing: /home/cuma_karaaslan/ros2_urdf_ws/install/my_robot_bringup/share/my_robot_bringup/environment/path.dsv
[2.372s] -- Installing: /home/cuma_karaaslan/ros2_urdf_ws/install/my_robot_bringup/share/my_robot_bringup/local_setup.bash
[2.373s] -- Installing: /home/cuma_karaaslan/ros2_urdf_ws/install/my_robot_bringup/share/my_robot_bringup/local_setup.sh
[2.373s] -- Installing: /home/cuma_karaaslan/ros2_urdf_ws/install/my_robot_bringup/share/my_robot_bringup/local_setup.zsh
[2.373s] -- Installing: /home/cuma_karaaslan/ros2_urdf_ws/install/my_robot_bringup/share/my_robot_bringup/local_setup.dsv
[2.373s] -- Installing: /home/cuma_karaaslan/ros2_urdf_ws/install/my_robot_bringup/share/my_robot_bringup/package.dsv
[2.374s] -- Installing: /home/cuma_karaaslan/ros2_urdf_ws/install/my_robot_bringup/share/ament_index/resource_index/packages/my_robot_bringup
[2.374s] -- Installing: /home/cuma_karaaslan/ros2_urdf_ws/install/my_robot_bringup/share/my_robot_bringup/cmake/my_robot_bringupConfig.cmake
[2.374s] -- Installing: /home/cuma_karaaslan/ros2_urdf_ws/install/my_robot_bringup/share/my_robot_bringup/cmake/my_robot_bringupConfig-version.cmake
[2.375s] -- Installing: /home/cuma_karaaslan/ros2_urdf_ws/install/my_robot_bringup/share/my_robot_bringup/package.xml
[2.418s] Invoked command in '/home/cuma_karaaslan/ros2_urdf_ws/build/my_robot_bringup' returned '0': CMAKE_PREFIX_PATH=${CMAKE_PREFIX_PATH}:/opt/ros/jazzy DEBUGINFOD_URLS=https://debuginfod.ubuntu.com /usr/bin/cmake --install /home/cuma_karaaslan/ros2_urdf_ws/build/my_robot_bringup
