[0.079s] Invoking command in '/home/cuma_karaaslan/ros2_urdf_ws/build/my_robot_description': CMAKE_PREFIX_PATH=${CMAKE_PREFIX_PATH}:/opt/ros/jazzy DEBUGINFOD_URLS=https://debuginfod.ubuntu.com /usr/bin/cmake /home/cuma_karaaslan/ros2_urdf_ws/src/my_robot_description -DCMAKE_INSTALL_PREFIX=/home/cuma_karaaslan/ros2_urdf_ws/install/my_robot_description
[1.351s] -- The C compiler identification is GNU 13.3.0
[1.351s] -- The CXX compiler identification is GNU 13.3.0
[1.351s] -- Detecting C compiler ABI info
[1.351s] -- Detecting C compiler ABI info - done
[1.351s] -- Check for working C compiler: /usr/bin/cc - skipped
[1.352s] -- Detecting C compile features
[1.353s] -- Detecting C compile features - done
[1.354s] -- Detecting CXX compiler ABI info
[1.354s] -- Detecting CXX compiler ABI info - done
[1.355s] -- Check for working CXX compiler: /usr/bin/c++ - skipped
[1.355s] -- Detecting CXX compile features
[1.355s] -- Detecting CXX compile features - done
[1.355s] -- Found ament_cmake: 2.5.4 (/opt/ros/jazzy/share/ament_cmake/cmake)
[1.497s] -- Found Python3: /usr/bin/python3 (found version "3.12.3") found components: Interpreter 
[2.129s] -- Configuring done (2.0s)
[2.136s] -- Generating done (0.0s)
[2.141s] -- Build files have been written to: /home/cuma_karaaslan/ros2_urdf_ws/build/my_robot_description
[2.153s] Invoked command in '/home/cuma_karaaslan/ros2_urdf_ws/build/my_robot_description' returned '0': CMAKE_PREFIX_PATH=${CMAKE_PREFIX_PATH}:/opt/ros/jazzy DEBUGINFOD_URLS=https://debuginfod.ubuntu.com /usr/bin/cmake /home/cuma_karaaslan/ros2_urdf_ws/src/my_robot_description -DCMAKE_INSTALL_PREFIX=/home/cuma_karaaslan/ros2_urdf_ws/install/my_robot_description
[2.157s] Invoking command in '/home/cuma_karaaslan/ros2_urdf_ws/build/my_robot_description': CMAKE_PREFIX_PATH=${CMAKE_PREFIX_PATH}:/opt/ros/jazzy DEBUGINFOD_URLS=https://debuginfod.ubuntu.com /usr/bin/cmake --build /home/cuma_karaaslan/ros2_urdf_ws/build/my_robot_description -- -j12 -l12
[2.263s] Invoked command in '/home/cuma_karaaslan/ros2_urdf_ws/build/my_robot_description' returned '0': CMAKE_PREFIX_PATH=${CMAKE_PREFIX_PATH}:/opt/ros/jazzy DEBUGINFOD_URLS=https://debuginfod.ubuntu.com /usr/bin/cmake --build /home/cuma_karaaslan/ros2_urdf_ws/build/my_robot_description -- -j12 -l12
[2.288s] Invoking command in '/home/cuma_karaaslan/ros2_urdf_ws/build/my_robot_description': CMAKE_PREFIX_PATH=${CMAKE_PREFIX_PATH}:/opt/ros/jazzy DEBUGINFOD_URLS=https://debuginfod.ubuntu.com /usr/bin/cmake --install /home/cuma_karaaslan/ros2_urdf_ws/build/my_robot_description
[2.310s] -- Install configuration: ""
[2.311s] -- Installing: /home/cuma_karaaslan/ros2_urdf_ws/install/my_robot_description/share/my_robot_description//urdf
[2.311s] -- Installing: /home/cuma_karaaslan/ros2_urdf_ws/install/my_robot_description/share/my_robot_description//urdf/camera.xacro
[2.312s] -- Installing: /home/cuma_karaaslan/ros2_urdf_ws/install/my_robot_description/share/my_robot_description//urdf/tank_lidar_on_top.urdf
[2.312s] -- Installing: /home/cuma_karaaslan/ros2_urdf_ws/install/my_robot_description/share/my_robot_description//urdf/imu.xacro
[2.313s] -- Installing: /home/cuma_karaaslan/ros2_urdf_ws/install/my_robot_description/share/my_robot_description//urdf/common_properties.xacro
[2.313s] -- Installing: /home/cuma_karaaslan/ros2_urdf_ws/install/my_robot_description/share/my_robot_description//urdf/mobile_base_gazebo.xacro
[2.313s] -- Installing: /home/cuma_karaaslan/ros2_urdf_ws/install/my_robot_description/share/my_robot_description//urdf/my_robot.sdf.xacro
[2.313s] -- Installing: /home/cuma_karaaslan/ros2_urdf_ws/install/my_robot_description/share/my_robot_description//urdf/my_robot.urdf.xacro
[2.314s] -- Installing: /home/cuma_karaaslan/ros2_urdf_ws/install/my_robot_description/share/my_robot_description//urdf/gps.xacro
[2.314s] -- Installing: /home/cuma_karaaslan/ros2_urdf_ws/install/my_robot_description/share/my_robot_description//urdf/mobile_base.xacro
[2.314s] -- Installing: /home/cuma_karaaslan/ros2_urdf_ws/install/my_robot_description/share/my_robot_description//urdf/lidar.xacro
[2.315s] -- Installing: /home/cuma_karaaslan/ros2_urdf_ws/install/my_robot_description/share/my_robot_description//urdf/depth_camera.xacro
[2.316s] -- Installing: /home/cuma_karaaslan/ros2_urdf_ws/install/my_robot_description/share/my_robot_description//launch
[2.316s] -- Installing: /home/cuma_karaaslan/ros2_urdf_ws/install/my_robot_description/share/my_robot_description//launch/display.launch.xml
[2.316s] -- Installing: /home/cuma_karaaslan/ros2_urdf_ws/install/my_robot_description/share/my_robot_description//launch/display.launch.py
[2.316s] -- Installing: /home/cuma_karaaslan/ros2_urdf_ws/install/my_robot_description/share/my_robot_description//launch/display_tank.launch.xml
[2.316s] -- Installing: /home/cuma_karaaslan/ros2_urdf_ws/install/my_robot_description/share/my_robot_description//rviz
[2.317s] -- Installing: /home/cuma_karaaslan/ros2_urdf_ws/install/my_robot_description/share/my_robot_description//rviz/urdf_config.rviz
[2.317s] -- Installing: /home/cuma_karaaslan/ros2_urdf_ws/install/my_robot_description/share/my_robot_description//meshes
[2.317s] -- Installing: /home/cuma_karaaslan/ros2_urdf_ws/install/my_robot_description/share/my_robot_description//meshes/world_demo.sdf
[2.317s] -- Installing: /home/cuma_karaaslan/ros2_urdf_ws/install/my_robot_description/share/my_robot_description//meshes/base_robot_amiga.dae
[2.349s] -- Installing: /home/cuma_karaaslan/ros2_urdf_ws/install/my_robot_description/share/my_robot_description//meshes/AgroOtoT2.dae
[2.397s] -- Installing: /home/cuma_karaaslan/ros2_urdf_ws/install/my_robot_description/share/my_robot_description//meshes/deneme.dae
[2.397s] -- Installing: /home/cuma_karaaslan/ros2_urdf_ws/install/my_robot_description/share/my_robot_description//meshes/wheel.dae
[2.405s] -- Installing: /home/cuma_karaaslan/ros2_urdf_ws/install/my_robot_description/share/my_robot_description//meshes/AgroOtoT2_tireless.dae
[2.433s] -- Installing: /home/cuma_karaaslan/ros2_urdf_ws/install/my_robot_description/share/ament_index/resource_index/package_run_dependencies/my_robot_description
[2.434s] -- Installing: /home/cuma_karaaslan/ros2_urdf_ws/install/my_robot_description/share/ament_index/resource_index/parent_prefix_path/my_robot_description
[2.434s] -- Installing: /home/cuma_karaaslan/ros2_urdf_ws/install/my_robot_description/share/my_robot_description/environment/ament_prefix_path.sh
[2.434s] -- Installing: /home/cuma_karaaslan/ros2_urdf_ws/install/my_robot_description/share/my_robot_description/environment/ament_prefix_path.dsv
[2.435s] -- Installing: /home/cuma_karaaslan/ros2_urdf_ws/install/my_robot_description/share/my_robot_description/environment/path.sh
[2.435s] -- Installing: /home/cuma_karaaslan/ros2_urdf_ws/install/my_robot_description/share/my_robot_description/environment/path.dsv
[2.435s] -- Installing: /home/cuma_karaaslan/ros2_urdf_ws/install/my_robot_description/share/my_robot_description/local_setup.bash
[2.436s] -- Installing: /home/cuma_karaaslan/ros2_urdf_ws/install/my_robot_description/share/my_robot_description/local_setup.sh
[2.436s] -- Installing: /home/cuma_karaaslan/ros2_urdf_ws/install/my_robot_description/share/my_robot_description/local_setup.zsh
[2.436s] -- Installing: /home/cuma_karaaslan/ros2_urdf_ws/install/my_robot_description/share/my_robot_description/local_setup.dsv
[2.436s] -- Installing: /home/cuma_karaaslan/ros2_urdf_ws/install/my_robot_description/share/my_robot_description/package.dsv
[2.436s] -- Installing: /home/cuma_karaaslan/ros2_urdf_ws/install/my_robot_description/share/ament_index/resource_index/packages/my_robot_description
[2.437s] -- Installing: /home/cuma_karaaslan/ros2_urdf_ws/install/my_robot_description/share/my_robot_description/cmake/my_robot_descriptionConfig.cmake
[2.437s] -- Installing: /home/cuma_karaaslan/ros2_urdf_ws/install/my_robot_description/share/my_robot_description/cmake/my_robot_descriptionConfig-version.cmake
[2.437s] -- Installing: /home/cuma_karaaslan/ros2_urdf_ws/install/my_robot_description/share/my_robot_description/package.xml
[2.443s] Invoked command in '/home/cuma_karaaslan/ros2_urdf_ws/build/my_robot_description' returned '0': CMAKE_PREFIX_PATH=${CMAKE_PREFIX_PATH}:/opt/ros/jazzy DEBUGINFOD_URLS=https://debuginfod.ubuntu.com /usr/bin/cmake --install /home/cuma_karaaslan/ros2_urdf_ws/build/my_robot_description
