[3.243s] Invoking command in '/home/cuma_karaaslan/ros2_urdf_ws/navigation2_tutorials/nav2_gps_waypoint_follower_demo': DEBUGINFOD_URLS=https://debuginfod.ubuntu.com PYTHONPATH=/home/cuma_karaaslan/ros2_urdf_ws/build/nav2_gps_waypoint_follower_demo/prefix_override:/usr/lib/python3/dist-packages/colcon_core/task/python/colcon_distutils_commands:/home/cuma_karaaslan/ros2_urdf_ws/install/nav2_gps_waypoint_follower_demo/lib/python3.12/site-packages:${PYTHONPATH} /usr/bin/python3 -W ignore:setup.py install is deprecated -W ignore:easy_install command is deprecated setup.py egg_info --egg-base ../../build/nav2_gps_waypoint_follower_demo build --build-base /home/cuma_karaaslan/ros2_urdf_ws/build/nav2_gps_waypoint_follower_demo/build install --record /home/cuma_karaaslan/ros2_urdf_ws/build/nav2_gps_waypoint_follower_demo/install.log --single-version-externally-managed install_data
[3.779s] running egg_info
[3.779s] creating ../../build/nav2_gps_waypoint_follower_demo/nav2_gps_waypoint_follower_demo.egg-info
[3.820s] writing ../../build/nav2_gps_waypoint_follower_demo/nav2_gps_waypoint_follower_demo.egg-info/PKG-INFO
[3.820s] writing dependency_links to ../../build/nav2_gps_waypoint_follower_demo/nav2_gps_waypoint_follower_demo.egg-info/dependency_links.txt
[3.820s] writing entry points to ../../build/nav2_gps_waypoint_follower_demo/nav2_gps_waypoint_follower_demo.egg-info/entry_points.txt
[3.821s] writing requirements to ../../build/nav2_gps_waypoint_follower_demo/nav2_gps_waypoint_follower_demo.egg-info/requires.txt
[3.821s] writing top-level names to ../../build/nav2_gps_waypoint_follower_demo/nav2_gps_waypoint_follower_demo.egg-info/top_level.txt
[3.821s] writing manifest file '../../build/nav2_gps_waypoint_follower_demo/nav2_gps_waypoint_follower_demo.egg-info/SOURCES.txt'
[3.904s] reading manifest file '../../build/nav2_gps_waypoint_follower_demo/nav2_gps_waypoint_follower_demo.egg-info/SOURCES.txt'
[3.905s] writing manifest file '../../build/nav2_gps_waypoint_follower_demo/nav2_gps_waypoint_follower_demo.egg-info/SOURCES.txt'
[3.905s] running build
[3.906s] running build_py
[3.906s] creating /home/cuma_karaaslan/ros2_urdf_ws/build/nav2_gps_waypoint_follower_demo/build
[3.906s] creating /home/cuma_karaaslan/ros2_urdf_ws/build/nav2_gps_waypoint_follower_demo/build/lib
[3.906s] creating /home/cuma_karaaslan/ros2_urdf_ws/build/nav2_gps_waypoint_follower_demo/build/lib/nav2_gps_waypoint_follower_demo
[3.907s] copying nav2_gps_waypoint_follower_demo/gps_waypoint_logger.py -> /home/cuma_karaaslan/ros2_urdf_ws/build/nav2_gps_waypoint_follower_demo/build/lib/nav2_gps_waypoint_follower_demo
[3.907s] copying nav2_gps_waypoint_follower_demo/logged_waypoint_follower.py -> /home/cuma_karaaslan/ros2_urdf_ws/build/nav2_gps_waypoint_follower_demo/build/lib/nav2_gps_waypoint_follower_demo
[3.907s] copying nav2_gps_waypoint_follower_demo/interactive_waypoint_follower.py -> /home/cuma_karaaslan/ros2_urdf_ws/build/nav2_gps_waypoint_follower_demo/build/lib/nav2_gps_waypoint_follower_demo
[3.907s] copying nav2_gps_waypoint_follower_demo/__init__.py -> /home/cuma_karaaslan/ros2_urdf_ws/build/nav2_gps_waypoint_follower_demo/build/lib/nav2_gps_waypoint_follower_demo
[3.907s] creating /home/cuma_karaaslan/ros2_urdf_ws/build/nav2_gps_waypoint_follower_demo/build/lib/nav2_gps_waypoint_follower_demo/utils
[3.907s] copying nav2_gps_waypoint_follower_demo/utils/gps_utils.py -> /home/cuma_karaaslan/ros2_urdf_ws/build/nav2_gps_waypoint_follower_demo/build/lib/nav2_gps_waypoint_follower_demo/utils
[3.908s] copying nav2_gps_waypoint_follower_demo/utils/__init__.py -> /home/cuma_karaaslan/ros2_urdf_ws/build/nav2_gps_waypoint_follower_demo/build/lib/nav2_gps_waypoint_follower_demo/utils
[3.908s] running install
[3.920s] running install_lib
[3.959s] creating /home/cuma_karaaslan/ros2_urdf_ws/install/nav2_gps_waypoint_follower_demo/lib/python3.12/site-packages/nav2_gps_waypoint_follower_demo
[3.959s] copying /home/cuma_karaaslan/ros2_urdf_ws/build/nav2_gps_waypoint_follower_demo/build/lib/nav2_gps_waypoint_follower_demo/gps_waypoint_logger.py -> /home/cuma_karaaslan/ros2_urdf_ws/install/nav2_gps_waypoint_follower_demo/lib/python3.12/site-packages/nav2_gps_waypoint_follower_demo
[3.959s] copying /home/cuma_karaaslan/ros2_urdf_ws/build/nav2_gps_waypoint_follower_demo/build/lib/nav2_gps_waypoint_follower_demo/logged_waypoint_follower.py -> /home/cuma_karaaslan/ros2_urdf_ws/install/nav2_gps_waypoint_follower_demo/lib/python3.12/site-packages/nav2_gps_waypoint_follower_demo
[3.959s] copying /home/cuma_karaaslan/ros2_urdf_ws/build/nav2_gps_waypoint_follower_demo/build/lib/nav2_gps_waypoint_follower_demo/interactive_waypoint_follower.py -> /home/cuma_karaaslan/ros2_urdf_ws/install/nav2_gps_waypoint_follower_demo/lib/python3.12/site-packages/nav2_gps_waypoint_follower_demo
[3.959s] creating /home/cuma_karaaslan/ros2_urdf_ws/install/nav2_gps_waypoint_follower_demo/lib/python3.12/site-packages/nav2_gps_waypoint_follower_demo/utils
[3.960s] copying /home/cuma_karaaslan/ros2_urdf_ws/build/nav2_gps_waypoint_follower_demo/build/lib/nav2_gps_waypoint_follower_demo/utils/gps_utils.py -> /home/cuma_karaaslan/ros2_urdf_ws/install/nav2_gps_waypoint_follower_demo/lib/python3.12/site-packages/nav2_gps_waypoint_follower_demo/utils
[3.960s] copying /home/cuma_karaaslan/ros2_urdf_ws/build/nav2_gps_waypoint_follower_demo/build/lib/nav2_gps_waypoint_follower_demo/utils/__init__.py -> /home/cuma_karaaslan/ros2_urdf_ws/install/nav2_gps_waypoint_follower_demo/lib/python3.12/site-packages/nav2_gps_waypoint_follower_demo/utils
[3.960s] copying /home/cuma_karaaslan/ros2_urdf_ws/build/nav2_gps_waypoint_follower_demo/build/lib/nav2_gps_waypoint_follower_demo/__init__.py -> /home/cuma_karaaslan/ros2_urdf_ws/install/nav2_gps_waypoint_follower_demo/lib/python3.12/site-packages/nav2_gps_waypoint_follower_demo
[3.961s] byte-compiling /home/cuma_karaaslan/ros2_urdf_ws/install/nav2_gps_waypoint_follower_demo/lib/python3.12/site-packages/nav2_gps_waypoint_follower_demo/gps_waypoint_logger.py to gps_waypoint_logger.cpython-312.pyc
[3.963s] byte-compiling /home/cuma_karaaslan/ros2_urdf_ws/install/nav2_gps_waypoint_follower_demo/lib/python3.12/site-packages/nav2_gps_waypoint_follower_demo/logged_waypoint_follower.py to logged_waypoint_follower.cpython-312.pyc
[3.965s] byte-compiling /home/cuma_karaaslan/ros2_urdf_ws/install/nav2_gps_waypoint_follower_demo/lib/python3.12/site-packages/nav2_gps_waypoint_follower_demo/interactive_waypoint_follower.py to interactive_waypoint_follower.cpython-312.pyc
[3.965s] byte-compiling /home/cuma_karaaslan/ros2_urdf_ws/install/nav2_gps_waypoint_follower_demo/lib/python3.12/site-packages/nav2_gps_waypoint_follower_demo/utils/gps_utils.py to gps_utils.cpython-312.pyc
[3.966s] byte-compiling /home/cuma_karaaslan/ros2_urdf_ws/install/nav2_gps_waypoint_follower_demo/lib/python3.12/site-packages/nav2_gps_waypoint_follower_demo/utils/__init__.py to __init__.cpython-312.pyc
[3.967s] byte-compiling /home/cuma_karaaslan/ros2_urdf_ws/install/nav2_gps_waypoint_follower_demo/lib/python3.12/site-packages/nav2_gps_waypoint_follower_demo/__init__.py to __init__.cpython-312.pyc
[3.967s] running install_data
[3.967s] creating /home/cuma_karaaslan/ros2_urdf_ws/install/nav2_gps_waypoint_follower_demo/share/ament_index
[3.967s] creating /home/cuma_karaaslan/ros2_urdf_ws/install/nav2_gps_waypoint_follower_demo/share/ament_index/resource_index
[3.967s] creating /home/cuma_karaaslan/ros2_urdf_ws/install/nav2_gps_waypoint_follower_demo/share/ament_index/resource_index/packages
[3.968s] copying resource/nav2_gps_waypoint_follower_demo -> /home/cuma_karaaslan/ros2_urdf_ws/install/nav2_gps_waypoint_follower_demo/share/ament_index/resource_index/packages
[3.968s] copying package.xml -> /home/cuma_karaaslan/ros2_urdf_ws/install/nav2_gps_waypoint_follower_demo/share/nav2_gps_waypoint_follower_demo
[3.968s] creating /home/cuma_karaaslan/ros2_urdf_ws/install/nav2_gps_waypoint_follower_demo/share/nav2_gps_waypoint_follower_demo/launch
[3.968s] copying launch/dual_ekf_navsat.launch.py -> /home/cuma_karaaslan/ros2_urdf_ws/install/nav2_gps_waypoint_follower_demo/share/nav2_gps_waypoint_follower_demo/launch
[3.968s] copying launch/gps_waypoint_follower.launch.py -> /home/cuma_karaaslan/ros2_urdf_ws/install/nav2_gps_waypoint_follower_demo/share/nav2_gps_waypoint_follower_demo/launch
[3.968s] copying launch/gazebo_gps_world.launch.py -> /home/cuma_karaaslan/ros2_urdf_ws/install/nav2_gps_waypoint_follower_demo/share/nav2_gps_waypoint_follower_demo/launch
[3.969s] copying launch/mapviz.launch.py -> /home/cuma_karaaslan/ros2_urdf_ws/install/nav2_gps_waypoint_follower_demo/share/nav2_gps_waypoint_follower_demo/launch
[3.969s] creating /home/cuma_karaaslan/ros2_urdf_ws/install/nav2_gps_waypoint_follower_demo/share/nav2_gps_waypoint_follower_demo/config
[3.969s] copying config/dual_ekf_navsat_params.yaml -> /home/cuma_karaaslan/ros2_urdf_ws/install/nav2_gps_waypoint_follower_demo/share/nav2_gps_waypoint_follower_demo/config
[3.969s] copying config/demo_waypoints.yaml -> /home/cuma_karaaslan/ros2_urdf_ws/install/nav2_gps_waypoint_follower_demo/share/nav2_gps_waypoint_follower_demo/config
[3.969s] copying config/nav2_no_map_params.yaml -> /home/cuma_karaaslan/ros2_urdf_ws/install/nav2_gps_waypoint_follower_demo/share/nav2_gps_waypoint_follower_demo/config
[3.969s] copying config/gps_wpf_demo.mvc -> /home/cuma_karaaslan/ros2_urdf_ws/install/nav2_gps_waypoint_follower_demo/share/nav2_gps_waypoint_follower_demo/config
[3.969s] creating /home/cuma_karaaslan/ros2_urdf_ws/install/nav2_gps_waypoint_follower_demo/share/nav2_gps_waypoint_follower_demo/urdf
[3.969s] creating /home/cuma_karaaslan/ros2_urdf_ws/install/nav2_gps_waypoint_follower_demo/share/nav2_gps_waypoint_follower_demo/worlds
[3.970s] copying worlds/tb3_sonoma_raceway.sdf.xacro -> /home/cuma_karaaslan/ros2_urdf_ws/install/nav2_gps_waypoint_follower_demo/share/nav2_gps_waypoint_follower_demo/worlds
[3.970s] creating /home/cuma_karaaslan/ros2_urdf_ws/install/nav2_gps_waypoint_follower_demo/share/nav2_gps_waypoint_follower_demo/models
[3.970s] creating /home/cuma_karaaslan/ros2_urdf_ws/install/nav2_gps_waypoint_follower_demo/share/nav2_gps_waypoint_follower_demo/models/turtlebot_waffle_gps
[3.970s] running install_egg_info
[4.013s] Copying ../../build/nav2_gps_waypoint_follower_demo/nav2_gps_waypoint_follower_demo.egg-info to /home/cuma_karaaslan/ros2_urdf_ws/install/nav2_gps_waypoint_follower_demo/lib/python3.12/site-packages/nav2_gps_waypoint_follower_demo-0.0.1-py3.12.egg-info
[4.014s] running install_scripts
[4.276s] Installing gps_waypoint_logger script to /home/cuma_karaaslan/ros2_urdf_ws/install/nav2_gps_waypoint_follower_demo/lib/nav2_gps_waypoint_follower_demo
[4.277s] Installing interactive_waypoint_follower script to /home/cuma_karaaslan/ros2_urdf_ws/install/nav2_gps_waypoint_follower_demo/lib/nav2_gps_waypoint_follower_demo
[4.277s] Installing logged_waypoint_follower script to /home/cuma_karaaslan/ros2_urdf_ws/install/nav2_gps_waypoint_follower_demo/lib/nav2_gps_waypoint_follower_demo
[4.277s] writing list of installed files to '/home/cuma_karaaslan/ros2_urdf_ws/build/nav2_gps_waypoint_follower_demo/install.log'
[4.332s] Invoked command in '/home/cuma_karaaslan/ros2_urdf_ws/navigation2_tutorials/nav2_gps_waypoint_follower_demo' returned '0': DEBUGINFOD_URLS=https://debuginfod.ubuntu.com PYTHONPATH=/home/cuma_karaaslan/ros2_urdf_ws/build/nav2_gps_waypoint_follower_demo/prefix_override:/usr/lib/python3/dist-packages/colcon_core/task/python/colcon_distutils_commands:/home/cuma_karaaslan/ros2_urdf_ws/install/nav2_gps_waypoint_follower_demo/lib/python3.12/site-packages:${PYTHONPATH} /usr/bin/python3 -W ignore:setup.py install is deprecated -W ignore:easy_install command is deprecated setup.py egg_info --egg-base ../../build/nav2_gps_waypoint_follower_demo build --build-base /home/cuma_karaaslan/ros2_urdf_ws/build/nav2_gps_waypoint_follower_demo/build install --record /home/cuma_karaaslan/ros2_urdf_ws/build/nav2_gps_waypoint_follower_demo/install.log --single-version-externally-managed install_data
