/home/cuma_karaaslan/ros2_urdf_ws/install/nav2_gps_waypoint_follower_demo/lib/python3.12/site-packages/nav2_gps_waypoint_follower_demo/gps_waypoint_logger.py
/home/cuma_karaaslan/ros2_urdf_ws/install/nav2_gps_waypoint_follower_demo/lib/python3.12/site-packages/nav2_gps_waypoint_follower_demo/logged_waypoint_follower.py
/home/cuma_karaaslan/ros2_urdf_ws/install/nav2_gps_waypoint_follower_demo/lib/python3.12/site-packages/nav2_gps_waypoint_follower_demo/interactive_waypoint_follower.py
/home/cuma_karaaslan/ros2_urdf_ws/install/nav2_gps_waypoint_follower_demo/lib/python3.12/site-packages/nav2_gps_waypoint_follower_demo/__init__.py
/home/cuma_karaaslan/ros2_urdf_ws/install/nav2_gps_waypoint_follower_demo/lib/python3.12/site-packages/nav2_gps_waypoint_follower_demo/utils/gps_utils.py
/home/cuma_karaaslan/ros2_urdf_ws/install/nav2_gps_waypoint_follower_demo/lib/python3.12/site-packages/nav2_gps_waypoint_follower_demo/utils/__init__.py
/home/cuma_karaaslan/ros2_urdf_ws/install/nav2_gps_waypoint_follower_demo/lib/python3.12/site-packages/nav2_gps_waypoint_follower_demo/__pycache__/gps_waypoint_logger.cpython-312.pyc
/home/cuma_karaaslan/ros2_urdf_ws/install/nav2_gps_waypoint_follower_demo/lib/python3.12/site-packages/nav2_gps_waypoint_follower_demo/__pycache__/logged_waypoint_follower.cpython-312.pyc
/home/cuma_karaaslan/ros2_urdf_ws/install/nav2_gps_waypoint_follower_demo/lib/python3.12/site-packages/nav2_gps_waypoint_follower_demo/__pycache__/interactive_waypoint_follower.cpython-312.pyc
/home/cuma_karaaslan/ros2_urdf_ws/install/nav2_gps_waypoint_follower_demo/lib/python3.12/site-packages/nav2_gps_waypoint_follower_demo/__pycache__/__init__.cpython-312.pyc
/home/cuma_karaaslan/ros2_urdf_ws/install/nav2_gps_waypoint_follower_demo/lib/python3.12/site-packages/nav2_gps_waypoint_follower_demo/utils/__pycache__/gps_utils.cpython-312.pyc
/home/cuma_karaaslan/ros2_urdf_ws/install/nav2_gps_waypoint_follower_demo/lib/python3.12/site-packages/nav2_gps_waypoint_follower_demo/utils/__pycache__/__init__.cpython-312.pyc
/home/cuma_karaaslan/ros2_urdf_ws/install/nav2_gps_waypoint_follower_demo/share/ament_index/resource_index/packages/nav2_gps_waypoint_follower_demo
/home/cuma_karaaslan/ros2_urdf_ws/install/nav2_gps_waypoint_follower_demo/share/nav2_gps_waypoint_follower_demo/package.xml
/home/cuma_karaaslan/ros2_urdf_ws/install/nav2_gps_waypoint_follower_demo/share/nav2_gps_waypoint_follower_demo/launch/dual_ekf_navsat.launch.py
/home/cuma_karaaslan/ros2_urdf_ws/install/nav2_gps_waypoint_follower_demo/share/nav2_gps_waypoint_follower_demo/launch/gps_waypoint_follower.launch.py
/home/cuma_karaaslan/ros2_urdf_ws/install/nav2_gps_waypoint_follower_demo/share/nav2_gps_waypoint_follower_demo/launch/gazebo_gps_world.launch.py
/home/cuma_karaaslan/ros2_urdf_ws/install/nav2_gps_waypoint_follower_demo/share/nav2_gps_waypoint_follower_demo/launch/mapviz.launch.py
/home/cuma_karaaslan/ros2_urdf_ws/install/nav2_gps_waypoint_follower_demo/share/nav2_gps_waypoint_follower_demo/config/dual_ekf_navsat_params.yaml
/home/cuma_karaaslan/ros2_urdf_ws/install/nav2_gps_waypoint_follower_demo/share/nav2_gps_waypoint_follower_demo/config/demo_waypoints.yaml
/home/cuma_karaaslan/ros2_urdf_ws/install/nav2_gps_waypoint_follower_demo/share/nav2_gps_waypoint_follower_demo/config/nav2_no_map_params.yaml
/home/cuma_karaaslan/ros2_urdf_ws/install/nav2_gps_waypoint_follower_demo/share/nav2_gps_waypoint_follower_demo/config/gps_wpf_demo.mvc
/home/cuma_karaaslan/ros2_urdf_ws/install/nav2_gps_waypoint_follower_demo/share/nav2_gps_waypoint_follower_demo/urdf
/home/cuma_karaaslan/ros2_urdf_ws/install/nav2_gps_waypoint_follower_demo/share/nav2_gps_waypoint_follower_demo/worlds/tb3_sonoma_raceway.sdf.xacro
/home/cuma_karaaslan/ros2_urdf_ws/install/nav2_gps_waypoint_follower_demo/share/nav2_gps_waypoint_follower_demo/models/turtlebot_waffle_gps
/home/cuma_karaaslan/ros2_urdf_ws/install/nav2_gps_waypoint_follower_demo/lib/python3.12/site-packages/nav2_gps_waypoint_follower_demo-0.0.1-py3.12.egg-info/zip-safe
/home/cuma_karaaslan/ros2_urdf_ws/install/nav2_gps_waypoint_follower_demo/lib/python3.12/site-packages/nav2_gps_waypoint_follower_demo-0.0.1-py3.12.egg-info/dependency_links.txt
/home/cuma_karaaslan/ros2_urdf_ws/install/nav2_gps_waypoint_follower_demo/lib/python3.12/site-packages/nav2_gps_waypoint_follower_demo-0.0.1-py3.12.egg-info/SOURCES.txt
/home/cuma_karaaslan/ros2_urdf_ws/install/nav2_gps_waypoint_follower_demo/lib/python3.12/site-packages/nav2_gps_waypoint_follower_demo-0.0.1-py3.12.egg-info/requires.txt
/home/cuma_karaaslan/ros2_urdf_ws/install/nav2_gps_waypoint_follower_demo/lib/python3.12/site-packages/nav2_gps_waypoint_follower_demo-0.0.1-py3.12.egg-info/top_level.txt
/home/cuma_karaaslan/ros2_urdf_ws/install/nav2_gps_waypoint_follower_demo/lib/python3.12/site-packages/nav2_gps_waypoint_follower_demo-0.0.1-py3.12.egg-info/PKG-INFO
/home/cuma_karaaslan/ros2_urdf_ws/install/nav2_gps_waypoint_follower_demo/lib/python3.12/site-packages/nav2_gps_waypoint_follower_demo-0.0.1-py3.12.egg-info/entry_points.txt
/home/cuma_karaaslan/ros2_urdf_ws/install/nav2_gps_waypoint_follower_demo/lib/nav2_gps_waypoint_follower_demo/gps_waypoint_logger
/home/cuma_karaaslan/ros2_urdf_ws/install/nav2_gps_waypoint_follower_demo/lib/nav2_gps_waypoint_follower_demo/interactive_waypoint_follower
/home/cuma_karaaslan/ros2_urdf_ws/install/nav2_gps_waypoint_follower_demo/lib/nav2_gps_waypoint_follower_demo/logged_waypoint_follower
