[0.435s] Invoking command in '/home/cuma_karaaslan/ros2_urdf_ws/build/nav2_gradient_costmap_plugin': CMAKE_PREFIX_PATH=${CMAKE_PREFIX_PATH}:/opt/ros/jazzy DEBUGINFOD_URLS=https://debuginfod.ubuntu.com /usr/bin/cmake --build /home/cuma_karaaslan/ros2_urdf_ws/build/nav2_gradient_costmap_plugin -- -j12 -l12
[0.820s] [100%] Built target nav2_gradient_costmap_plugin_core
[0.847s] Invoked command in '/home/cuma_karaaslan/ros2_urdf_ws/build/nav2_gradient_costmap_plugin' returned '0': CMAKE_PREFIX_PATH=${CMAKE_PREFIX_PATH}:/opt/ros/jazzy DEBUGINFOD_URLS=https://debuginfod.ubuntu.com /usr/bin/cmake --build /home/cuma_karaaslan/ros2_urdf_ws/build/nav2_gradient_costmap_plugin -- -j12 -l12
[0.849s] Invoking command in '/home/cuma_karaaslan/ros2_urdf_ws/build/nav2_gradient_costmap_plugin': CMAKE_PREFIX_PATH=${CMAKE_PREFIX_PATH}:/opt/ros/jazzy DEBUGINFOD_URLS=https://debuginfod.ubuntu.com /usr/bin/cmake --install /home/cuma_karaaslan/ros2_urdf_ws/build/nav2_gradient_costmap_plugin
[0.906s] -- Install configuration: ""
[0.906s] -- Up-to-date: /home/cuma_karaaslan/ros2_urdf_ws/install/nav2_gradient_costmap_plugin/lib/libnav2_gradient_costmap_plugin_core.so
[0.906s] -- Up-to-date: /home/cuma_karaaslan/ros2_urdf_ws/install/nav2_gradient_costmap_plugin/share/nav2_gradient_costmap_plugin/gradient_layer.xml
[0.906s] -- Up-to-date: /home/cuma_karaaslan/ros2_urdf_ws/install/nav2_gradient_costmap_plugin/share/ament_index/resource_index/package_run_dependencies/nav2_gradient_costmap_plugin
[0.906s] -- Up-to-date: /home/cuma_karaaslan/ros2_urdf_ws/install/nav2_gradient_costmap_plugin/share/ament_index/resource_index/parent_prefix_path/nav2_gradient_costmap_plugin
[0.906s] -- Up-to-date: /home/cuma_karaaslan/ros2_urdf_ws/install/nav2_gradient_costmap_plugin/share/nav2_gradient_costmap_plugin/environment/ament_prefix_path.sh
[0.907s] -- Up-to-date: /home/cuma_karaaslan/ros2_urdf_ws/install/nav2_gradient_costmap_plugin/share/nav2_gradient_costmap_plugin/environment/ament_prefix_path.dsv
[0.907s] -- Up-to-date: /home/cuma_karaaslan/ros2_urdf_ws/install/nav2_gradient_costmap_plugin/share/nav2_gradient_costmap_plugin/environment/path.sh
[0.907s] -- Up-to-date: /home/cuma_karaaslan/ros2_urdf_ws/install/nav2_gradient_costmap_plugin/share/nav2_gradient_costmap_plugin/environment/path.dsv
[0.907s] -- Up-to-date: /home/cuma_karaaslan/ros2_urdf_ws/install/nav2_gradient_costmap_plugin/share/nav2_gradient_costmap_plugin/local_setup.bash
[0.907s] -- Up-to-date: /home/cuma_karaaslan/ros2_urdf_ws/install/nav2_gradient_costmap_plugin/share/nav2_gradient_costmap_plugin/local_setup.sh
[0.907s] -- Up-to-date: /home/cuma_karaaslan/ros2_urdf_ws/install/nav2_gradient_costmap_plugin/share/nav2_gradient_costmap_plugin/local_setup.zsh
[0.907s] -- Up-to-date: /home/cuma_karaaslan/ros2_urdf_ws/install/nav2_gradient_costmap_plugin/share/nav2_gradient_costmap_plugin/local_setup.dsv
[0.907s] -- Installing: /home/cuma_karaaslan/ros2_urdf_ws/install/nav2_gradient_costmap_plugin/share/nav2_gradient_costmap_plugin/package.dsv
[0.907s] -- Up-to-date: /home/cuma_karaaslan/ros2_urdf_ws/install/nav2_gradient_costmap_plugin/share/ament_index/resource_index/packages/nav2_gradient_costmap_plugin
[0.908s] -- Up-to-date: /home/cuma_karaaslan/ros2_urdf_ws/install/nav2_gradient_costmap_plugin/share/ament_index/resource_index/nav2_costmap_2d__pluginlib__plugin/nav2_gradient_costmap_plugin
[0.908s] -- Up-to-date: /home/cuma_karaaslan/ros2_urdf_ws/install/nav2_gradient_costmap_plugin/share/nav2_gradient_costmap_plugin/cmake/nav2_gradient_costmap_pluginConfig.cmake
[0.908s] -- Up-to-date: /home/cuma_karaaslan/ros2_urdf_ws/install/nav2_gradient_costmap_plugin/share/nav2_gradient_costmap_plugin/cmake/nav2_gradient_costmap_pluginConfig-version.cmake
[0.908s] -- Up-to-date: /home/cuma_karaaslan/ros2_urdf_ws/install/nav2_gradient_costmap_plugin/share/nav2_gradient_costmap_plugin/package.xml
[0.992s] Invoked command in '/home/cuma_karaaslan/ros2_urdf_ws/build/nav2_gradient_costmap_plugin' returned '0': CMAKE_PREFIX_PATH=${CMAKE_PREFIX_PATH}:/opt/ros/jazzy DEBUGINFOD_URLS=https://debuginfod.ubuntu.com /usr/bin/cmake --install /home/cuma_karaaslan/ros2_urdf_ws/build/nav2_gradient_costmap_plugin
