/home/cuma_karaaslan/ros2_urdf_ws/install/robot_web_server/lib/python3.12/site-packages/robot_web_server/utils.py
/home/cuma_karaaslan/ros2_urdf_ws/install/robot_web_server/lib/python3.12/site-packages/robot_web_server/task_manager.py
/home/cuma_karaaslan/ros2_urdf_ws/install/robot_web_server/lib/python3.12/site-packages/robot_web_server/path_coverage.py
/home/cuma_karaaslan/ros2_urdf_ws/install/robot_web_server/lib/python3.12/site-packages/robot_web_server/goal_sender.py
/home/cuma_karaaslan/ros2_urdf_ws/install/robot_web_server/lib/python3.12/site-packages/robot_web_server/grid_map_lib.py
/home/cuma_karaaslan/ros2_urdf_ws/install/robot_web_server/lib/python3.12/site-packages/robot_web_server/websocket_server.py
/home/cuma_karaaslan/ros2_urdf_ws/install/robot_web_server/lib/python3.12/site-packages/robot_web_server/__init__.py
/home/cuma_karaaslan/ros2_urdf_ws/install/robot_web_server/lib/python3.12/site-packages/robot_web_server/__pycache__/utils.cpython-312.pyc
/home/cuma_karaaslan/ros2_urdf_ws/install/robot_web_server/lib/python3.12/site-packages/robot_web_server/__pycache__/task_manager.cpython-312.pyc
/home/cuma_karaaslan/ros2_urdf_ws/install/robot_web_server/lib/python3.12/site-packages/robot_web_server/__pycache__/path_coverage.cpython-312.pyc
/home/cuma_karaaslan/ros2_urdf_ws/install/robot_web_server/lib/python3.12/site-packages/robot_web_server/__pycache__/goal_sender.cpython-312.pyc
/home/cuma_karaaslan/ros2_urdf_ws/install/robot_web_server/lib/python3.12/site-packages/robot_web_server/__pycache__/grid_map_lib.cpython-312.pyc
/home/cuma_karaaslan/ros2_urdf_ws/install/robot_web_server/lib/python3.12/site-packages/robot_web_server/__pycache__/websocket_server.cpython-312.pyc
/home/cuma_karaaslan/ros2_urdf_ws/install/robot_web_server/lib/python3.12/site-packages/robot_web_server/__pycache__/__init__.cpython-312.pyc
/home/cuma_karaaslan/ros2_urdf_ws/install/robot_web_server/share/ament_index/resource_index/packages/robot_web_server
/home/cuma_karaaslan/ros2_urdf_ws/install/robot_web_server/share/robot_web_server/package.xml
/home/cuma_karaaslan/ros2_urdf_ws/install/robot_web_server/lib/python3.12/site-packages/robot_web_server-0.0.0-py3.12.egg-info/zip-safe
/home/cuma_karaaslan/ros2_urdf_ws/install/robot_web_server/lib/python3.12/site-packages/robot_web_server-0.0.0-py3.12.egg-info/dependency_links.txt
/home/cuma_karaaslan/ros2_urdf_ws/install/robot_web_server/lib/python3.12/site-packages/robot_web_server-0.0.0-py3.12.egg-info/SOURCES.txt
/home/cuma_karaaslan/ros2_urdf_ws/install/robot_web_server/lib/python3.12/site-packages/robot_web_server-0.0.0-py3.12.egg-info/requires.txt
/home/cuma_karaaslan/ros2_urdf_ws/install/robot_web_server/lib/python3.12/site-packages/robot_web_server-0.0.0-py3.12.egg-info/top_level.txt
/home/cuma_karaaslan/ros2_urdf_ws/install/robot_web_server/lib/python3.12/site-packages/robot_web_server-0.0.0-py3.12.egg-info/PKG-INFO
/home/cuma_karaaslan/ros2_urdf_ws/install/robot_web_server/lib/python3.12/site-packages/robot_web_server-0.0.0-py3.12.egg-info/entry_points.txt
/home/cuma_karaaslan/ros2_urdf_ws/install/robot_web_server/lib/robot_web_server/web_server
